双江拉祜族佤族布朗族傣族自治县
积石山保安族东乡族撒拉族自治县
镇沅彝族哈尼族拉祜族自治县
元江哈尼族彝族傣族自治县
孟连傣族拉祜族佤族自治县
双江拉祜族佤族布朗族傣族
积石山保安族东乡族撒拉族
莫力达瓦达斡尔族自治旗
喀喇沁左翼蒙古族自治县
前郭尔罗斯蒙古族自治县
威宁彝族回族苗族自治县
金平苗族瑶族傣族自治县
塔什库尔干塔吉克自治县
秀山土家族苗族自治县
酉阳土家族苗族自治县
彭水苗族土家族自治县
围场满族蒙古族自治县
杜尔伯特蒙古族自治县
道真仡佬族苗族自治县
务川仡佬族苗族自治县
镇宁布依族苗族自治县
关岭布依族苗族自治县
紫云苗族布依族自治县
印江土家族苗族自治县
宁洱哈尼族彝族自治县
江城哈尼族彝族自治县
贡山独龙族怒族自治县
兰坪白族普米族自治县
阿克塞哈萨克族自治县
和布克赛尔蒙古自治县
镇沅彝族哈尼族拉祜族
达尔罕茂明安联合旗
靖州苗族侗族自治县
连山壮族瑶族自治县
保亭黎族苗族自治县
琼中黎族苗族自治县
禄劝彝族苗族自治县
寻甸回族彝族自治县
新平彝族傣族自治县
景谷傣族彝族自治县
耿马傣族佤族自治县
巍山彝族回族自治县
大通回族土族自治县
民和回族土族自治县
巴里坤哈萨克自治县
察布查尔锡伯自治县
元江哈尼族彝族傣族
孟连傣族拉祜族佤族
梅里斯达斡尔族区
石柱土家族自治县
阜新蒙古族自治县
长白朝鲜族自治县
长阳土家族自治县
五峰土家族自治县
罗城仫佬族自治县
环江毛南族自治县
沿河土家族自治县
玉龙纳西族自治县
墨江哈尼族自治县
澜沧拉祜族自治县
维西傈僳族自治县
张家川回族自治县
肃南裕固族自治县
肃北蒙古族自治县
循化撒拉族自治县
河南蒙古族自治县
木垒哈萨克自治县
金平苗族瑶族傣族
鄂温克族自治旗
察哈尔右翼前旗
青龙满族自治县
丰宁满族自治县
宽城满族自治县
孟村回族自治县
大厂回族自治县
科尔沁左翼中旗
科尔沁左翼后旗
察哈尔右翼中旗
察哈尔右翼后旗
科尔沁右翼前旗
科尔沁右翼中旗
岫岩满族自治县
新宾满族自治县
清原满族自治县
本溪满族自治县
桓仁满族自治县
宽甸满族自治县
伊通满族自治县
景宁畲族自治县
城步苗族自治县
江华瑶族自治县
麻阳苗族自治县
新晃侗族自治县
芷江侗族自治县
通道侗族自治县
乳源瑶族自治县
连南瑶族自治县
融水苗族自治县
三江侗族自治县
龙胜各族自治县
恭城瑶族自治县
隆林各族自治县
富川瑶族自治县
巴马瑶族自治县
都安瑶族自治县
大化瑶族自治县
金秀瑶族自治县
白沙黎族自治县
昌江黎族自治县
乐东黎族自治县
陵水黎族自治县
北川羌族自治县
峨边彝族自治县
马边彝族自治县
木里藏族自治县
玉屏侗族自治县
松桃苗族自治县
三都水族自治县
石林彝族自治县
峨山彝族自治县
宁蒗彝族自治县
景东彝族自治县
西盟佤族自治县
沧源佤族自治县
屏边苗族自治县
河口瑶族自治县
漾濞彝族自治县
南涧彝族自治县
天祝藏族自治县
互助土族自治县
化隆回族自治县
门源回族自治县
焉耆回族自治县
秀山土家族苗族
酉阳土家族苗族
彭水苗族土家族
梅里斯达斡尔族
道真仡佬族苗族
务川仡佬族苗族
镇宁布依族苗族
关岭布依族苗族
紫云苗族布依族
印江土家族苗族
宁洱哈尼族彝族
江城哈尼族彝族
贡山独龙族怒族
兰坪白族普米族
鹰手营子矿区
白云鄂博矿区
阿鲁科尔沁旗
鄂伦春自治旗
新巴尔虎左旗
新巴尔虎右旗
东乌珠穆沁旗
西乌珠穆沁旗
东乡族自治县
圣安多尼堂区
圣方济各堂区
靖州苗族侗族
连山壮族瑶族
保亭黎族苗族
琼中黎族苗族
威宁彝族苗族
禄劝彝族苗族
新平彝族傣族
景谷傣族彝族
耿马傣族佤族
察布查尔锡伯
莫力达瓦达
前郭尔罗斯
塔什库尔干
和布克赛尔
土默特左旗
和林格尔县
土默特右旗
克什克腾旗
霍林郭勒市
鄂托克前旗
伊金霍洛旗
陈巴尔虎旗
额尔古纳市
乌拉特前旗
乌拉特中旗
乌拉特后旗
乌兰浩特市
二连浩特市
锡林浩特市
苏尼特左旗
苏尼特右旗
阿拉善左旗
阿拉善右旗
富拉尔基区
五大连池市
加格达奇区
管城回族区
顺河回族区
瀍河回族区
神农架林区
平桂管理区
香格里拉县
堆龙德庆县
墨竹工卡县
工布江达县
沙依巴克区
乌鲁木齐县
克拉玛依区
吉木萨尔县
图木舒克市
花地玛堂区
石柱土家族
鹰手营子矿
白云鄂博矿
喀喇沁左翼
长白朝鲜族
长阳土家族
五峰土家族
罗城仫佬族
环江毛南族
沿河土家族
玉龙纳西族
墨江哈尼族
澜沧拉祜族
维西傈僳族
肃南裕固族
循化撒拉族
圣安多尼堂
圣方济各堂
杜尔伯特
察布查尔
石景山区
门头沟区
滨海新区
浦东新区
大渡口区
沙坪坝区
九龙坡区
井陉矿区
曹妃甸区
山海关区
北戴河区
峰峰矿区
高碑店市
下花园区
杏花岭区
尖草坪区
万柏林区
托克托县
清水河县
昆都仑区
海勃湾区
元宝山区
巴林左旗
巴林右旗
翁牛特旗
喀喇沁旗
科尔沁区
扎鲁特旗
达拉特旗
准格尔旗
鄂托克旗
海拉尔区
满洲里市
牙克石市
扎兰屯市
杭锦后旗
四子王旗
阿尔山市
扎赉特旗
阿巴嘎旗
太仆寺旗
正镶白旗
额济纳旗
苏家屯区
沈北新区
沙河口区
甘井子区
旅顺口区
瓦房店市
普兰店市
鲅鱼圈区
大石桥市
清河门区
弓长岭区
太子河区
双台子区
兴隆台区
调兵山市
公主岭市
二道江区
梅河口市
昂昂溪区
碾子山区
城子河区
四方台区
萨尔图区
让胡路区
金山屯区
乌马河区
汤旺河区
乌伊岭区
上甘岭区
茄子河区
绥芬河市
雨花台区
戚墅堰区
张家港市
龙子湖区
田家庵区
谢家集区
八公山区
铜官山区
狮子山区
武夷山市
青云谱区
青山湖区
共青城市
井冈山市
台儿庄区
东昌府区
禹王台区
东西湖区
黄石港区
西塞山区
丹江口市
伍家岗区
老河口市
梁子湖区
岳阳楼区
武陵源区
冷水滩区
冷水江市
西乡塘区
铁山港区
金城江区
西沙群岛
南沙群岛
中沙群岛
五指山市
龙泉驿区
青白江区
都江堰市
自流井区
龙马潭区
五通桥区
金口河区
峨眉山市
九寨沟县
马尔康县
若尔盖县
六枝特区
红花岗区
七星关区
麻栗坡县
类乌齐县
浪卡子县
日喀则市
南木林县
谢通门县
聂拉木县
七里河区
嘉峪关市
曲麻莱县
格尔木市
德令哈市
大武口区
红寺堡区
青铜峡市
沙坡头区
水磨沟区
头屯河区
达坂城区
独山子区
白碱滩区
乌尔禾区
吐鲁番市
托克逊县
呼图壁县
玛纳斯县
库尔勒市
阿克苏市
阿瓦提县
阿图什市
阿克陶县
阿合奇县
英吉沙县
麦盖提县
岳普湖县
特克斯县
尼勒克县
阿勒泰市
布尔津县
哈巴河县
吉木乃县
石河子市
阿拉尔市
五家渠市
油尖旺区
深水埗区
九龙城区
黄大仙区
望德堂区
风顺堂区
嘉模堂区
和林格尔
霍林郭勒
额尔古纳
乌兰浩特
二连浩特
锡林浩特
富拉尔基
五大连池
加格达奇
景宁畲族
神农架林
城步苗族
江华瑶族
麻阳苗族
新晃侗族
芷江侗族
通道侗族
乳源瑶族
连南瑶族
融水苗族
三江侗族
龙胜各族
恭城瑶族
隆林各族
平桂管理
富川瑶族
巴马瑶族
都安瑶族
大化瑶族
金秀瑶族
白沙黎族
昌江黎族
乐东黎族
陵水黎族
北川羌族
峨边彝族
马边彝族
木里藏族
玉屏侗族
松桃苗族
三都水族
石林彝族
寻甸彝族
峨山彝族
宁蒗彝族
景东彝族
西盟佤族
沧源佤族
屏边苗族
河口瑶族
漾濞彝族
南涧彝族
巍山彝族
香格里拉
堆龙德庆
墨竹工卡
工布江达
天祝藏族
阿克塞族
大通土族
民和土族
互助土族
沙依巴克
乌鲁木齐
克拉玛依
吉木萨尔
图木舒克
花地玛堂
积石山
喀喇沁
阿克塞
巴里坤
石柱土
阜新蒙
长白朝
长阳土
五峰土
罗城仫
环江毛
沿河土
玉龙纳
墨江哈
澜沧拉
维西傈
张家川
肃南裕
肃北蒙
循化撒
河南蒙
科尔沁
东城区
西城区
朝阳区
丰台区
海淀区
房山区
通州区
顺义区
昌平区
大兴区
怀柔区
平谷区
密云县
延庆县
和平区
河东区
河西区
南开区
河北区
红桥区
东丽区
西青区
津南区
北辰区
武清区
宝坻区
宁河县
静海县
黄浦区
徐汇区
长宁区
静安区
普陀区
闸北区
虹口区
杨浦区
闵行区
宝山区
嘉定区
金山区
松江区
青浦区
奉贤区
崇明县
万州区
涪陵区
渝中区
江北区
南岸区
北碚区
綦江区
大足区
渝北区
巴南区
黔江区
长寿区
江津区
合川区
永川区
南川区
潼南县
铜梁县
荣昌县
璧山县
梁平县
城口县
丰都县
垫江县
武隆县
云阳县
奉节县
巫山县
巫溪县
长安区
桥东区
桥西区
新华区
裕华区
井陉县
正定县
栾城县
行唐县
灵寿县
高邑县
深泽县
赞皇县
无极县
平山县
元氏县
辛集市
藁城市
晋州市
新乐市
鹿泉市
路南区
路北区
古冶区
开平区
丰南区
丰润区
滦南县
乐亭县
迁西县
玉田县
遵化市
迁安市
海港区
昌黎县
抚宁县
卢龙县
邯山区
丛台区
复兴区
邯郸县
临漳县
成安县
大名县
肥乡县
永年县
鸡泽县
广平县
馆陶县
曲周县
武安市
邢台县
临城县
内丘县
柏乡县
隆尧县
南和县
宁晋县
巨鹿县
新河县
广宗县
平乡县
清河县
临西县
南宫市
沙河市
新市区
北市区
南市区
满城县
清苑县
涞水县
阜平县
徐水县
定兴县
高阳县
容城县
涞源县
望都县
安新县
曲阳县
顺平县
博野县
涿州市
定州市
安国市
宣化区
宣化县
张北县
康保县
沽源县
尚义县
阳原县
怀安县
万全县
怀来县
涿鹿县
赤城县
崇礼县
双桥区
双滦区
承德县
兴隆县
平泉县
滦平县
隆化县
运河区
东光县
海兴县
盐山县
肃宁县
南皮县
吴桥县
泊头市
任丘市
黄骅市
河间市
安次区
广阳区
固安县
永清县
香河县
大城县
文安县
霸州市
三河市
桃城区
枣强县
武邑县
武强县
饶阳县
安平县
故城县
阜城县
冀州市
深州市
小店区
迎泽区
晋源区
清徐县
阳曲县
娄烦县
古交市
南郊区
新荣区
阳高县
天镇县
广灵县
灵丘县
浑源县
左云县
大同县
平定县
长治县
襄垣县
屯留县
平顺县
黎城县
壶关县
长子县
武乡县
沁源县
潞城市
沁水县
阳城县
陵川县
泽州县
高平市
朔城区
平鲁区
山阴县
右玉县
怀仁县
榆次区
榆社县
左权县
和顺县
昔阳县
寿阳县
太谷县
平遥县
灵石县
介休市
盐湖区
临猗县
万荣县
闻喜县
稷山县
新绛县
垣曲县
平陆县
芮城县
永济市
河津市
忻府区
定襄县
五台县
繁峙县
宁武县
静乐县
神池县
五寨县
岢岚县
河曲县
保德县
偏关县
原平市
尧都区
曲沃县
翼城县
襄汾县
洪洞县
安泽县
浮山县
乡宁县
大宁县
永和县
汾西县
侯马市
霍州市
离石区
文水县
交城县
柳林县
石楼县
方山县
中阳县
交口县
孝义市
汾阳市
新城区
回民区
玉泉区
赛罕区
武川县
东河区
青山区
石拐区
九原区
固阳县
海南区
乌达区
红山区
松山区
林西县
宁城县
敖汉旗
开鲁县
库伦旗
奈曼旗
东胜区
杭锦旗
乌审旗
阿荣旗
根河市
临河区
五原县
磴口县
集宁区
卓资县
化德县
商都县
兴和县
凉城县
丰镇市
突泉县
镶黄旗
正蓝旗
多伦县
沈河区
大东区
皇姑区
铁西区
东陵区
于洪区
辽中县
康平县
法库县
新民市
中山区
西岗区
金州区
长海县
庄河市
铁东区
立山区
千山区
台安县
海城市
新抚区
东洲区
望花区
顺城区
抚顺县
平山区
溪湖区
明山区
南芬区
元宝区
振兴区
振安区
东港市
凤城市
古塔区
凌河区
太和区
黑山县
凌海市
北镇市
站前区
西市区
老边区
盖州市
海州区
新邱区
太平区
细河区
彰武县
白塔区
文圣区
宏伟区
辽阳县
灯塔市
大洼县
盘山县
银州区
清河区
铁岭县
西丰县
昌图县
开原市
双塔区
龙城区
朝阳县
建平县
北票市
凌源市
连山区
龙港区
南票区
绥中县
建昌县
兴城市
南关区
宽城区
二道区
绿园区
双阳区
农安县
九台市
榆树市
德惠市
昌邑区
龙潭区
船营区
丰满区
永吉县
蛟河市
桦甸市
舒兰市
磐石市
梨树县
双辽市
龙山区
西安区
东丰县
东辽县
东昌区
通化县
辉南县
柳河县
集安市
浑江区
江源区
抚松县
靖宇县
临江市
宁江区
长岭县
乾安县
扶余县
洮北区
镇赉县
通榆县
洮南市
大安市
延吉市
图们市
敦化市
珲春市
龙井市
和龙市
汪清县
安图县
道里区
南岗区
道外区
平房区
松北区
香坊区
呼兰区
阿城区
依兰县
方正县
巴彦县
木兰县
通河县
延寿县
双城市
尚志市
五常市
龙沙区
建华区
铁锋区
龙江县
依安县
泰来县
甘南县
富裕县
克山县
克东县
拜泉县
讷河市
鸡冠区
恒山区
滴道区
梨树区
麻山区
鸡东县
虎林市
密山市
向阳区
工农区
南山区
兴安区
东山区
兴山区
萝北县
绥滨县
尖山区
岭东区
集贤县
友谊县
宝清县
饶河县
龙凤区
红岗区
大同区
肇州县
肇源县
林甸县
伊春区
南岔区
友好区
西林区
翠峦区
新青区
美溪区
五营区
带岭区
红星区
嘉荫县
铁力市
前进区
东风区
桦南县
桦川县
汤原县
抚远县
同江市
富锦市
新兴区
桃山区
勃利县
东安区
阳明区
爱民区
东宁县
林口县
海林市
宁安市
穆棱市
爱辉区
嫩江县
逊克县
孙吴县
北安市
北林区
望奎县
兰西县
青冈县
庆安县
明水县
绥棱县
安达市
肇东市
海伦市
松岭区
新林区
呼中区
呼玛县
塔河县
漠河县
玄武区
白下区
秦淮区
建邺区
鼓楼区
下关区
浦口区
栖霞区
江宁区
六合区
溧水县
高淳县
崇安区
南长区
北塘区
锡山区
惠山区
滨湖区
江阴市
宜兴市
云龙区
贾汪区
泉山区
铜山区
睢宁县
新沂市
邳州市
天宁区
钟楼区
新北区
武进区
溧阳市
金坛市
姑苏区
虎丘区
吴中区
相城区
常熟市
昆山市
吴江区
太仓市
崇川区
港闸区
海安县
如东县
启东市
如皋市
海门市
连云区
新浦区
赣榆县
东海县
灌云县
灌南县
淮安区
淮阴区
涟水县
洪泽县
盱眙县
金湖县
亭湖区
盐都区
响水县
滨海县
阜宁县
射阳县
建湖县
东台市
大丰市
广陵区
邗江区
宝应县
仪征市
高邮市
江都市
京口区
润州区
丹徒区
丹阳市
扬中市
句容市
海陵区
高港区
兴化市
靖江市
泰兴市
姜堰市
宿城区
宿豫区
沭阳县
泗阳县
泗洪县
上城区
下城区
江干区
拱墅区
西湖区
滨江区
萧山区
余杭区
桐庐县
淳安县
建德市
富阳市
临安市
海曙区
江东区
北仑区
镇海区
鄞州区
象山县
宁海县
余姚市
慈溪市
奉化市
鹿城区
龙湾区
瓯海区
洞头县
永嘉县
平阳县
苍南县
文成县
泰顺县
瑞安市
乐清市
南湖区
秀洲区
嘉善县
海盐县
海宁市
平湖市
桐乡市
吴兴区
南浔区
德清县
长兴县
安吉县
越城区
绍兴县
新昌县
诸暨市
上虞市
嵊州市
婺城区
金东区
武义县
浦江县
磐安县
兰溪市
义乌市
东阳市
永康市
柯城区
衢江区
常山县
开化县
龙游县
江山市
定海区
岱山县
嵊泗县
椒江区
黄岩区
路桥区
玉环县
三门县
天台县
仙居县
温岭市
临海市
莲都区
青田县
缙云县
遂昌县
松阳县
云和县
庆元县
龙泉市
瑶海区
庐阳区
蜀山区
包河区
长丰县
肥东县
肥西县
庐江县
巢湖市
镜湖区
弋江区
鸠江区
三山区
芜湖县
繁昌县
南陵县
无为县
蚌山区
禹会区
淮上区
怀远县
五河县
固镇县
大通区
潘集区
凤台县
花山区
雨山区
当涂县
含山县
博望区
杜集区
相山区
烈山区
濉溪县
铜陵县
迎江区
大观区
宜秀区
怀宁县
枞阳县
潜山县
太湖县
宿松县
望江县
岳西县
桐城市
屯溪区
黄山区
徽州区
休宁县
祁门县
琅琊区
南谯区
来安县
全椒县
定远县
凤阳县
天长市
明光市
颍州区
颍东区
颍泉区
临泉县
太和县
阜南县
颍上县
界首市
埇桥区
砀山县
灵璧县
金安区
裕安区
霍邱县
舒城县
金寨县
霍山县
谯城区
涡阳县
蒙城县
利辛县
贵池区
东至县
石台县
青阳县
宣州区
郎溪县
广德县
绩溪县
旌德县
宁国市
台江区
仓山区
马尾区
晋安区
闽侯县
连江县
罗源县
闽清县
永泰县
平潭县
福清市
长乐市
思明区
海沧区
湖里区
集美区
同安区
翔安区
城厢区
涵江区
荔城区
秀屿区
仙游县
梅列区
三元区
明溪县
清流县
宁化县
大田县
尤溪县
将乐县
泰宁县
建宁县
永安市
鲤城区
丰泽区
洛江区
泉港区
惠安县
安溪县
永春县
德化县
金门县
石狮市
晋江市
南安市
芗城区
龙文区
云霄县
漳浦县
诏安县
长泰县
东山县
南靖县
平和县
华安县
龙海市
延平区
顺昌县
浦城县
光泽县
松溪县
政和县
邵武市
建瓯市
建阳市
新罗区
长汀县
永定县
上杭县
武平县
连城县
漳平市
蕉城区
霞浦县
古田县
屏南县
寿宁县
周宁县
柘荣县
福安市
福鼎市
东湖区
湾里区
南昌县
新建县
安义县
进贤县
昌江区
珠山区
浮梁县
乐平市
安源区
湘东区
莲花县
上栗县
芦溪县
庐山区
浔阳区
九江县
武宁县
修水县
永修县
德安县
星子县
都昌县
湖口县
彭泽县
瑞昌市
渝水区
分宜县
月湖区
余江县
贵溪市
章贡区
信丰县
大余县
上犹县
崇义县
安远县
龙南县
定南县
全南县
宁都县
于都县
兴国县
会昌县
寻乌县
石城县
瑞金市
南康市
吉州区
青原区
吉安县
吉水县
峡江县
新干县
永丰县
泰和县
遂川县
万安县
安福县
永新县
袁州区
奉新县
万载县
上高县
宜丰县
靖安县
铜鼓县
丰城市
樟树市
高安市
临川区
南城县
黎川县
南丰县
崇仁县
乐安县
宜黄县
金溪县
资溪县
东乡县
广昌县
信州区
上饶县
广丰县
玉山县
铅山县
横峰县
弋阳县
余干县
鄱阳县
万年县
婺源县
德兴市
历下区
市中区
槐荫区
天桥区
历城区
长清区
平阴县
济阳县
商河县
章丘市
市南区
市北区
四方区
黄岛区
崂山区
李沧区
城阳区
胶州市
即墨市
平度市
胶南市
莱西市
淄川区
张店区
博山区
临淄区
周村区
桓台县
高青县
沂源县
薛城区
峄城区
山亭区
滕州市
东营区
河口区
垦利县
利津县
广饶县
芝罘区
福山区
牟平区
莱山区
长岛县
龙口市
莱阳市
莱州市
蓬莱市
招远市
栖霞市
海阳市
潍城区
寒亭区
坊子区
奎文区
临朐县
昌乐县
青州市
诸城市
寿光市
安丘市
高密市
昌邑市
任城区
微山县
鱼台县
金乡县
嘉祥县
汶上县
泗水县
梁山县
曲阜市
兖州市
邹城市
泰山区
岱岳区
宁阳县
东平县
新泰市
肥城市
环翠区
文登市
荣成市
乳山市
东港区
岚山区
五莲县
莱城区
钢城区
兰山区
罗庄区
沂南县
郯城县
沂水县
苍山县
平邑县
莒南县
蒙阴县
临沭县
德城区
宁津县
庆云县
临邑县
齐河县
平原县
夏津县
武城县
乐陵市
禹城市
阳谷县
茌平县
东阿县
高唐县
临清市
滨城区
惠民县
阳信县
无棣县
沾化县
博兴县
邹平县
牡丹区
成武县
巨野县
郓城县
鄄城县
定陶县
东明县
中原区
二七区
金水区
上街区
惠济区
中牟县
巩义市
荥阳市
新密市
新郑市
登封市
龙亭区
金明区
通许县
尉氏县
开封县
兰考县
老城区
西工区
涧西区
吉利区
洛龙区
孟津县
新安县
栾川县
汝阳县
宜阳县
洛宁县
伊川县
偃师市
卫东区
石龙区
湛河区
宝丰县
鲁山县
舞钢市
汝州市
文峰区
北关区
殷都区
龙安区
安阳县
汤阴县
内黄县
林州市
鹤山区
山城区
淇滨区
红旗区
卫滨区
凤泉区
牧野区
新乡县
获嘉县
原阳县
延津县
封丘县
长垣县
卫辉市
辉县市
解放区
中站区
马村区
山阳区
修武县
博爱县
武陟县
沁阳市
孟州市
华龙区
清丰县
南乐县
台前县
濮阳县
魏都区
许昌县
鄢陵县
襄城县
禹州市
长葛市
源汇区
郾城区
召陵区
舞阳县
临颍县
湖滨区
渑池县
卢氏县
义马市
灵宝市
宛城区
卧龙区
南召县
方城县
西峡县
镇平县
内乡县
淅川县
社旗县
唐河县
新野县
桐柏县
邓州市
梁园区
睢阳区
民权县
宁陵县
柘城县
虞城县
夏邑县
永城市
浉河区
平桥区
罗山县
光山县
商城县
固始县
潢川县
淮滨县
川汇区
扶沟县
西华县
商水县
沈丘县
郸城县
淮阳县
太康县
鹿邑县
项城市
驿城区
西平县
上蔡县
平舆县
正阳县
确山县
泌阳县
汝南县
遂平县
新蔡县
济源市
江岸区
江汉区
硚口区
汉阳区
武昌区
洪山区
汉南区
蔡甸区
江夏区
黄陂区
新洲区
下陆区
铁山区
阳新县
大冶市
茅箭区
张湾区
郧西县
竹山县
竹溪县
西陵区
点军区
猇亭区
夷陵区
远安县
兴山县
秭归县
宜都市
当阳市
枝江市
襄城区
樊城区
襄州区
南漳县
谷城县
保康县
枣阳市
宜城市
华容区
鄂城区
东宝区
掇刀区
京山县
沙洋县
钟祥市
孝南区
孝昌县
大悟县
云梦县
应城市
安陆市
汉川市
沙市区
荆州区
公安县
监利县
江陵县
石首市
洪湖市
松滋市
黄州区
团风县
红安县
罗田县
英山县
浠水县
蕲春县
黄梅县
麻城市
武穴市
咸安区
嘉鱼县
通城县
崇阳县
通山县
赤壁市
曾都区
广水市
恩施市
利川市
建始县
巴东县
宣恩县
咸丰县
来凤县
鹤峰县
仙桃市
潜江市
天门市
芙蓉区
天心区
岳麓区
开福区
雨花区
望城区
长沙县
宁乡县
浏阳市
荷塘区
芦淞区
石峰区
天元区
株洲县
茶陵县
炎陵县
醴陵市
雨湖区
岳塘区
湘潭县
湘乡市
韶山市
珠晖区
雁峰区
石鼓区
蒸湘区
南岳区
衡阳县
衡南县
衡山县
衡东县
祁东县
耒阳市
常宁市
双清区
大祥区
北塔区
邵东县
新邵县
邵阳县
隆回县
洞口县
绥宁县
新宁县
武冈市
云溪区
君山区
岳阳县
华容县
湘阴县
平江县
汨罗市
临湘市
武陵区
鼎城区
安乡县
汉寿县
临澧县
桃源县
石门县
津市市
永定区
慈利县
桑植县
资阳区
赫山区
桃江县
安化县
沅江市
北湖区
苏仙区
桂阳县
宜章县
永兴县
嘉禾县
临武县
汝城县
桂东县
安仁县
资兴市
零陵区
祁阳县
东安县
双牌县
江永县
宁远县
蓝山县
新田县
鹤城区
中方县
沅陵县
辰溪县
溆浦县
会同县
洪江市
娄星区
双峰县
新化县
涟源市
吉首市
泸溪县
凤凰县
花垣县
保靖县
古丈县
永顺县
龙山县
荔湾区
越秀区
海珠区
天河区
白云区
黄埔区
番禺区
花都区
南沙区
萝岗区
增城市
从化市
武江区
浈江区
曲江区
始兴县
仁化县
翁源县
新丰县
乐昌市
南雄市
罗湖区
福田区
宝安区
龙岗区
盐田区
香洲区
斗门区
金湾区
龙湖区
金平区
濠江区
潮阳区
潮南区
澄海区
南澳县
禅城区
南海区
顺德区
三水区
高明区
蓬江区
江海区
新会区
台山市
开平市
鹤山市
恩平市
赤坎区
霞山区
坡头区
麻章区
遂溪县
徐闻县
廉江市
雷州市
吴川市
茂南区
茂港区
电白县
高州市
化州市
信宜市
端州区
鼎湖区
广宁县
怀集县
封开县
德庆县
高要市
四会市
惠城区
惠阳区
博罗县
惠东县
龙门县
梅江区
大埔县
丰顺县
五华县
平远县
蕉岭县
兴宁市
海丰县
陆河县
陆丰市
源城区
紫金县
龙川县
连平县
和平县
东源县
江城区
阳西县
阳东县
阳春市
清城区
佛冈县
阳山县
清新县
英德市
连州市
东莞市
中山市
湘桥区
潮安县
饶平县
榕城区
揭东县
揭西县
惠来县
普宁市
云城区
新兴县
郁南县
云安县
罗定市
兴宁区
青秀区
江南区
良庆区
邕宁区
武鸣县
隆安县
马山县
上林县
宾阳县
城中区
鱼峰区
柳南区
柳北区
柳江县
柳城县
鹿寨县
融安县
秀峰区
叠彩区
象山区
七星区
雁山区
阳朔县
临桂县
灵川县
全州县
兴安县
永福县
灌阳县
资源县
平乐县
荔蒲县
万秀区
蝶山区
长洲区
苍梧县
蒙山县
岑溪市
海城区
银海区
合浦县
港口区
防城区
上思县
东兴市
钦南区
钦北区
灵山县
浦北县
港北区
港南区
覃塘区
平南县
桂平市
玉州区
陆川县
博白县
兴业县
北流市
右江区
田阳县
田东县
平果县
德保县
靖西县
那坡县
凌云县
乐业县
田林县
西林县
八步区
昭平县
钟山县
南丹县
天峨县
凤山县
东兰县
宜州市
兴宾区
忻城县
象州县
武宣县
合山市
江洲区
扶绥县
宁明县
龙州县
大新县
天等县
凭祥市
秀英区
龙华区
琼山区
美兰区
三亚市
琼海市
儋州市
文昌市
万宁市
东方市
定安县
屯昌县
澄迈县
临高县
锦江区
青羊区
金牛区
武侯区
成华区
新都区
温江区
金堂县
双流县
大邑县
蒲江县
新津县
彭州市
邛崃市
崇州市
贡井区
大安区
沿滩区
富顺县
仁和区
米易县
盐边县
江阳区
纳溪区
合江县
叙永县
古蔺县
旌阳区
中江县
罗江县
广汉市
什邡市
绵竹市
涪城区
游仙区
三台县
盐亭县
梓潼县
平武县
江油市
利州区
元坝区
朝天区
旺苍县
青川县
剑阁县
苍溪县
船山区
安居区
蓬溪县
射洪县
大英县
东兴区
威远县
资中县
隆昌县
沙湾区
犍为县
井研县
夹江县
沐川县
顺庆区
高坪区
嘉陵区
南部县
营山县
蓬安县
仪陇县
西充县
阆中市
东坡区
仁寿县
彭山县
洪雅县
丹棱县
青神县
翠屏区
宜宾县
南溪区
江安县
长宁县
筠连县
兴文县
屏山县
广安区
岳池县
武胜县
邻水县
华蓥市
通川区
宣汉县
开江县
大竹县
万源市
雨城区
名山县
荥经县
汉源县
石棉县
天全县
芦山县
宝兴县
巴州区
通江县
南江县
平昌县
雁江区
安岳县
乐至县
简阳市
汶川县
松潘县
金川县
小金县
黑水县
壤塘县
阿坝县
红原县
康定县
泸定县
丹巴县
九龙县
雅江县
道孚县
炉霍县
甘孜县
新龙县
德格县
白玉县
石渠县
色达县
理塘县
巴塘县
乡城县
稻城县
得荣县
西昌市
盐源县
德昌县
会理县
会东县
宁南县
普格县
布拖县
金阳县
昭觉县
喜德县
冕宁县
越西县
甘洛县
美姑县
雷波县
南明区
云岩区
花溪区
乌当区
小河区
开阳县
息烽县
修文县
清镇市
钟山区
水城县
汇川区
遵义县
桐梓县
绥阳县
正安县
凤冈县
湄潭县
余庆县
习水县
赤水市
仁怀市
西秀区
平坝县
普定县
大方县
黔西县
金沙县
织金县
纳雍县
赫章县
碧江区
万山区
江口县
石阡县
思南县
德江县
兴义市
兴仁县
普安县
晴隆县
贞丰县
望谟县
册亨县
安龙县
凯里市
黄平县
施秉县
三穗县
镇远县
岑巩县
天柱县
锦屏县
剑河县
台江县
黎平县
榕江县
从江县
雷山县
麻江县
丹寨县
都匀市
福泉市
荔波县
贵定县
瓮安县
独山县
平塘县
罗甸县
长顺县
龙里县
惠水县
五华区
盘龙区
官渡区
西山区
东川区
呈贡区
晋宁县
富民县
宜良县
嵩明县
安宁市
麒麟区
马龙县
陆良县
师宗县
罗平县
富源县
会泽县
沾益县
宣威市
红塔区
江川县
澄江县
通海县
华宁县
易门县
隆阳区
施甸县
腾冲县
龙陵县
昌宁县
昭阳区
鲁甸县
巧家县
盐津县
大关县
永善县
绥江县
镇雄县
彝良县
威信县
水富县
古城区
永胜县
华坪县
思茅区
临翔区
凤庆县
永德县
镇康县
楚雄市
双柏县
牟定县
南华县
姚安县
大姚县
永仁县
元谋县
武定县
禄丰县
个旧市
开远市
蒙自市
建水县
石屏县
弥勒县
泸西县
元阳县
红河县
绿春县
文山市
砚山县
西畴县
马关县
丘北县
广南县
富宁县
景洪市
勐海县
勐腊县
大理市
祥云县
宾川县
弥渡县
永平县
云龙县
洱源县
剑川县
鹤庆县
瑞丽市
梁河县
盈江县
陇川县
泸水县
福贡县
德钦县
城关区
林周县
当雄县
尼木县
曲水县
达孜县
昌都县
江达县
贡觉县
丁青县
察雅县
八宿县
左贡县
芒康县
洛隆县
边坝县
乃东县
扎囊县
贡嘎县
桑日县
琼结县
曲松县
措美县
洛扎县
加查县
隆子县
错那县
江孜县
定日县
萨迦县
拉孜县
昂仁县
白朗县
仁布县
康马县
定结县
仲巴县
亚东县
吉隆县
萨嘎县
岗巴县
那曲县
嘉黎县
比如县
聂荣县
安多县
申扎县
班戈县
巴青县
尼玛县
普兰县
札达县
噶尔县
日土县
革吉县
改则县
措勤县
林芝县
米林县
墨脱县
波密县
察隅县
碑林区
莲湖区
灞桥区
未央区
雁塔区
阎良区
临潼区
蓝田县
周至县
高陵县
王益区
印台区
耀州区
宜君县
渭滨区
金台区
陈仓区
凤翔县
岐山县
扶风县
千阳县
麟游县
太白县
秦都区
杨陵区
渭城区
三原县
泾阳县
礼泉县
永寿县
长武县
旬邑县
淳化县
武功县
兴平市
临渭区
潼关县
大荔县
合阳县
澄城县
蒲城县
白水县
富平县
韩城市
华阴市
宝塔区
延长县
延川县
子长县
安塞县
志丹县
吴起县
甘泉县
洛川县
宜川县
黄龙县
黄陵县
汉台区
南郑县
城固县
西乡县
宁强县
略阳县
镇巴县
留坝县
佛坪县
榆阳区
神木县
府谷县
横山县
靖边县
定边县
绥德县
米脂县
吴堡县
清涧县
子洲县
汉滨区
汉阴县
石泉县
宁陕县
紫阳县
岚皋县
平利县
镇坪县
旬阳县
白河县
商州区
洛南县
丹凤县
商南县
山阳县
镇安县
柞水县
西固区
安宁区
红古区
永登县
皋兰县
榆中县
金川区
永昌县
白银区
平川区
靖远县
会宁县
景泰县
秦州区
麦积区
清水县
秦安县
甘谷县
武山县
凉州区
民勤县
古浪县
甘州区
民乐县
临泽县
高台县
山丹县
崆峒区
泾川县
灵台县
崇信县
华亭县
庄浪县
静宁县
肃州区
金塔县
瓜州县
玉门市
敦煌市
西峰区
庆城县
华池县
合水县
正宁县
镇原县
安定区
通渭县
陇西县
渭源县
临洮县
武都区
宕昌县
西和县
两当县
临夏市
临夏县
康乐县
永靖县
广河县
和政县
合作市
临潭县
卓尼县
舟曲县
迭部县
玛曲县
碌曲县
夏河县
城东区
城西区
城北区
湟中县
湟源县
平安县
乐都县
祁连县
海晏县
刚察县
同仁县
尖扎县
泽库县
共和县
同德县
贵德县
兴海县
贵南县
玛沁县
班玛县
甘德县
达日县
久治县
玛多县
玉树县
杂多县
称多县
治多县
囊谦县
乌兰县
都兰县
天峻县
兴庆区
西夏区
金凤区
永宁县
贺兰县
灵武市
惠农区
平罗县
利通区
盐池县
同心县
原州区
西吉县
隆德县
泾源县
彭阳县
中宁县
海原县
天山区
米东区
鄯善县
哈密市
伊吾县
昌吉市
阜康市
奇台县
博乐市
精河县
温泉县
轮台县
尉犁县
若羌县
且末县
和静县
和硕县
博湖县
温宿县
库车县
沙雅县
新和县
拜城县
乌什县
柯坪县
乌恰县
喀什市
疏附县
疏勒县
泽普县
莎车县
叶城县
伽师县
巴楚县
和田市
和田县
墨玉县
皮山县
洛浦县
策勒县
于田县
民丰县
伊宁市
奎屯市
伊宁县
霍城县
巩留县
新源县
昭苏县
塔城市
乌苏市
额敏县
沙湾县
托里县
裕民县
富蕴县
福海县
青河县
中正区
万华区
信义区
士林区
北投区
内湖区
南港区
文山区
前金区
芩雅区
盐埕区
鼓山区
旗津区
前镇区
三民区
左营区
楠梓区
小港区
仁爱区
安乐区
暖暖区
七堵区
北屯区
西屯区
南屯区
中西区
安平区
安南区
香山区
台北县
宜兰县
新竹县
桃园县
苗栗县
台中县
彰化县
南投县
嘉义县
云林县
台南县
高雄县
屏东县
台东县
花莲县
澎湖县
湾仔区
观塘区
大埔区
沙田区
西贡区
荃湾区
屯门区
元朗区
葵青区
离岛区
大堂区
路氹城
石景山
门头沟
滨海新
浦东新
大渡口
沙坪坝
九龙坡
井陉矿
曹妃甸
山海关
北戴河
峰峰矿
高碑店
下花园
杏花岭
尖草坪
万柏林
托克托
清水河
昆都仑
海勃湾
元宝山
海拉尔
满洲里
牙克石
扎兰屯
阿尔山
苏家屯
沈北新
沙河口
甘井子
旅顺口
瓦房店
普兰店
鲅鱼圈
大石桥
清河门
弓长岭
太子河
双台子
兴隆台
调兵山
公主岭
二道江
梅河口
昂昂溪
碾子山
城子河
四方台
萨尔图
让胡路
金山屯
乌马河
汤旺河
乌伊岭
上甘岭
茄子河
绥芬河
雨花台
戚墅堰
张家港
龙子湖
田家庵
谢家集
八公山
铜官山
狮子山
武夷山
青云谱
青山湖
共青城
井冈山
台儿庄
东昌府
禹王台
东西湖
黄石港
西塞山
丹江口
伍家岗
老河口
梁子湖
岳阳楼
武陵源
冷水滩
冷水江
西乡塘
铁山港
金城江
五指山
龙泉驿
青白江
都江堰
自流井
龙马潭
五通桥
金口河
峨眉山
九寨沟
马尔康
若尔盖
六枝特
红花岗
七星关
麻栗坡
类乌齐
浪卡子
日喀则
南木林
谢通门
聂拉木
七里河
嘉峪关
东乡族
曲麻莱
格尔木
德令哈
大武口
红寺堡
青铜峡
沙坡头
水磨沟
头屯河
达坂城
独山子
白碱滩
乌尔禾
吐鲁番
托克逊
呼图壁
玛纳斯
库尔勒
阿克苏
阿瓦提
阿图什
阿克陶
阿合奇
英吉沙
麦盖提
岳普湖
特克斯
尼勒克
阿勒泰
布尔津
哈巴河
吉木乃
石河子
阿拉尔
五家渠
油尖旺
深水埗
九龙城
黄大仙
望德堂
风顺堂
嘉模堂
双江
镇沅
元江
孟连
威宁
金平
秀山
酉阳
彭水
围场
道真
务川
镇宁
关岭
紫云
印江
宁洱
江城
贡山
兰坪
靖州
连山
保亭
琼中
禄劝
寻甸
新平
景谷
耿马
巍山
大通
民和
木垒
青龙
丰宁
宽城
孟村
大厂
岫岩
新宾
清原
本溪
桓仁
宽甸
伊通
景宁
城步
江华
麻阳
新晃
芷江
通道
乳源
连南
融水
三江
龙胜
恭城
隆林
富川
巴马
都安
大化
金秀
白沙
昌江
乐东
陵水
北川
峨边
马边
木里
玉屏
松桃
三都
石林
峨山
宁蒗
景东
西盟
沧源
屏边
河口
漾濞
南涧
天祝
互助
化隆
门源
焉耆
蓟县
忠县
开县
赵县
滦县
涉县
磁县
邱县
魏县
任县
威县
唐县
易县
蠡县
雄县
蔚县
沧县
青县
献县
景县
城区
矿区
郊区
盂县
沁县
应县
祁县
绛县
夏县
代县
古县
吉县
隰县
蒲县
兴县
临县
岚县
义县
宾县
丰县
沛县
和县
歙县
黟县
萧县
泗县
寿县
泾县
沙县
赣县
莒县
费县
陵县
莘县
冠县
曹县
单县
杞县
嵩县
叶县
郏县
滑县
浚县
淇县
温县
范县
陕县
睢县
新县
息县
郧县
房县
随县
攸县
澧县
南县
道县
梅县
横县
藤县
容县
郫县
荣县
东区
西区
泸县
安县
高县
珙县
达县
渠县
理县
茂县
盘县
云县
芒市
索县
朗县
户县
眉县
陇县
凤县
乾县
彬县
华县
富县
洋县
勉县
佳县
环县
宁县
漳县
岷县
成县
文县
康县
礼县
徽县
中区
南区
北区
东城
西城
朝阳
丰台
海淀
房山
通州
顺义
昌平
大兴
怀柔
平谷
密云
延庆
和平
河东
河西
南开
河北
红桥
东丽
西青
津南
北辰
武清
宝坻
宁河
静海
黄浦
徐汇
长宁
静安
普陀
闸北
虹口
杨浦
闵行
宝山
嘉定
金山
松江
青浦
奉贤
崇明
万州
涪陵
渝中
江北
南岸
北碚
綦江
大足
渝北
巴南
黔江
长寿
江津
合川
永川
南川
潼南
铜梁
荣昌
璧山
梁平
城口
丰都
垫江
武隆
云阳
奉节
巫山
巫溪
长安
桥东
桥西
新华
裕华
井陉
正定
栾城
行唐
灵寿
高邑
深泽
赞皇
无极
平山
元氏
辛集
藁城
晋州
新乐
鹿泉
路南
路北
古冶
开平
丰南
丰润
滦南
乐亭
迁西
玉田
遵化
迁安
海港
昌黎
抚宁
卢龙
邯山
丛台
复兴
邯郸
临漳
成安
大名
肥乡
永年
鸡泽
广平
馆陶
曲周
武安
邢台
临城
内丘
柏乡
隆尧
南和
宁晋
巨鹿
新河
广宗
平乡
清河
临西
南宫
沙河
满城
清苑
涞水
阜平
徐水
定兴
高阳
容城
涞源
望都
安新
曲阳
顺平
博野
涿州
定州
安国
宣化
张北
康保
沽源
尚义
阳原
怀安
万全
怀来
涿鹿
赤城
崇礼
双桥
双滦
承德
兴隆
平泉
滦平
隆化
运河
东光
海兴
盐山
肃宁
南皮
吴桥
泊头
任丘
黄骅
河间
安次
广阳
固安
永清
香河
大城
文安
霸州
三河
桃城
枣强
武邑
武强
饶阳
安平
故城
阜城
冀州
深州
小店
迎泽
晋源
清徐
阳曲
娄烦
古交
南郊
新荣
阳高
天镇
广灵
灵丘
浑源
左云
大同
平定
长治
襄垣
屯留
平顺
黎城
壶关
长子
武乡
沁源
潞城
沁水
阳城
陵川
泽州
高平
朔城
平鲁
山阴
右玉
怀仁
榆次
榆社
左权
和顺
昔阳
寿阳
太谷
平遥
灵石
介休
盐湖
临猗
万荣
闻喜
稷山
新绛
垣曲
平陆
芮城
永济
河津
忻府
定襄
五台
繁峙
宁武
静乐
神池
五寨
岢岚
河曲
保德
偏关
原平
尧都
曲沃
翼城
襄汾
洪洞
安泽
浮山
乡宁
大宁
永和
汾西
侯马
霍州
离石
文水
交城
柳林
石楼
方山
中阳
交口
孝义
汾阳
新城
回民
玉泉
赛罕
武川
东河
青山
石拐
九原
固阳
海南
乌达
红山
松山
林西
宁城
开鲁
东胜
根河
临河
五原
磴口
集宁
卓资
化德
商都
兴和
凉城
丰镇
突泉
多伦
沈河
大东
皇姑
铁西
东陵
于洪
辽中
康平
法库
新民
中山
西岗
金州
长海
庄河
铁东
立山
千山
台安
海城
新抚
东洲
望花
顺城
抚顺
溪湖
明山
南芬
元宝
振兴
振安
东港
凤城
古塔
凌河
太和
黑山
凌海
北镇
站前
老边
盖州
海州
新邱
太平
细河
阜新
彰武
白塔
文圣
宏伟
辽阳
灯塔
大洼
盘山
银州
铁岭
西丰
昌图
开原
双塔
龙城
建平
北票
凌源
龙港
南票
绥中
建昌
兴城
南关
二道
绿园
双阳
农安
九台
榆树
德惠
昌邑
龙潭
船营
丰满
永吉
蛟河
桦甸
舒兰
磐石
梨树
双辽
龙山
西安
东丰
东辽
东昌
通化
辉南
柳河
集安
浑江
江源
抚松
靖宇
临江
宁江
长岭
乾安
扶余
洮北
镇赉
通榆
洮南
大安
延吉
图们
敦化
珲春
龙井
和龙
汪清
安图
道里
南岗
道外
平房
松北
香坊
呼兰
阿城
依兰
方正
巴彦
木兰
通河
延寿
双城
尚志
五常
龙沙
建华
铁锋
龙江
依安
泰来
甘南
富裕
克山
克东
拜泉
讷河
鸡冠
恒山
滴道
麻山
鸡东
虎林
密山
向阳
工农
南山
兴安
东山
兴山
萝北
绥滨
尖山
岭东
集贤
友谊
宝清
饶河
龙凤
红岗
肇州
肇源
林甸
伊春
南岔
友好
西林
翠峦
新青
美溪
五营
带岭
红星
嘉荫
铁力
前进
东风
桦南
桦川
汤原
抚远
同江
富锦
新兴
桃山
勃利
东安
阳明
爱民
东宁
林口
海林
宁安
穆棱
爱辉
嫩江
逊克
孙吴
北安
北林
望奎
兰西
青冈
庆安
明水
绥棱
安达
肇东
海伦
松岭
新林
呼中
呼玛
塔河
漠河
玄武
白下
秦淮
建邺
鼓楼
下关
浦口
栖霞
江宁
六合
溧水
高淳
崇安
南长
北塘
锡山
惠山
滨湖
江阴
宜兴
云龙
贾汪
泉山
铜山
睢宁
新沂
邳州
天宁
钟楼
新北
武进
溧阳
金坛
姑苏
虎丘
吴中
相城
常熟
昆山
吴江
太仓
崇川
港闸
海安
如东
启东
如皋
海门
连云
新浦
赣榆
东海
灌云
灌南
淮安
淮阴
涟水
洪泽
盱眙
金湖
亭湖
盐都
响水
滨海
阜宁
射阳
建湖
东台
大丰
广陵
邗江
宝应
仪征
高邮
江都
京口
润州
丹徒
丹阳
扬中
句容
海陵
高港
兴化
靖江
泰兴
姜堰
宿城
宿豫
沭阳
泗阳
泗洪
上城
下城
江干
拱墅
西湖
滨江
萧山
余杭
桐庐
淳安
建德
富阳
临安
海曙
江东
北仑
镇海
鄞州
象山
宁海
余姚
慈溪
奉化
鹿城
龙湾
瓯海
洞头
永嘉
平阳
苍南
文成
泰顺
瑞安
乐清
南湖
秀洲
嘉善
海盐
海宁
平湖
桐乡
吴兴
南浔
德清
长兴
安吉
越城
绍兴
新昌
诸暨
上虞
嵊州
婺城
金东
武义
浦江
磐安
兰溪
义乌
东阳
永康
柯城
衢江
常山
开化
龙游
江山
定海
岱山
嵊泗
椒江
黄岩
路桥
玉环
三门
天台
仙居
温岭
临海
莲都
青田
缙云
遂昌
松阳
云和
庆元
龙泉
瑶海
庐阳
蜀山
包河
长丰
肥东
肥西
庐江
巢湖
镜湖
弋江
鸠江
三山
芜湖
繁昌
南陵
无为
蚌山
禹会
淮上
怀远
五河
固镇
潘集
凤台
花山
雨山
当涂
含山
博望
杜集
相山
烈山
濉溪
铜陵
迎江
大观
宜秀
怀宁
枞阳
潜山
太湖
宿松
望江
岳西
桐城
屯溪
黄山
徽州
休宁
祁门
琅琊
南谯
来安
全椒
定远
凤阳
天长
明光
颍州
颍东
颍泉
临泉
阜南
颍上
界首
埇桥
砀山
灵璧
金安
裕安
霍邱
舒城
金寨
霍山
谯城
涡阳
蒙城
利辛
贵池
东至
石台
青阳
宣州
郎溪
广德
绩溪
旌德
宁国
台江
仓山
马尾
晋安
闽侯
连江
罗源
闽清
永泰
平潭
福清
长乐
思明
海沧
湖里
集美
同安
翔安
城厢
涵江
荔城
秀屿
仙游
梅列
三元
明溪
清流
宁化
大田
尤溪
将乐
泰宁
建宁
永安
鲤城
丰泽
洛江
泉港
惠安
安溪
永春
德化
金门
石狮
晋江
南安
芗城
龙文
云霄
漳浦
诏安
长泰
南靖
平和
华安
龙海
延平
顺昌
浦城
光泽
松溪
政和
邵武
建瓯
建阳
新罗
长汀
永定
上杭
武平
连城
漳平
蕉城
霞浦
古田
屏南
寿宁
周宁
柘荣
福安
福鼎
东湖
湾里
南昌
新建
安义
进贤
珠山
浮梁
乐平
安源
湘东
莲花
上栗
芦溪
庐山
浔阳
九江
武宁
修水
永修
德安
星子
都昌
湖口
彭泽
瑞昌
渝水
分宜
月湖
余江
贵溪
章贡
信丰
大余
上犹
崇义
安远
龙南
定南
全南
宁都
于都
兴国
会昌
寻乌
石城
瑞金
南康
吉州
青原
吉安
吉水
峡江
新干
永丰
泰和
遂川
万安
安福
永新
袁州
奉新
万载
上高
宜丰
靖安
铜鼓
丰城
樟树
高安
临川
南城
黎川
南丰
崇仁
乐安
宜黄
金溪
资溪
东乡
广昌
信州
上饶
广丰
玉山
铅山
横峰
弋阳
余干
鄱阳
万年
婺源
德兴
历下
槐荫
天桥
历城
长清
平阴
济阳
商河
章丘
四方
黄岛
崂山
李沧
城阳
胶州
即墨
平度
胶南
莱西
淄川
张店
博山
临淄
周村
桓台
高青
沂源
薛城
峄城
山亭
滕州
东营
垦利
利津
广饶
芝罘
福山
牟平
莱山
长岛
龙口
莱阳
莱州
蓬莱
招远
海阳
潍城
寒亭
坊子
奎文
临朐
昌乐
青州
诸城
寿光
安丘
高密
任城
微山
鱼台
金乡
嘉祥
汶上
泗水
梁山
曲阜
兖州
邹城
泰山
岱岳
宁阳
东平
新泰
肥城
环翠
文登
荣成
乳山
岚山
五莲
莱城
钢城
兰山
罗庄
沂南
郯城
沂水
苍山
平邑
莒南
蒙阴
临沭
德城
宁津
庆云
临邑
齐河
平原
夏津
武城
乐陵
禹城
阳谷
茌平
东阿
高唐
临清
滨城
惠民
阳信
无棣
沾化
博兴
邹平
牡丹
成武
巨野
郓城
鄄城
定陶
东明
中原
二七
管城
金水
上街
惠济
中牟
巩义
荥阳
新密
新郑
登封
龙亭
顺河
金明
通许
尉氏
开封
兰考
老城
西工
瀍河
涧西
吉利
洛龙
孟津
新安
栾川
汝阳
宜阳
洛宁
伊川
偃师
卫东
石龙
湛河
宝丰
鲁山
舞钢
汝州
文峰
北关
殷都
龙安
安阳
汤阴
内黄
林州
鹤山
山城
淇滨
红旗
卫滨
凤泉
牧野
新乡
获嘉
原阳
延津
封丘
长垣
卫辉
解放
中站
马村
山阳
修武
博爱
武陟
沁阳
孟州
华龙
清丰
南乐
台前
濮阳
魏都
许昌
鄢陵
襄城
禹州
长葛
源汇
郾城
召陵
舞阳
临颍
湖滨
渑池
卢氏
义马
灵宝
宛城
卧龙
南召
方城
西峡
镇平
内乡
淅川
社旗
唐河
新野
桐柏
邓州
梁园
睢阳
民权
宁陵
柘城
虞城
夏邑
永城
浉河
平桥
罗山
光山
商城
固始
潢川
淮滨
川汇
扶沟
西华
商水
沈丘
郸城
淮阳
太康
鹿邑
项城
驿城
西平
上蔡
平舆
正阳
确山
泌阳
汝南
遂平
新蔡
济源
江岸
江汉
硚口
汉阳
武昌
洪山
汉南
蔡甸
江夏
黄陂
新洲
下陆
铁山
阳新
大冶
茅箭
张湾
郧西
竹山
竹溪
西陵
点军
猇亭
夷陵
远安
秭归
宜都
当阳
枝江
樊城
襄州
南漳
谷城
保康
枣阳
宜城
华容
鄂城
东宝
掇刀
京山
沙洋
钟祥
孝南
孝昌
大悟
云梦
应城
安陆
汉川
荆州
公安
监利
江陵
石首
洪湖
松滋
黄州
团风
红安
罗田
英山
浠水
蕲春
黄梅
麻城
武穴
咸安
嘉鱼
通城
崇阳
通山
赤壁
曾都
广水
恩施
利川
建始
巴东
宣恩
咸丰
来凤
鹤峰
仙桃
潜江
天门
芙蓉
天心
岳麓
开福
雨花
望城
长沙
宁乡
浏阳
荷塘
芦淞
石峰
天元
株洲
茶陵
炎陵
醴陵
雨湖
岳塘
湘潭
湘乡
韶山
珠晖
雁峰
石鼓
蒸湘
南岳
衡阳
衡南
衡山
衡东
祁东
耒阳
常宁
双清
大祥
北塔
邵东
新邵
邵阳
隆回
洞口
绥宁
新宁
武冈
云溪
君山
岳阳
湘阴
平江
汨罗
临湘
武陵
鼎城
安乡
汉寿
临澧
桃源
石门
慈利
桑植
资阳
赫山
桃江
安化
沅江
北湖
苏仙
桂阳
宜章
永兴
嘉禾
临武
汝城
桂东
安仁
资兴
零陵
祁阳
双牌
江永
宁远
蓝山
新田
鹤城
中方
沅陵
辰溪
溆浦
会同
洪江
娄星
双峰
新化
涟源
吉首
泸溪
凤凰
花垣
保靖
古丈
永顺
荔湾
越秀
海珠
天河
白云
黄埔
番禺
花都
南沙
萝岗
增城
从化
武江
浈江
曲江
始兴
仁化
翁源
新丰
乐昌
南雄
罗湖
福田
宝安
龙岗
盐田
香洲
斗门
金湾
龙湖
濠江
潮阳
潮南
澄海
南澳
禅城
南海
顺德
三水
高明
蓬江
江海
新会
台山
恩平
赤坎
霞山
坡头
麻章
遂溪
徐闻
廉江
雷州
吴川
茂南
茂港
电白
高州
化州
信宜
端州
鼎湖
广宁
怀集
封开
德庆
高要
四会
惠城
惠阳
博罗
惠东
龙门
梅江
大埔
丰顺
五华
平远
蕉岭
兴宁
海丰
陆河
陆丰
源城
紫金
龙川
连平
东源
阳西
阳东
阳春
清城
佛冈
阳山
清新
英德
连州
东莞
湘桥
潮安
饶平
榕城
揭东
揭西
惠来
普宁
云城
郁南
云安
罗定
青秀
江南
良庆
邕宁
武鸣
隆安
马山
上林
宾阳
城中
鱼峰
柳南
柳北
柳江
柳城
鹿寨
融安
秀峰
叠彩
七星
雁山
阳朔
临桂
灵川
全州
永福
灌阳
平乐
荔蒲
万秀
蝶山
长洲
苍梧
蒙山
岑溪
银海
合浦
港口
防城
上思
东兴
钦南
钦北
灵山
浦北
港北
港南
覃塘
平南
桂平
玉州
陆川
博白
兴业
北流
右江
田阳
田东
平果
德保
靖西
那坡
凌云
乐业
田林
八步
昭平
钟山
南丹
天峨
凤山
东兰
宜州
兴宾
忻城
象州
武宣
合山
江洲
扶绥
宁明
龙州
大新
天等
凭祥
秀英
龙华
琼山
美兰
三亚
琼海
儋州
文昌
万宁
东方
定安
屯昌
澄迈
临高
锦江
青羊
金牛
武侯
成华
新都
温江
金堂
双流
大邑
蒲江
新津
彭州
邛崃
崇州
贡井
沿滩
富顺
仁和
米易
盐边
江阳
纳溪
合江
叙永
古蔺
旌阳
中江
罗江
广汉
什邡
绵竹
涪城
游仙
三台
盐亭
梓潼
平武
江油
利州
元坝
朝天
旺苍
青川
剑阁
苍溪
船山
安居
蓬溪
射洪
大英
威远
资中
隆昌
沙湾
犍为
井研
夹江
沐川
顺庆
高坪
嘉陵
南部
营山
蓬安
仪陇
西充
阆中
东坡
仁寿
彭山
洪雅
丹棱
青神
翠屏
宜宾
南溪
江安
筠连
兴文
屏山
广安
岳池
武胜
邻水
华蓥
通川
宣汉
开江
大竹
万源
雨城
名山
荥经
汉源
石棉
天全
芦山
宝兴
巴州
通江
南江
平昌
雁江
安岳
乐至
简阳
汶川
松潘
金川
小金
黑水
壤塘
阿坝
红原
康定
泸定
丹巴
九龙
雅江
道孚
炉霍
甘孜
新龙
德格
白玉
石渠
色达
理塘
巴塘
乡城
稻城
得荣
西昌
盐源
德昌
会理
会东
宁南
普格
布拖
金阳
昭觉
喜德
冕宁
越西
甘洛
美姑
雷波
南明
云岩
花溪
乌当
小河
开阳
息烽
修文
清镇
水城
汇川
遵义
桐梓
绥阳
正安
凤冈
湄潭
余庆
习水
赤水
仁怀
西秀
平坝
普定
大方
黔西
金沙
织金
纳雍
赫章
碧江
万山
江口
石阡
思南
德江
兴义
兴仁
普安
晴隆
贞丰
望谟
册亨
安龙
凯里
黄平
施秉
三穗
镇远
岑巩
天柱
锦屏
剑河
黎平
榕江
从江
雷山
麻江
丹寨
都匀
福泉
荔波
贵定
瓮安
独山
平塘
罗甸
长顺
龙里
惠水
盘龙
官渡
西山
东川
呈贡
晋宁
富民
宜良
嵩明
安宁
麒麟
马龙
陆良
师宗
罗平
富源
会泽
沾益
宣威
红塔
江川
澄江
通海
华宁
易门
隆阳
施甸
腾冲
龙陵
昌宁
昭阳
鲁甸
巧家
盐津
大关
永善
绥江
镇雄
彝良
威信
水富
古城
永胜
华坪
思茅
临翔
凤庆
永德
镇康
楚雄
双柏
牟定
南华
姚安
大姚
永仁
元谋
武定
禄丰
个旧
开远
蒙自
建水
石屏
弥勒
泸西
元阳
红河
绿春
文山
砚山
西畴
马关
丘北
广南
富宁
景洪
勐海
勐腊
大理
祥云
宾川
弥渡
永平
洱源
剑川
鹤庆
瑞丽
梁河
盈江
陇川
泸水
福贡
德钦
城关
林周
当雄
尼木
曲水
达孜
昌都
江达
贡觉
丁青
察雅
八宿
左贡
芒康
洛隆
边坝
乃东
扎囊
贡嘎
桑日
琼结
曲松
措美
洛扎
加查
隆子
错那
江孜
定日
萨迦
拉孜
昂仁
白朗
仁布
康马
定结
仲巴
亚东
吉隆
萨嘎
岗巴
那曲
嘉黎
比如
聂荣
安多
申扎
班戈
巴青
尼玛
普兰
札达
噶尔
日土
革吉
改则
措勤
林芝
米林
墨脱
波密
察隅
碑林
莲湖
灞桥
未央
雁塔
阎良
临潼
蓝田
周至
高陵
王益
印台
耀州
宜君
渭滨
金台
陈仓
凤翔
岐山
扶风
千阳
麟游
太白
秦都
杨陵
渭城
三原
泾阳
礼泉
永寿
长武
旬邑
淳化
武功
兴平
临渭
潼关
大荔
合阳
澄城
蒲城
白水
富平
韩城
华阴
宝塔
延长
延川
子长
安塞
志丹
吴起
甘泉
洛川
宜川
黄龙
黄陵
汉台
南郑
城固
西乡
宁强
略阳
镇巴
留坝
佛坪
榆阳
神木
府谷
横山
靖边
定边
绥德
米脂
吴堡
清涧
子洲
汉滨
汉阴
石泉
宁陕
紫阳
岚皋
平利
镇坪
旬阳
白河
商州
洛南
丹凤
商南
镇安
柞水
西固
红古
永登
皋兰
榆中
永昌
白银
平川
靖远
会宁
景泰
秦州
麦积
清水
秦安
甘谷
武山
凉州
民勤
古浪
甘州
民乐
临泽
高台
山丹
崆峒
泾川
灵台
崇信
华亭
庄浪
静宁
肃州
金塔
瓜州
肃北
玉门
敦煌
西峰
庆城
华池
合水
正宁
镇原
安定
通渭
陇西
渭源
临洮
武都
宕昌
西和
两当
临夏
康乐
永靖
广河
和政
临潭
卓尼
舟曲
迭部
玛曲
碌曲
夏河
城东
城西
城北
湟中
湟源
乐都
祁连
海晏
刚察
同仁
尖扎
泽库
共和
同德
贵德
兴海
贵南
玛沁
班玛
甘德
达日
久治
玛多
玉树
杂多
称多
治多
囊谦
乌兰
都兰
天峻
兴庆
西夏
金凤
永宁
贺兰
灵武
惠农
平罗
利通
盐池
同心
原州
西吉
隆德
泾源
彭阳
中宁
海原
天山
米东
鄯善
哈密
伊吾
昌吉
阜康
奇台
博乐
精河
温泉
轮台
尉犁
若羌
且末
和静
和硕
博湖
温宿
库车
沙雅
新和
拜城
乌什
柯坪
乌恰
喀什
疏附
疏勒
泽普
莎车
叶城
伽师
巴楚
和田
墨玉
皮山
洛浦
策勒
于田
民丰
伊宁
奎屯
霍城
巩留
新源
昭苏
塔城
乌苏
额敏
托里
裕民
富蕴
福海
青河
中正
万华
信义
士林
北投
内湖
南港
前金
芩雅
盐埕
鼓山
旗津
前镇
三民
左营
楠梓
小港
仁爱
安乐
暖暖
七堵
北屯
西屯
南屯
中西
安南
香山
台北
宜兰
新竹
桃园
苗栗
台中
彰化
南投
嘉义
云林
高雄
屏东
台东
花莲
澎湖
湾仔
观塘
沙田
西贡
荃湾
屯门
元朗
葵青
离岛