Kiev National University Taras Shevchenko Institute of Postgraduate Education
Light Industry Vocational Technical Institute (Changzhou, Jiangsu Province)
Vatel International Hotel & Tourism Management School
Les Roches International School of Hotel Management, Bluche, Switzerland
Shanghai Les Roches Jin Jiang International School of Hotel Management
Vatel International Business School Hotel & Tourism Management France
International and Economic College of Anhui Agricultural University
法国贝尔福蒙贝利亚技术大学
UTBM
Université de technologie de Belfort-Montbeliard
Les Roches International school of hotel management in Switzerland
Vatel International Business School Hotel and Tourism Managment
Education First International Language School of United States
Heilongjiang Vocational College of Ecological Engineering –
Shanghai University of T.C.M （Traditional Chinese Medicine）
Les Roches Jin Jiang International Hotel Managment College
Les Roches-Swiss Hotel Association-Hotel Management School
Sprott School of Business of Carleton University (Canada)
East London University & Rheinische Fachhochschule Koeln
Indiana University Bloomington-Kelley School of Business
Shanghai Industry and Commerce Foreign Language College
Beijing science and technology institute of management
Economic Administration School of Northwest University
Sydney Institute of Business & Technology, Sydney, NSW
zhengzhou institute of aeronauticalindustry management
Education First International School of United States
DCT Internation Hotel Management School
The University of Queensland
Binhai School of Tianjin Foreign Studies University
Les Roches International School of Hotel Management
Tsinghua University(School of Continuing Education)
College of Fine Art, University of New South Wales
St. Michaels Grammar School (Melbourne, Australia)
Strathclyde 大学
bao steel factory metallurgy build company school
Lung Cheung Government Technical Secondary School
Thailand Burapha University International College
瑞士格里昂酒店管理学院
Glion Institute of Higher Education
Jiangxi Vocational College of Finance& Economics
Shandong ChengWuXian first senior middle schools
Yangzhou higher vocational and technology school
上海杉达学院/（美国瑞德大学） major in Finance&Global Business
威尔士大学新加坡分校(University of Wales Singapore Branch）
College of Aeronautical Engineering Zhangjiajie
Glion Institut of Higher Education, Switzerland
Johnson and Wales University, Providence,RI USA
St.Francis Xavier Uinversity,Nova Scotia,Canada
East Chinauniversity of science and technology
economic technology professional college hefei
International Christian School of Budapest
佛罗伦萨大学
Università degli Studi di Firenze
Jilin Huaqiao University of Foreign Languages
Management Development Institute of Singapore
Shandong ChengWuXian first junior high school
Shang Caterting and Service Vocational School
University of Southern Queensland (Australia)
Faculty of Economics/University of Ljubljana
limkokwing university of creative technology
Pinghu Vocational Technical Secondary School
Shanghai Municipal Tourism Vocational School
Shanghai University of Finance and Economics
TOURISM MANAGEMENT INSITITUTION OF SINGAPORE
Technische Universitaet Dresden
Curtin University of Technology (Australia)
Shandong College of Tourism and Hospitality
Southwest University of Financial Economics
Stanford International College 
加拿大斯坦福理工学院
The teacher university of jiang xi province
Beijing university of Canberra''''s career
ICU International University Vienna (Kiev)
Macau University of Science and Technology
No.6 Key High School in Yiyang City, Hunan
Renmin University of China Network College
Shanghai Engineering Technology University
Shanghai University Of Engineering Science
Shanghai University of Finance & Economics
University of Central Lancashire
University of Illinois at Urbana-Champaign
Xinjiang University of Finance & Economics
Zhabei tourism occupation technical school
瑞典布莱京理工大学
Blekinge Institute of Technology
Anhui Institute of International Business
Australia Institute Hospitality & Tourism
EASB Institute of Management of Singapore
East China Normal University--studying...
Henan Institute of Science and Technology
Jiangsu Huaian Food & Beverage Management
Le Cordon Bleu, Adelaide, South Australia
Nanjing University of Finance & Economics
Zuyd University of Applied Science 荷兰南方大学
University of Technology, Sydney
Haverford College and St, John's College
Henan industry trade vocational colleage
Nanjing Institute of Tourism&Hospitality
Shanghai Second polytechnical university
Zaporozhye National Technical University
Hebei Science and Technology University
JingAn Adult University School shanghai
shandong college of tourism hostipality
Shanghai International Study University
Swiss School of Tourism and Hospitality
Thunderbird School of Global Management
University of Maryland Baltimore County
Xi''an International Studies University
南阳理工学院(Nanyang Institute of Management)
西澳大学The University of Western Australia
CHN Hospitality University Netherlands
Dalian Ocean University, Dalian, China
Group College high School, Sydney, NSW
Guangxi Economic and Trade Polytechnic
LaSalle University, School of Business
National University of Ireland, Galway
Savonia University of Applied Sciences
Shanghai ChunShen Tourism Trade school
Shanghai Economic and Trade University
Shanghai Li Xin University of Commerce
Shanghai Second Polytechnic University
Sichuan International Study University
State University of New York at Oswego
University of technology, Sydney (UTS)
University of Wales Institute, Cardiff
Blue Mountain Hotel Management School
ESC AMIENS亚眠商学院成立于1942年（法兰西商学院）全法排名前十
Shanghai Changning Techonology School
Shanghai east china normal university
Shanghai Huadong Education University
Shanghai University of Electric Power
Stenden University of Applied Science
Swiss School of Tourism & Hospitality
Technische Hochschule Ingolstadt （德国）
University of Augsburg (Germany - 德国)
Zhen Zhou vacation college of tourism
澳大利亚墨尔本大学 The University of Melbourne
Kozminski University, warsaw, Poland
Shanghai Froeign Language University
Shanghai Urban Management University
Shanghai Zhijiang Senior High School
Singapore East Asia Business College
Suzhou institute of Trade & Commerce
法国雷恩商学院ESC Rennes school of business
英国牛津布鲁克斯大学 Oxford Brookes University
Benedictine College Shanghai Campus
Central Queensland Uni.(Australia)|
Guangfeng County five middle school
Jinjiang hotel management institute
Kansas State University
Shanghai Institute of Foreign Trade
ShangHai Science Technology College
Shannon College of Hotel Management
Vatel International Business School
Vatel international.business school
新企业会计准则VS国际财务报告准则比较及研究 保时捷控股（毕马威培训）
beijing keji long-distance college
Canberra Institution of Technology
Glion Instiute of Higher Education
NUI university of maynooth ireland
Ozford College Melbourne Australia
Shanghai Donghui Vocational School
SHANGHAI TOURSIM VOCATIONAL SCHOOL
shanghai Zhongxi Vocational school
Swinburne university of Technology
Université Paris Dauphine, Paris Ⅸ
University of Prince Edward Island
Vatel international busines school
WALLSTREET ENGLISH INSTITUE SCHOOL
Wenzhou University Oujiang College
Wisconsin International University
Macquarie University, Sydney, NSW
Parsons the New School for Design
Qidong city Dajiang middle school
Qidong city Donghai middle school
Schiller International university
Shanghai Yangpu vocational school
The Hague University, Netherlands
Tourism collage of Zhejiang CHINA
Tourism College of ZheJiang China
Wuhan Institute of Bioengineering
加拿大西门弗雷泽大学simon fraser university
英国林肯大学(The university of Lincoln)
Beijing U.S.A College of English
DCT Business School, Switzerland
James Anglo - Chinese Ese School
Jingchu University of Technology
Korea Tourism Senior High School
New York Institute of Technology
Ning qiangvocational high school
Northumbria University, 纽卡斯尔, 英国
Shanghai economic manager school
Shanghai Institute of Technology
T.E.S.T College Vancouver Canada
University of Hertfordshire (UK)
University of technology, Sydney
Zha bei lv You Jiu Dian Xue Xiao
阜南驾校
University of Hong Kong
Alexander Mackenzie High School
Angell Akademie Freiburg（德国弗莱堡）
Beijing Institute of Technology
Birmingham City University （UK）
Central China Normal University
Glen Waverley Secondary College
Jiaotong University of Shanghai
Nanjing Agricultural University
Shanghai University of Pharmacy
Stevens Institute of Technology
Sunnyvle-Cupertino Adult School
The University Of Sheffield, UK
University of Jiangsu Economics
University of Nevada, Las Vegas
UNIVERSITY of NWP, Xi’an, China
University of the Witwatersrand
wu han university of technology
Essendon keilor College
澳洲墨尔本大学 University of Melbourne
阜南一中
英国-谢菲尔德大学（Sheffield University）
应用技术学院THOMPSON RIVER UNIVERSITY
ESSEC Business School巴黎高等经济商学院
Griffith University (澳洲格里菲斯大学）
Henan Institute of Engineering
Maastricht University 马斯特里赫特大学
San Francisco State University
Shanghai Huangpu Adult college
Shanghai Insititude of Tourism
shanghai technique city school
Shanghai Television University
sino western vocational school
The Ohio State Univeristy, USA
University of Salzburg,Austria
北京大学光华管理学院，清华大学经济管理学院，浙江大学管理学院
大阪大学(日本)，比萨圣安娜大学(意大利)，柏林工大(德国)
法国国立图卢兹高等电力技术，电子学，计算机，水力学与电信学院
Anglia Polytechnic University
China Agricultural University
China Three Gorges University
Glasgow Caledonian University
Glasgow International College
Harbin University of commerce
Japan Hotel&Bridal University
Ma On Shan teachers'' college
Shanghai Institute of Torisum
Shanghai Institute of Tourism
Shanghai Jiao Tong University
Sprott-Shaw Community College
Swiss Hotel Management School
University College Birmingham
University of South Australia
William Angliss, Melbourne,AU
Xian International University
美國達拉威大學
University of Delaware
BOTSWANA ACCOUNTANCY COLLEGE
Chichester College (England)
East China normal University
Group College Sydney
Insitute Hotelier Cesar Ritz
London South Bank University
Ma’an shan teacher’s collage
NO.6 Middle school Zao Zhuan
Shanghai Jiaotong University
SHANGHAI MARITIME UNIVERSITY
Shanghai Meishan High School
Shanghai Yangjin High School
University of Sunshine Coast
UNIVERSITY OF WESTERN SYDNEY
UNIVERSIY OF GEORGIA, ATHENS
布里斯托大学 University of Bristol
university of Glasgow
Changchun Normal University
Guilin Institute of Tourism
hua dong mo fan high school
Huanggang third high scholl
LASALLE college of the Arts
MACQUARIE College Australia
Massey University
新西兰梅西大学
Shanda University, Shanghai
Shandong University(Weihai)
Shanghai Tong Ji University
Sheffield Hallam University
Sino-Western Tourism School
Suzhou (Soochow) University
The Tourism Vocation School
The University of Melbourne
the university of sheffield
Tourism College of Zhejiang
University of Arkansas, USA
University of Hertfordshire
University of Sussex 萨塞克斯大学
ZHONG HUA VACATIONAL SCHOOL
复旦大学 高级人力资源管理师培训〔13年5月论文答辩〕
英国-华威大学（Warwick University）
英国萨里大学 University of Surrey
越南河内国家大学国际学院
Chinese Cultrue University
Haikou school of economics
Hangzhou Dianzi University
Johnson & Wales University
RAFFLES DESIGN INSTITUTION
Renmin University of China
Shanghai Commercial School
Shanghai Fu dan University
shanghai Normal university
Shanghai Tongji University
Shanghai Yangpu University
The University of Kentucky
Tourism polytechnic school
University of Bedfordshire
University of Huddersfield
University of South Africa
University Siegen, Germany
Wilfrid Laurier University
Wuxi Institute of Commerce
zhongxi senior high school
グレッグ外語専門学校 貿易学部 国際情報ビジネス学科
澳大利亚莫纳什大学Monash University
卡迪夫大学 （Cardiff University）
维也纳大学 University of Vienna
Antwerp Management School
Beijing Normal University
Guangxi Normal University
Hawaii Pacific Univeristy
INTO NEWCASTLE UNIVERSITY
Michigan State University
Ning wu vocational school
Oxford Brookes University
Queen Margaret University
shanghai business college
Shanghai Fudan University
Shanghai Sanda University
Shanghai Xin Qiao College
Shanghai Zhonghua College
shenyang normal uiversity
The law vocational school
The University of Warwick
Thomson Rivers University
Xi’an Jiaotong University
Xi''an Eurasia University
XINQIAO COLLEGE, Shanghai
Zaozhuang Normal Colleage
布鲁内尔大学（Brunel University）
荷兰马斯特里赫特管理学院酒店管理硕士学位(MBA)
美国盛立亚（中国）光网络系统有限公司 上海技术中心
上海财经大学-Webster University
上海应用技术学院（二本，高考566分，超过重点线）
AMERICAN UNIVERSITY, D.C
Anyang university, Korea
AWI International School
Brunel University London
Hochschule Mannheim (德国）
Hotel Institute Montreux
Loughborough Univerisity
Queen Magaret University
Shanghai Business School
Staffordshire University
Suzhou Education College
Temple University (天普大学）
The institute of xinqiao
the University of Surrey
Université de Versailles
university of manchester
University of St Andrews
University of Sunderland
Westminster College， USA
wu han commercial school
Yangpu vocational school
爱尔兰高威理工学院及无锡南阳学院(合作办学项目）
东方酒店管理专修学院和新加坡SHRM渡假管理学院
芬兰泰莱斯特（Teleste）北京代表处技术中心
湖北省黄冈地区财贸学校(现名为黄冈职业技术学院)
美國天普大學 Temple University
南通大学 Winthrop University
新企业会计准则培训 森那美集团 （会计师事务所）
中央电大及北京工商大学联合（专升本）获管理学学士
Anhui Normal university
Edith Corwan University
Hotel&Bridal University
institute VATEL, France
Loughborough University
Shanghai Bangde College
University of Groningen
University of Liverpool
Wuhan Technical College
Xi’an Fan Yi University
Xiayi First High School
Yi Fu Vocational School
zhongxi vocation school
德国TU-Darmstadt达姆斯塔特工业大学
加拿大Athabasca University
南通紫琅学院（目前在读北京航空大学计算机专业）
日本NAMBA PLAZA HOTEL管理学院
上海财经大学(大专自学考)97年10月取得文凭
谢菲尔德大学，皇家霍洛威大学，哈德斯菲尔德大学
Binhai College QingDao
Bournemouth university
CESAR RITZ SWITZERLAND
De Montfort University
Dublin Business School
Minyuan junior college
Northumbria University
Shanghai TV University
SPC middle high school
The University of York
university of Aberdeen
University of Bradford
University of Canberra
University of Freiburg
University of Hartford
University of Plymouth
University of Stirling
University of Victoria
University of Waterloo
北京工商大学继续教育学院 经济管理 (本科)
杜兰大学 Tulane University
工业理工学院·G·马可尼、(锡耶纳,意大利)
华北水利水电大学（委托解放军外国语学院代培）
辽宁工程技术大学(全国129所重点大学之一)
瑞士 "Les Roches" 酒店管理學校
西安外国语大学+德国康斯坦茨技术运用科技高校
西部大学 (2010.08-2011.01)
锡耶纳大学
Applewoods HighSchool
Ginestet Wine Academy
Institute Vatel, Nime
Iowa State University
James Cook University
Self-educated college
Skema Business School
SRM University(India)
Stamford College 马来西亚
Sunderland University
T.E.S.T COLLEGE (加拿大)
UNIVERSITE DE NICE 法国
University of Alberta
University of Bristol
University of Glasgow
University of Lincoln
West Anhui University
布兰迪斯大学（usnews rank35)
杭州船舶工业学校
名古屋商科大学大学院（拥有AACSB认证）
杉达学院-rider university
上海大学国际商业学院
上海交通大学农业与生物学院（原上海农学院）
上海师范大学旅游管理学院暨旅游高等专科学校
四川省机电工程学校（现四川省职业技术学院）
陶尔哈姆莱茨大学(英国伦敦剑桥大学计划)
先知教育（IHMA国际酒店高级职业经理人）
印度ANDHRA UNIVERSITY大学
DONG XIN HIGH SCHOOL
FH Anhalt in Germany
George Brown college
Hochschule Fresenius
Kantzowska Gymnasiet
Lancaster University
Macquaire university
Macquarie University
middlesex university
Newcastle University
President University
Shandong Qiluxueyuan
University of Exeter
University of Surrey
University of Ulster
Whitireia NewZealand
北卡罗来纳州立大学-罗利分校（NCSU)
对外经济贸易大学信息学院2+2国际课程班
贵州省毕节市鸡场乡大坡头小学
上海电机技术高等专科学校(上海电机学院）
上海轻工业高等专科学校现上海应用技术学院
Bath Spa University
COMSATS 巴基斯坦信息与技术学院
Coventry University
Dong Hua University
European Unoversity
Griffith University
Halmstad University
Jiangxi CITY school
JIAOTONG university
KDG, 比利时安特卫普天主教大学学院
la trobe university
MinJiang University
Plymouth University
Shanghai University
St.Johns University
Tasmania University
Tsinghua University
University Bonampak
University of Wales
Victoria University
Xiangnan university
Yangzhou University
北京丽都假日饭店培训学校/哈尔滨商学院
大原外語観光＆ホテルブライダル専門学校
广西商业高等专科学校（现广西财经学院）
江苏省苏州市旅游与财经高等职业技术学校
江苏省睢宁县李集中学
陆军第一集团军司机训练大队学习驾驶技能
洛阳工业高等专科学校（现洛阳理工学院）
马来西亚IMI-伯乐酒店和旅游管理学院
南京大学、上海交大安泰mba在读研究生
日本拓殖大学
上海海事大学——经济管理学院
上海旅游专科学校(国家旅游局委托培养)
上海市出版印刷高等专科学院
上海市旅游高等专科学院附属旅游职业学校
四川烹饪高等专科学校（现为四川旅游学院
四川省成都市嘉好实验外国语学校
新华人寿股份有限公司上海分公司培训中心
中国广告包装装潢设计大学，中国书画大学
中国人民解放军国防信息学院
中国人民解放军南京政治学院
Adelphi University
Beihang University
Cardiff University
Cesar Ritz College
Donghua University
Dongseo University
hogeschool zeeland
IE Business school
Latrobe University
murdoch university
NANJING University
No16.middle school
Oakland University
Seattle university
Shan Da University
SprottShaw College
Tong Ji University
uni dortmund(未能毕业)
UNI KOBLENZ-LANDAU
university of hull
University of YORK
澳大利亚蓝山酒店管理学院（天津校区）
法国里昂第三大学（加拿大多伦多大学）
甘肃工业大学(现改名为兰州理工大学)
广东商学院(现已更名为广东财经大学)
广东省中山市职业学校主修酒店行政管理
桂林电子工业学院(桂林电子科技大学)
哈尔滨广播电视大学普通高等院校专科班
会计专业培训学校（华浦会计培训学校）
江西省南昌市莲塘县省建筑工程技工学校
江西渝州科技职业学院（江西工程学院）
兰州工业高等专科学校（现兰州工学院）
南京商贸局教育部职工学校（学习培训）
上海电视大学 计算机（网络管理）大专
上海理工大学艺术设计学院（工业设计）
上海商业会计学校（澳洲TAFE学院）
上海外国语大学继续教育学校（全日制）
上海星顿英语培训机构&新世界英语培训
武汉纺织大学（湖北财经高等专科学校）
武汉经贸大学(现为武汉工程技术大学)
英国皇后玛格丽特大学 （新加坡分校）
中国人民大学 | 企业管理 | 专科
BangDe University
Bellerbys college
Curtin University
Drexel University
Guildford College
lliance Francaise
Monash University
Nanzan University
Oracle University
Tongji University
鄂东职业技术学院（现黄冈师范学院）
法国瓦岱勒国际酒店及旅游管理商学院
广西桂林旅游高等专科学校酒店管理系
桂林旅游高等专科学校/桂林工业大学
华东理工大学继续教育学院( 在读)
华中师范大学（计算机专业学士学位）
淮北师范大学（原淮北煤炭师范学院）
環太平洋グローバルスタディセンター
江苏省淮安市盱眙县仇集中专职业学校
江西科技师范学院（南昌科技大学筹）
南京金陵职业大学（现金陵科技学院）
南京信息工程大学（原南京气象学院）
瑞士CesarRitz酒店管理学院
山东省劳动和社会保障厅服务技工学校
上海财经大学(自考本科，学士学位）
上海交通大学成人教育学院(夜大学)
上海市逸夫职业技术学校(华山美校)
上海水产大学(现更名上海海洋大学)
上海铁道大学（现同济大学沪西分校）
上海外国语大学（日本文化经济学院）
上海中桥职业技术学院计算机网络技术
沈阳建筑大学（原沈阳建筑工程学院）
四川成都科技大学计算机工程管理学院
天津商业大学TUC-FIU合作学院
维尔茨堡尤利乌斯·马克西米利安大学
中国人民解放军南京政治学院上海分院
AMB Berlin
Anhui University
ASUS昌硕科技(上海)有限公司
foothill collega
Fudan University
Honam University
Hunan University
Jianfeng College
Keele University
lake tai college
Lakeland College
niagara. college
Rider University
Wuhan University
阿德莱德私利中学，南澳大利亚大学
朝日大学留学生日语培训班（日本）
佛罗伦萨的大学(意大利佛罗伦萨)
复旦大学医学院（原上海医科大学）
广州大学计算机科学与教育软件学院
广州外语外贸学校英语专业专科学历
杭州电子工学院(现电子科技大学)
好莱坞艺术学校（刘洋司仪培训班）
弘鼎集团管理学校,味之都管理学院
湖北省宜昌市三峡大学职业技术学院
江南大学北美学院（原莱姆顿学院）
江苏科技大学（华东船舶工业学院）
江苏联合职业技术学院徐州经贸分院
江苏联合职业技术学院徐州医药分院
辽宁省鞍山市第一职业技术高级中学
南京铁道职业技术学院苏州校区（现
南京晓庄学院-数学与信息技术学院
人民大学网络教育学院（本科在读）
陕西省宝鸡市振华中等职业技术学院
上海邦德高等职业技术学院（大专）
上海广播电视大学（分校业余学院）
上海海同科技有限公司（软件培训）
上海华东师范大学（成人继续教育）
上海汇众汽车制造有限公司技术学校
上海理工大学(上海出版印刷大学）
上海乔华进修学院--(华东师大)
上海师范大学地理系（现旅游学院）
上海同济大学 建筑与城市规划学院
上海外国语大学（自考英语本科 ）
上海中侨学院（自考华东政法大学）
深圳信息职业技术学院（成人高校）
苏州高级职业技术学院（网络教育）
台灣南投縣仙佛寺禪機山易經設計院
无锡太湖学院（江南大学太湖学院）
武汉水利电力大学(现为武汉大学)
原山东矿业学院（现山东科技大学）
长江职业学院(湖北经济管理大学)
浙江理工大学（原名浙江工程学院）
浙江理工大学(原名浙江工程学院）
郑州大学西亚斯国际学院&FHSU
中央广播电视大学（东北财大学位）
Audencia Nantes
DA TONG College
Institute Vatel
KDU college IMI
安徽省芜湖市南陵县三里中心初中
宝鸡工业学校现宝鸡职业技术学院
保定学院（原保定师范专科学校）
北京对外经济贸易大学（专升本）
北京新东方烹饪职业技能培训学校
丹麦尼尔斯布鲁克哥本哈根商学院
德国安哈尔特应用科技大学预备科
德国弗里德里希.·席勒耶拿大学
德国萨克森安哈尔特应用技术大学
东北师范大学与中央电视大学合办
东方红小学、向阳中学、石塘中学
甘肃省合作民族师范高等专科学校
广东省东莞市长安镇高级职业中学
国家级重点上海奉贤中等专业学校
哈尔滨市华夏计算机职业技术学院
邯郸职业技术学院（原邯郸大学）
河南农业大学信息与管理科学学院
河南省商丘市计算机中等专业学校
湖北省随州市曾都区第一高级中学
湖南省长沙市望城区中等职业学校
吉林大学，加拿大纽芬兰纪念大学
加州州立大学-洛杉矶
江苏省徐州财经高等职业技术学校
江西科技学院（全日制统招大专）
江西省景德镇市高级旅游职业学校
解放军信息工程大学电子技术学院
辽宁科技大学（原鞍山科技大学）
蒙特克莱尔大学，美国，新泽西州
内蒙古新发展国贸计算机专修学院
山东省莱阳市沐浴店镇榆科顶中学
陕西省安康市汉滨区恒口高级中学
上海大学经济管理学院投资管理系
上海电视大学业余制 目前学习中
上海东华大学莱佛士国际设计学院
上海交通大学夜大学成人教育学院
上海交通大学夜大学工商管理本科
上海锦江理诺士国际酒店管理学院
上海开放大学（原上海电视大学）
上海南湖职业学校/丽星邮轮学校
上海师范大学,上海大学美术学院
上海市春申旅游学院（沪西分院）
上海市第2工业大学(南市分校)
上海市华东师范大学网络教育学院
上海市浦东新区东辉职业技术学校
上海市松江区新桥镇职业技术学校
上海市现代食品职业技能培训中心
上海同济大学继续教育学院高起本
上海同濟大學校 - 高爾夫學院
上海外国语大学成人继续教育学院
上海外国语大学日本文化经济学院
上海外国语大学英语自学考自习班
上海谢荣生摄影艺术职业培训中心
天津软件学院IBM-ETP培训
武汉轻工大学（原武汉工业学院）
西安科技大学（原西安矿业学院）
香港大学SPACE中国商业学院
新加坡Kaplan高等教育学院
新加坡管理发展学院(MDIS)
新加坡国立大学(在新加坡留学）
浙江天台育青中学（省重点中学）
郑州工程学院（现河南工业大学）
中国人民解放军海军蚌埠士官学校
中国人民解放军炮兵学院（合肥）
中国人民解放军炮兵学院南京分院
中国人民解放军炮兵学院上海分院
中国人民解放军装备指挥技术学院
中国政法大学、奥地利维也纳大学
中央党校湖南株洲电力机车厂分校
中央广播电视大学/中国政法大学
69250部队酒店管理和厨师
EADA Barcelona
le cordon bleu
安徽工业大学（上海宝钢校区）
安徽省池州市贵池职业教育中心
安徽省马鞍山市含山县林头中学
安徽省宿州市埇桥区芦岭矿中学
佰士立国际商学院、华夏商学院
北大青鸟（交大慧谷）培训中心
北京大学 EMBA总裁班学员
北京市外国语大学成人教育学院
常州旅游商贸高等职业技术学校
大连外国语大学 日本北陆大学
德国路德维西堡基督教应用大学
对外经济贸易大学继续教育学院
对外经济贸易大学远程教育学院
福建省宁德市师范高等专科学校
格林豪泰酒店管理集团管理学院
广东省广州市交通运输职业学校
广东省江门市南方职业技术学院
广西柳州机车车辆工厂技工学校
广州市财贸学院旅游酒店管理系
贵州省六盘水市那罗矿子弟中学
哈尔滨华夏计算机职业技术学院
河南工商行政管理广播电视大学
河南科技大学(原洛阳工学院)
黑龙江省鸡西市矿务局第二中学
湖南长沙望城一中（重点中学）
华东石油学院（中国石油大学）
华中师范大学文化教育发展中心
华中师范学校 国际文化交流部
霍邱县交警大队驾驶员培训学校
江苏联合职业技术学院淮安分院
江苏联合职业技术学院南通分院
江苏省宝应县小官庄镇中心中学
江苏省无锡市江南大学太湖学院
江苏省无锡市商业职业技术学院
江苏省徐州市财经高等职业学校
江西省余干县职业中等专业学校
交通大学继续教育学院（夜大）
解放军南京通信学院 广州分院
金华职业技术学院国际商务学院
锦屏中学（工作简历详见附件）
荆州理工职业学院（本科在读）
就读广东省高州市科技专修学院
辽宁商业专科学校（渤海大学）
辽源职业技术学校【东湖集团】
鹿邑第一职业中等专业技术学校
美国加州管理大学北京大学分院
美国新罕布什尔大学（UNH)
南加州大学 USC (美国)
南京航空航天大学（专接本 ）
南京军事指挥学院（上海分院）
日本广岛YMCA国际语言学校
日本长野国际文化学院 日本语
山东工业大学（现为山东大学）
山东青岛酒店管理职业技术学院
陕西渭南普田交通职业技术学院
上海第二工业大学(中澳合作)
上海飞虹旅游管理职业技术学校
上海复旦大学(继续教育学院)
上海工程技术大学成人教育学院
上海工程技术大学香港伟业学院
上海海事大学附属职业技术学校
上海海悉教育（西亚进修学院）
上海华东理工大学成人教育学院
上海华东理工大学继续教育学院
上海交通大学高等旅游专科学院
上海交通大學校 - 海外學院
上海浦东职业技能职业培训中心
上海师范大学附属高桥实验中学
上海师范大学附属华东电脑学校
上海师范大学旅游高等专科学院
上海师范大学中新科技管理学院
上海市海洋大学（原水产大学）
上海市黄埔区旅游职业技术学校
上海市黄浦区职工中等专业学校
上海市闸北区市北职业高级中学
上海市长江口商业技术管理学院
上海是虹口高级中学（区重点）
上海同济大学 - 高尔夫学院
上海新亚集团职工中等专业学校
上海应用技术学院泰尔弗商学院
四川旅游学院（原省旅游学校）
四川省眉山市仁寿中等成人学院
四川省宜宾市商业职业中等学校
四川外语学院重庆南方翻译学院
松江二中
天津商业大学（原天津商学院）
无锡旅游商贸高等职业技术学校
武汉科技学院（武汉纺织大学）
武汉市知识产权局(培训经历)
西安电子科技大学网络教育学院
西安思源学院电子信息工程学院
浙江工商大学（原杭州商学院）
浙江省衢州市行知职业教育集团
中国传媒大学南广学院（南京）
中国人民解放军65739部队
中国人民解放军81173部队
中国人民解放军工程兵指挥学院
中国移动通信集团湖北有限公司
中山小学 松江五中 九凌分校
中央广播电视大学（总参学院）
CPA Australia
Dominican UNI
kdu学院滨城分院马来西亚
爱尔兰国立大学,都柏林学院
安徽省 宣城 旌德县 职高
安徽省巢湖市无为县第三中学
安徽省滁州市来安县职业高中
安徽省阜阳市颍上县第二中学
安徽省旅游饭店总经理培训班
安徽省马鞍山市和县香泉中学
奥尔良大学科学技术管理学院
澳大利亚latrobe大学
北京第二外国语学院旅游专科
北京市丽都假日饭店管理学校
北京外国语大学网络教育学院
北京外国语学院成人继续教育
北京悦成移动互联网孵化基地
比利时安特卫普皇家美术学院
常州刘国钧高等职业技术学校
成都信息工程学院网络商学院
大阪ECC国际外语专门学校
大连市私立女子涉外公关学校
德国凯撒斯劳滕应用技术学院
德国凯泽斯劳滕应用技术大学
东华大学（原中国纺织大学）
东华大学拉萨尔国际设计学院
俄亥俄州立大学费舍尔商学院
福建师范大学 生命科学学院
复旦大学(成人教育自学考)
古北路第一小学--天山二中
广东省酒店管理职业技术学校
广东省石油化工职业技术学校
广州市南方模具工业技工学校
海南省海南旅游烹饪技术学校
韩国高丽大学（韩国排名2）
河南省洛阳工业高等专科学校
河南省信阳农业高等专科学校
河南省正阳阳县第二高级中学
黑龙江省鸡西市北方外语学院
黑龙江省佳木斯大学美术学院
黑龙江省实验中学（原铁一）
华东师范大学资源与环境学院
华东政法大学，上海师范大学
华洋电脑培训班 综合文秘科
黄浦区商贸旅游职业技术学校
加拿大达内科技软件培训公司
江苏城市职业学院无锡办学点
江苏省连云港市高级技工学习
江苏省泗阳县三庄乡初级中学
江苏省无锡工艺职业技术学院
江苏省兴化市茅山镇初级中学
江苏省盐城市阜宁县陈集中学
江苏省扬州商务高等职业学校
兰州外语职业学院、南京大学
立信会计高等专科学校夜大学
连云港财经高等职业技术学校
临泉实验田家炳中学（高中）
伦敦艺术大学（新加坡分校）
美国 伊利诺伊大学香槟分校
美国德克萨斯州艾尔帕索学院
美国加州州大圣伯拿迪诺大学
南京/金陵旅馆管理干部学院
南京大学法学院(自考本科)
南京邮电大学－纽约理工学院
南宁市东盟电子职业技术学校
帕萨迪纳城市学院 (美国)
瑞士ce'sar Ritz
瑞士理诺士国际酒店管理学校
山东省临沂师范学院附属高中
山东省青岛理工大学琴岛学院
陕西西安烹饪学院安烹饪学院
上海财经大学（专升本业余）
上海崇明县春申旅游职业学校
上海大学(原上海工业大学)
上海大学国际工商和管理学院
上海工程技术大学/汽车学院
上海工业大学(现上海大学)
上海海事大学（统招全日制）
上海华东师范大学(自学考）
上海华育国际 软件实训基地
上海教科院附属民办高级学校
上海曲阳中学（四年制初中）
上海师大 旅游高等专科学校
上海市宝钢冶金建设公司技校
上海市第二轻工业局职工大学
上海市第二医院新华护士学校
上海市电子信息职业技术学院
上海市工业安装设备学校分校
上海市国际旅游职业技术学校
上海市华东理工大学金山校区
上海市凯美电脑技术应用学校
上海市戏曲学院附属戏曲学校
上海市振华外经职业技术学校
上海外国语大学（成人教育）
上海外国语大学（自考本科）
上海外国语大学（自学考试）
上海外国语大学继续教育学院
上海外国语大学经济人文学院
上海闸北区工商职业技术学校
上海长宁业余大学 市场营销
上海振华外经贸职业技术学校
上海中华职业进修学院大专部
石家庄解放军机械化步兵学院
四川省巴中市巴州区第六中学
四川省成都纺织高等专科学院
四川省广元市剑阁县职业高中
四川省行政财贸干部管理学院
苏州丝绸工学院（苏州大学）
天津外国语学院滨海外事学院
乌克兰国立谢辅琴科民族大学
香港理工大学 - HKPU
新疆阿勒泰地区第二高级中学
新日本学院〔東京都福生市〕
伊利诺伊州立大学芝加哥分校
宜昌市三峡大学职业技术学院
云南省红河州蒙自市红河学院
云南省曲靖市师宗县第一中学
早稻田大学大学院政治研究科
长江大学(原江汉石油学院)
浙江工商大学(全日制自考)
中国海洋大学 国际教育学院
中国科学院上海硅酸盐研究所
中国人民解放军桂林陆军学院
中国人民解放军南京炮兵学院
中国人民解放军西安通信学院
中国人民解放军徐州空军学院
中南财经政法大学（专升本）
中日合作上海外国语进修学院
中央党校函授学院 法律本科
重庆西南政法大学宝圣湖校区
自考东北大学并取的学士学位
51callcenter
uni dortmund
Vatel suisse
安徽蚌埠经济技术职业学院
安徽城市管理职业技术学院
安徽稻香楼厨师高级进修班
安徽农业大学涉外经济学院
安徽省蚌埠市江淮卫生学校
安徽省砀山县文武职业学校
安徽省宿州市淮河职业技校
安徽皖南医学院弋矶山医院
安徽文达信息技术职业学院
奥克兰理工大学（新西兰）
澳大利亚蓝山酒店管理学院
澳大利亚悉尼酒店管理学校
巴黎高等管理学院（ESG
北大青鸟南京中博软件学院
北京大学 计算机软件专业
北京大学, 光华管理学院
北京对外经济贸易管理学院
北京工业大学实验培训中心
北京航空航天大学软件学院
北京航天航空大学北海学院
北京交通大学电气工程学院
北京经济技术研修学院北京
北京经济贸易管理干部学校
北京科技大学（上海分校）
北京科技大学管庄附属学院
北京丽都假日饭店培训学校
北京联合大学应用文理学院
北京青云航空仪表技术学校
北京清华大学高级酒店管理
北京现代经济管理干部学院
毕业于庙头中学 〈高中〉
滨海县八滩镇第二初级中学
部队培训安排济南商贸分校
常州铁道高等职业技术学校
巢湖市、无为县、六州中学
成都电子机械高等专科学校
达内java软件开发培训
大连大学日本语言文化学院
大连工人大学成人教育学院
大连工业大学（金州校区）
大连交通大学信息工程学院
大连理工大学（非全日制）
德国安哈尔特应用科技大学
东京ISI日本语专门学校
东京国际电子会计专门学校
法国圣艾蒂安设计艺术学院
福建省南安市红星职业中专
福建省宁德市广播电视大学
福建师范大学经济管理学院
福建师范大学职业技术学院
复旦大学上海视觉艺术学院
甘肃思威教育职业培训学校
高等自学考试（会计本科）
各类培训机构学习培训多次
广东省高州市时代专修学院
广东省鹤山市鞋业设计学院
广东省韶关市烹饪职业学校
广东省肇庆市第二技工学校
广西桂林旅游高等专科学校
广州应用科技日语专修学院
国家旅游局 四川省旅游局
海南华南高级职业技术学校
合肥工业大学工商管理学院
合肥经济技术职业技术学院
河北理工（唐山工业学院）
河北省邯郸市第二高级中学
河南财经政法大学成功学院
河南工业大学化学工业学院
河南南阳红旗职业技术学校
河南省灵宝市第三初级高中
河南省灵宝市第三高级中学
河南省确山县第一高级中学
河南省禹州市第三高级中学
河南省正阳县第二高级中学
河南省周口市职业技术学校
河南信阳特技职业技术学校
荷兰鹿特丹伊拉斯姆斯大学
黑龙江省牡丹江市第二中学
黑龙江省牡丹江市第四中学
湖北荆州机械电子工业学院
湖北荆州市荆州区太湖中学
湖北省丹江口市均县镇中学
湖北省京山县第一高级中学
湖北省随州市职业技术学院
湖北省襄樊市广播电视大学
湖北省宜昌市电子工业学校
湖北省钟祥市长寿职业高中
湖北思远信息技术有限公司
湖南大学计算机与通信学院
湖南生物机电职业技术学校
华东理工大学（网络学院）
华东理工大学附属中博学院
华东理工大学继续教育学院
华东师范大学（自学考试）
华东师范大学附属东昌中学
华东师范大学附属周浦中学
华东师范大学开放教育学院
华东师范大学网络教育学院
华东师范大学仪表电子分校
华师大二附中附属进华中学
淮安第一职校（盐化工业）
淮安生物工程高等职业学校
汇众游戏学院上海浦东校区
吉林财经大学信息经济学院
吉林省榆树市第二高级中学
吉林师范大学应用工程学院
江南大学（无锡太湖学院）
江南造船集团职业技术学校
江苏常州轻工职业技术学院
江苏省滨海县第二职业中学
江苏省淮安市高级职业学校
江苏省连云港职业技术学院
江苏省涟水县高级技术学校
江苏省宿迁市洋河职业中学
江西华东交通大学软件学院
江西旅游商贸职业技术学院
江西省上饶市信州理工学校
江西鹰潭育才中等职业学校
江西渝州科技职业技术学院
交通大学网络继续教育学院
康定民族师范高等专科学校
科大MBA项目课程班毕业
空军工程大学电讯工程学院
辽宁省 交通高等专科学校
旅游高等专科学校（旅专）
马来西亚云顶英迪国际酒店
马斯特里赫特酒店管理大学
美国 路易斯安那州立大学
美国 州立北阿拉巴马大学
美国Brandeis大学
美国加州州大-波莫拿大学
美国马里兰大学学院市分校
绵阳经济技术高等专科学校
南京航空航天大学本科在读
南京航空航天大学正德学院
南京金陵饭店干部管理学院
南京金陵旅馆管理干部学院
南京金陵旅游干部管理学院
南京理工大学成人教育学院
南京旅游营养中等专业学院
南京审记学院（成人教育）
南京政治学院（北京分院）
南京政治学院空军上海分院
内蒙古师范大学外国语学院
宁波欧风意大利语培训学校
清华大学（MBA高研班）
清华大学（继续教育学院）
日本 千駄ヶ谷日本語学校
日本大阪關西工商管理學院
日本东京都国书日本语学校
日本福冈东和国际教育学院
日本广岛YMCA语言学校
日本名古屋国际日本语学校
如家酒店集团如家管理大学
瑞士 格里昂酒店管理学院
瑞士酒店管理大学SHMS
瑞士凯撒里兹酒店管理学院
瑞士库尔酒店旅游管理学校
厦门集美大学轮机工程学院
山东海天软件工程专修学院
山东省 青岛新港科技学院
山东省苍山县职业中专学校
山东省费县石井镇初级中学
山东省巨野县中天职业学校
山东省聊城市机电技术学校
山东省泰安市泰安卫生学校
山东烟台海军航空工程学院
山西冶金太钢高级技工学院
陕西旅游烹饪学院职业学院
陕西省大荔县石槽初级中学
陕西省理工大职业技术学院
上海财经大学（自学考试)
上海财经大学继续教育学院
上海财经大学职业技术学院
上海崇明城东职业技术学校
上海达内软件科技有限公司
上海大学（悉尼工商学院）
上海大学国际工商管理学院
上海大众汽车公司培训中心
上海第二工业大学宝山校区
上海第一电子仪表工业学校
上海电视大学（昂立分校）
上海电子技术中等专科学校
上海电子信息职业技术学校
上海东海高等职业技术学院
上海复旦大学(成人教育)
上海复旦大学（自学考试）
上海复旦大学成人教育学院
上海工程技术大学服装学院
上海广播电视职业技术学校
上海国际经济技术进修学校
上海国际经济技术进修学院
上海国际旅游职业技术学校
上海海事大学（夜大在读）
上海海事大学附属职业学校
上海海事大学高等技术学院
上海海事大学工商管理学院
上海海同信息科技有限公司
上海鸿文国际职业高级中学
上海华东理工大学（夜大）
上海华东理工大学继续学院
上海华东理工继续教育学院
上海华东理工网络教育学院
上海建筑工程学校（中国）
上海交大附属第二医科大学
上海交通大学（昂立学院）
上海交通大学（继续学院）
上海交通大学（网络学院）
上海交通大学成人教育学院
上海交通大学附属卫生学校
上海交通大学附属新华卫校
上海交通大学海外教育学院
上海交通大学继续教育学院
上海交通大学网络管理学院
上海交通大学网络教育学院
上海金融学院继续教育学院
上海静安烹饪专业培训学校
上海理工大学医疗器械学院
上海理工大学中英国际学院
上海立信会计高等专科学校
上海立信会计学院高职学院
上海南湖高等职业技术学院
上海浦东职业技能培训中心
上海前进进修学院(大专)
上海群益职业 技术学校！
上海商学院（统招全日制）
上海师范大学第二附属中学
上海师范大学继续教育学院
上海师范大学教师培训中心
上海石油化工高等专科学校
上海示范大学继续教育学院
上海市电视大学(全日制)
上海市董恒甫职业技术学校
上海市静安区成人业余大学
上海市劳动局第三高级职校
上海市旅游协会饭店业分会
上海市前锋中学（高中部）
上海市振华外经贸综合高中
上海通用汽车公司培训中心
上海托普信息技术职业学院
上海外国语大学（全日制）
上海威讯天达软件专修学院
上海文峰职业技能培训学校
上海新华旅游职业技术学校
上海新闻出版职业技术学校
上海兴韦信息技术职业学院
上海徐汇酒店管理业余大学
上海医疗器械高等专科学院
上海医疗仪器高等专科学校
上海印刷出版高等专科学校
上海云登北大青鸟培训中心
上海造纸机械总厂技工学校
上海长乐——霍尔姆斯学院
上海振华外经职业技术学校
上海振华职业外经技术学校
上海中西旅游职业技术学院
邵阳双清中等职业技术学校
沈阳理工大学应用技术学院
首都经济贸易大学（在职）
四川联合大学经济管理专业
四川省绵阳市职业技术学院
四川省宣汉县第二高级中学
四川托普信息职业技术学院
嵩山少林武术职业技术学院
同济大学城市建设管理学院
皖六安市第二高级职业学院
王森国际西点西餐咖啡学院
乌克兰熬的撒国立音乐学院
无锡旅游商贸高级职业中学
武汉科技大学电子技术学院
武汉科技大学职业技术学院
武汉软件工程职业技术学院
武汉市委党校经济管理学院
西安航空技术高等专科学校
西安交通大学网络教育学院
西班牙马德里康普顿斯大学
西北大学（自学考试中心）
西北大学软件技术职业学院
西北大学软件职业技术学院
西北工业大学网络教育学院
西华师范大学（本科肄业）
西南交通大学网络教育学院
西南科技大学（西山校区）
新加坡英华美（上海）学院
新疆阿克苏市建设兵团一中
新西兰Waikato大学
新亚集团职工中等专业学校
杨浦区劳动局技术培训学校
颍上县八里河职业技术学校
长江大学（自考本科在读）
长沙空军航空维修技术学院
浙江广厦职业建设技术学院
郑州大学升达经贸管理学院
郑州电子信息职业技术学员
鄭州旅遊職業学院〔鄭州〕
中北大学（原华北工学院）
中共中央党校成人教育学院
中共中央党校航天二院分校
中国公安海警高等专科学校
中国美术学院视觉艺术学院
中国民航大学电子信息工程
中国人民大学(成人教育）
中国人民大学人力网络学院
中国人民大学网络教育学院
中国政法大学、维也纳大学
中央广播电视大学上海分校
中央广播电视大学新民分校
重庆万州商贸中等专业学校
重庆正大软件职业技术学院
珠海市实验中学（高中部）
自修大学（成人高等教育）
ICB （德国不来梅）
PCEC英华美上海学院
RWTH Aachen
Vatel NImes
爱尔兰沃特福德理工学院
安博英豪进修学院 函授
安哈尔特应用技术大学,
安徽财贸学院(全日制)
安徽申省，黄山林业学校
安徽省蚌埠市固镇县三中
安徽省合肥职业技术学院
安徽省淮南动力工程学校
安徽省绩溪烹调职业学校
安徽省涡阳文武职业学校
安徽省芜湖少林武术学校
安徽省芜湖市南陵县职高
安徽外国语职业技术学院
奥克兰理工大学 AUT
澳大利亚翻译和口译学院
澳大利亚昆士兰理工大学
澳大利亚墨尔本理工大学
澳大利亚塔斯马尼亚大学
澳大利亚新南威尔士大学
澳大利亚詹姆斯库克大学
巴中远程计算机工程学校
北京对外经济与贸易大学
北京联合大学 管理学院
北京外国语大学高教自考
北京外国语大学网路学院
成都市铁路运输职业学校
成人业余 华东政法大学
大连瓦房店第六高级中学
大庆石油学院秦皇岛分院
德国 杜伊斯堡埃森大学
德国勃兰登堡州科技大学
德国杜伊斯堡-埃森大学
德国克劳斯塔尔工业大学
德国梅泽堡应用科技大学
东北财经大学津桥商学院
东北石油大学秦皇岛分校
法国格勒诺布尔第三大学
法国特鲁瓦工程技术大学
福建省福州华南女子学院
福建省金融职业技术学院
福建师范大学 大专结业
福州市黎明职业技术学院
赴日本参加酒店交换培训
复旦大学太平洋金融学院
广东高州市中港理工学校
广东省建筑技术职业学院
广东省贸易职业技术学院
广东省顺德职业技术学院
广西北海合浦县第二中学
广西财经学院（全日制）
广州军区75706部队
广州市华成商贸专修学院
广州市旅游商贸职业学校
广州市旅游职业高级中学
广州市贸易职业高级中学
哈尔滨高等职业技术学校
哈尔滨工业美术设计学校
哈尔滨金融高等专科学校
哈尔滨理工大学远东学院
哈尔滨商业大学广厦学院
哈师大阿城学院附属高中
合肥工业大学（交换生）
合肥工业大学(全日制)
和歌山大学(日本国立）
河北大学 影视艺术学院
河北省霸州市东段乡中学
河北省廊坊职业技术学院
河北省秦皇岛市燕山大学
河南财经学院（专升本）
河南开封市高级技工学校
河南省济源职业技术学院
河南正阳县第二高级中学
荷兰CHN酒店管理学院
黑龙江成人中等专业学校
黑龙江工商管理技术学院
黑龙江工商职业技术学院
黑龙江民航乘务运输学院
黑龙江齐齐哈尔第三高中
黑龙江省哈尔滨师范大学
黑龙江省黑河市黑河学院
黑龙江省鸡西市第四中学
黑龙江省牡丹江建筑中转
衡阳市经济干部管理学院
虹口区教育学院附属中学
湖北省大冶市大箕铺高中
湖北省鄂东职业技术学院
湖北省红安县八里镇初中
湖北省红安县八里镇高中
湖北省黄冈职业技术学院
湖北省京伦职业技术学院
湖北省经理管理干部学院
湖北省十堰市郧阳医学院
湖北省十堰市竹溪县一中
湖北省咸宁财税会计学校
湖北省咸宁职业技术学院
湖北宜昌市电子工业学校
湖北远安县第二高级中学
湖南经济科技专修许学院
湖南省经济管理干部学院
湖南省石油化工职工大学
湖南省湘西职业技术学院
湖南师大数学与计算机系
湖南长沙田家炳实验中学
华东师范大学 （辅修）
华东师范大学 （夜大）
淮北矿务局芦岭高级中学
吉林省经济干部管理学院
吉林省商业高等专科学校
吉林省长春职业技术学校
吉林市工商管理专修学院
加拿大英属哥伦比亚大学
江苏，镇江司机训练大队
江苏海门高职教育中心校
江苏省常州高级技工学院
江苏省明达职业技术学院
江苏省省级机关干部学院
江苏省盐城师范高等学校
江苏省镇江高等专科学校
江苏新东方烹饪技术学校
江苏盐城市城区市委党校
江西庐山白鹭外国语学校
江西省上饶县郑坊镇中学
江西省通用技术工程学校
江西师范大学计算机学院
江西太阳能科技职业学院
解放军理工大学（自考）
解放军天津运输工程学院
科大讯飞安广院科研中心
兰赛普IT高端培训机构
兰州大学/西北师范大学
兰州交通大学（双学位）
连云港化工高等专科学校
連雲港化工高等專科學校
辽宁省涉外旅游管理学校
辽宁省体育运动技术学院
庐江职业与成人教育中心
马来亚大学（马来西亚）
毛呢西服定制店拜师学艺
美国俄克拉荷马州立大学
美国加州大学伯克利分校
美国加州大学洛杉矶分校
美国蒙特克莱尔州立大学
美国密西根州北伍德大学
绵阳市电气机械工业学院
名古屋SKY日本语学校
某某工程学院，某某学院
慕尼黑工业大学（德国）
南京大学（社会大自考）
南京理工大学（专接本）
南京市财经大学红山学院
南京市南师附中江宁分校
南开大学旅游与服务学院
宁夏青铜峡技术专业学校
纽西兰怀阿里奇理工学院
纽约州立大学水牛城分校
青浦区朱家角镇聋哑学校
日本 渋谷外国専門学校
日本东京艺术大学大学院
日本崎玉工业大学大学院
瑞士格里昂酒店管理学院
瑞士理诺士酒店管理大学
瑞士理诺士酒店管理学校
瑞士理诺士酒店管理学院
瑞士意大利语区音乐学院
厦 门 南 洋 学 院
山东省农业管理干部学院
山东省商业职业技术学院
山东中医药高级技工学院
山西省沁县中等专业学校
陕西省汉中职业厨师学院
陕西省经济管理干部学院
陕西省烹饪旅游专修学院
陕西省青年干部管理学院
陕西省榆林益友技术学院
上海51testing
上海财经大学(夜大学)
上海财经大学（自学考）
上海船舶运输科学研究所
上海大学 悉尼工商学院
上海电视大学（全日制）
上海电视大学闵行二分校
上海电视中专闵行一分校
上海东辉学校（中专部）
上海华东师范大学夜大学
上海江湾机械厂技工学校
上海交通大学（全日制）
上海锦江酒店·管理学院
上海卢湾区职业教育中心
上海迈克汀国际商务学院
上海南方房地产专科学院
上海南市区饮食烹饪学校
上海市邦德职业技术学院
上海市曹扬职业技术学校
上海市曹杨职业技术学校
上海市城市管理技术学院
上海市城市建设工程学校
上海市崇明长江技术学院
上海市春申旅游职业学校
上海市电大徐汇财贸分校
上海市电视中等专业学校
上海市电视中专静安分校
上海市东海职业技术学院
上海市东辉职业技术学校
上海市高艺厨师培训学校
上海市工程技术管理学校
上海市工艺美术职业学院
上海市建峰职业技术学院
上海市建桥职业技术学院
上海市交通大学欧华学院
上海市交通职业技术学校
上海市静安旅游培训学校
上海市辽原职业技术学校
上海市聋哑青年技术学校
上海市旅游高等专科学校
上海市旅游高等专科学院
上海市旅游职业技术学校
上海市民力酒店管理大专
上海市南翔第二高级中学
上海市欧华职业技术学院
上海市培青业余进修学院
上海市青年管理干部学院
上海市群星职业技术学校
上海市商业职业技术学校
上海市市西中学武定分校
上海市体育运动技术学院
上海市托普信息管理学院
上海市托普信息技术学院
上海市现代职业技术学校
上海市新华职业技术学校
上海市新侨职业技术学院
上海市新业职业技术学校
上海市信息技术职业学校
上海市徐汇职业高级中学
上海市杨浦职业技术学校
上海市逸夫职业技术学校
上海市长宁科技进修学院
上海市针织公司技术学校
上海市中华职业技术学校
上海市中侨职业技术学院
上海市中西旅游进修学校
上海市重点高中格致中学
上海水晶石数字教育学院
上海同济大学(全日制）
上海外国语大学（夜大）
上海外国语大学继续学院
上海无线电电子技术学校
上海新世纪职业技术学校
上海新世界语言进修学校
上学交通大学（专升本）
石家庄市计算机职业学院
四川省旅游酒店管理学院
四川省南充市南部县2中
四川省中和职业技术学校
天津轻工也职业技术学院
乌鲁木齐市职业技术学校
伍伦贡大学- 澳大利亚
武汉大学（在职研究生）
武汉市涉外服务旅游学校
武汉四维梦工厂软件学院
武警8732部队服兵役
西 安 外 事 学 院
西班牙EADA管理学院
西藏军区七七六一一部队
香港大学SPACE学院
小学、中学、高中、大专
新北市淡水工商管理學院
新加坡博伟国际教育学院
新加坡国际工商管理学院
新加坡南洋现代管理学院
新疆石河子大学经贸分院
徐州市铜山毛村高级中学
扬州大学 扬州科技学院
扬州市英才旅游烹饪学校
杨浦第七中学（高中类）
印第安纳大学伯明顿分校
印度Osmania大学
英国北方大学联盟预科班
英国特许公认会计师公会
英国谢菲尔德哈勒姆大学
英国驻马来西亚林等大学
云南省西双版纳职业高中
长乐-霍尔姆斯职业学校
长沙市航空职业技术学院
长沙学院（原长沙大学）
郑州大学西亚斯国际学院
中国人民解放军炮兵学院
中国政法大学 法律大专
中山大学(广州北校区)
中央电大与中国政法大学
中原工学院广播影视学院
重庆市第三水利电力学校
重庆市开县郭家初级中学
65735陆军汽车连
Bachelor's
CNAM,法国,巴黎
DELE西班牙语学校
demensions
IFA服装设计师学院
KDUcollege
Les Roches
NIIT信息技术学院
PCEC霍尔姆斯学院
Tongji Uni
艾克赛特大学
爱尔兰阿斯隆理工学院
爱尔兰国立都柏林大学
安徽安庆电视广播大学
安徽安庆职业技术学院
安徽亳州职业技术学院
安徽财经大学（成考）
安徽财贸学院自学本科
安徽财贸职业技术学院
安徽池州职业技术学院
安徽大学继续教育学院
安徽电子信息技术学院
安徽合肥职工科技大学
安徽机电学院（自考）
安徽来安半塔高级中学
安徽六安国防科技学院
安徽六安徐集高集中学
安徽南陵三里孔村中学
安徽商业高等专科学校
安徽涉外经济技术学院
安徽审计职业技术学院
安徽省，黄山林业学校
安徽省,黄山林业学校
安徽省巢湖市第八中学
安徽省池州市殷汇中学
安徽省含山县林头高中
安徽省合肥市工业大学
安徽省淮北市第一中学
安徽省淮南市第三中学
安徽省霍邱县第二中学
安徽省霍邱县第三小学
安徽省马鞍山工业学校
安徽省铜陵市铜陵学院
安徽省宿松县河塌中学
安徽省颖上县第一中学
安徽师范大学（一本）
安徽师范大学自学考委
安徽寿县安丰高级中学
安徽万博科技职业学院
安徽芜湖职业技术学院
安徽新华电脑专修学院
安徽宿州苗安高级中学
澳大利亚国立南澳大学
澳大利亚酒店管理学院
澳大利亚南昆士兰大学
澳大利亚南十字星大学
澳大利亚南十字星学院
澳大利亚纽卡斯尔大学
澳大利亚维多利亚大学
澳大利亚悉尼科技大学
蚌埠职业教育专修学院
北大青鸟授权培训中心
北大青鸟长宁直授中心
北方工商管理研修学院
北京东方财经日语大学
北京东方清软国际学院
北京东方文化艺术学院
北京对外经济贸易大学
北京工商大学研究生院
北京国际职业教育学院
北京化工大学北方学院
北京机械士官技术学院
北京京文国际管理学院
北京经济管理干部学校
北京经济管理函授学院
北京经济技术研修学院
北京經貿航空服務學院
北京科技大学上海分校
北京科技大学远程教育
北京劳动和社会保障局
北京理工大学成人教育
北京联合大学旅游学院
北京绿拓户外拓展培训
北京美国英语语言学院
北京求实职业学校入学
北京涉外经济研修学院
北京涉外经济专修学院
北京市沙子口职业学校
北京市西城区职工大学
北京武警特种指挥学院
北京信息工程专修学院
北京宣武第一职业学校
北京音乐广播电视大学
北京饮食机械技师学院
北京卓达经济管理学院
比利时天主教鲁汶大学
亳州职业技能鉴定学校
博通高级教育培训中心
常州纺织服装职业学院
朝阳区团结湖第二中学
成都工商行政管理学院
城西国际大学（日本）
赤壁机电信息技术学校
达州工贸职业技术学院
大连交通大学软件学院
大连理工大学网络学院
大连瓦房店第十四中学
大连庄河第五高级中学
德国安哈尔特科技大学
德国奥斯纳布吕克大学
德国勃兰登堡工业大学
德国布伦瑞克工业大学
德累斯顿工业大学
德国国立罗斯托克大学
德国开姆尼茨工业大学
德阳现代科技技术学院
东北大学东软信息学院
东北石油大学艺术学院
东方旅游职业技术学校
东莞理工学院(2本)
东华大学职业技术学院
东京综合写真专门学校
东南大学经济管理学院
东南大学职业教育学院
東京商科学院専門学校
法国EDHEC商学院
法国NEOMA商学院
法国图卢兹高等商学院
福建工程学院软件学院
福建经济管理干部学院
福建省光泽县第二中学
福建省南平邵武四中中
福建省三明市农业学校
福建省诏安县第一中学
福建师范大学旅游学院
阜阳科技职业技术学院
复旦大学成人教学学院
复旦大学成人教育学院
复旦大学继续教育学院
复旦大学网络教育学院
復旦大學繼續教育學院
甘肃省白锒市`市一中
甘肃省陇西县第一中学
公安海警高等专科学校
管理咨询师 执业资格
广东省高要市第一中学
广东省惠阳市秋长中学
广东省惠州市惠州学院
广东省雷州市第二中学
广东省轻工业技师学院
广东省韶关市仁化高中
广东外语艺术职业学院
广东职业技术师范学院
广东中山大学管理学院
广东中山大学南方学院
广西桂林山水职业学院
广西南宁职业技术学院
广元市职业高级中学校
广州大学市政技术学院
广州华联外语实验学校
广州金融高等专科学院
广州经济技术专修学院
广州轻工高级技工学校
贵州省机械厅职工大学
桂林高等旅游专科学校
桂林商贸旅游技工学校
国际旅游职业技术学校
國立清華大學(台灣)
國立台灣大學(台灣)
哈尔滨诚实外国语学院
哈尔滨商业大学会计学
哈尔滨市第十四中学校
海口经济职业技术学院
海南工商职业技术学院
海南省三亚市第一中学
海南省三亚市琼州学院
行健职业学院酒店管理
航空航天大学金城学院
航天信息股份有限公司
合肥滨湖职业技术学院
合肥达内科技有限公司
合肥工业大学经营管理
合肥经济技术职业学院
合肥经济职业技术学院
合肥经贸职业技术学校
合肥市兴化计算机学院
河北沧州职业技术学院
河北大学（在读自考）
河北大学国际交流学院
河北邢台职业技术学院
河北宣化炮兵指挥学院
河南大学历史文化学院
河南国际教育交流学院
河南济源职业技术学院
河南教育国际交流学院
河南农业大学华豫学院
河南商丘职业技术学院
河南商业高等专科学校
河南省固始县高级中学
河南省淮阳县第一中学
河南省沁阳市第一中学
河南省遂平县初级中学
河南省遂平县高级中学
河南省唐河县第一高中
河南省新乡市第三中学
河南省信阳市师范学院
河南宋基信阳实验中学
河南新乡武警部队服役
河南信息工程专修学院
黑龙江省大庆石油学院
黑龙江省农业经济学校
黑龙江省七台河市大学
黑龙江省齐齐哈尔大学
湖北巴东第二高级中学
湖北财经高等专科学校
湖北大学旅游技术学院
湖北大学职业技术学院
湖北恩施职业技术学院
湖北工业艺术设计学院
湖北黄冈职业技术学院
湖北黄石人民警察学校
湖北经济管理干部学院
湖北荆州职业技术学校
湖北荆州职业技术学院
湖北开放职业技术学院
湖北科技职业技术学院
湖北省大冶市第一中学
湖北省大冶市名山中学
湖北省第一轻工业学校
湖北省洪湖市机电学院
湖北省黄梅县小池三中
湖北省江陵县新口中学
湖北省荆门市龙泉中学
湖北省武穴市红旗高中
湖北省阳新县太子高中
湖北省枣阳市师范学校
湖北思远信息技术学校
湖北襄樊职业技术学院
湖北信息工程专修学院
湖北宜昌酒店管理学院
湖北银河信息技术学院
湖南对外经济贸易学院
湖南公安高等专科学校
湖南黄兴工商管理学院
湖南经济科技专修学院
湖南军事经济管理学院
湖南科技经贸职业学院
湖南科技职业技术学院
湖南农业大学人文学院
湖南人文科技职业学院
湖南邵阳职业技术学校
湖南生物机电技术学院
湖南省常德市卫生学校
湖南省常宁市第一中学
湖南省耒阳市职业高中
湖南省宁乡县第九中学
湖南省望城县第一中学
湖南省委党校耒阳分校
湖南省益阳市师范学校
湖南省岳阳市第三中学
湖南省岳阳县第二中学
湖南信息科学职业学院
湖南长沙涉外经济学院
沪东造船集团技术学校
华北电力大学(北京)
华东理工 和华东政法
华东理工大学 自学考
华东理工大学（在读）
华东理工大学经济学院
华东理工大学网络教育
华东理工大学网络学院
华东师大第一附属中学
华东师范大学计算机系
华东师范大学理工学院
华东师范大学网络学院
华东政法大学（自考）
华东政法大学附属中学
华侨大学集美华文学院
华师大网络学前教育学
华中科技大学EMBA
华中科技大学文华学院
华中师范大学汉口分校
华中师范大学仙桃学院
淮海工学院 统招本二
淮南联合大学统招专科
黄山旅游职业试点学校
吉林财税高等专科学校
吉林大学通信工程学院
吉林农业大学发展学院
济南铁路高级技术学院
加州州立大学长滩分校
简阳市镇金镇高级中学
江苏城市职业技术学院
江苏大学机械工程学院
江苏东南科技专修学校
江苏东南科技专修学院
江苏还是职业技术学院
江苏海门职业技术学院
江苏淮阴电子工业学校
江苏南方科技专修学院
江苏省东台市第三中学
江苏省东台市五烈中学
江苏省阜宁县北沙中学
江苏省阜宁县阜宁中学
江苏省海安县曲塘中学
江苏省靖江市高级中学
江苏省南通市恒兴中学
江苏省启东市江海中学
江苏省泰州市泰州学院
江苏省宿迁市马陵高中
江苏省镇江市旅游学校
江苏食品职业技术学院
江苏徐州沛县龙固中学
江苏扬州职业技术学院
江苏阳光职业专修学校
江西财经大学（一本）
江西大宇职业技术学院
江西枫林涉外经贸学院
江西经济管理专修学院
江西农业大学软件学院
江西萍乡高等专科学院
江西省贛州巿石城高中
江西省景德镇陶瓷学院
江西省九江市九江学院
江西省九江县第二中学
江西省乐平市第三中学
江西省萍乡市职业高中
江西省宜春市轻工学校
江西省宜春市宜春学院
江西师范大学附属中学
江西信息职业技术学院
江西渝州电子工业学院
交通大学成人教育学院
交通大学附属第二中学
交通大学网络教育学院
焦作师范高等专科院校
解放军71522部队
金陵科技学院龙蟠学院
金陵旅馆干部管理学院
凯达职业技术培训学校
凯泽斯劳滕大学 德国
空军工程大学工程学院
昆山硅湖职业技术学院
兰州大学网络教育学院
兰州工业高等专科学校
立命馆亚洲太平洋大学
立信会计高等专科学校
立信会计学校天工分校
辽宁财政高等专科学校
辽宁大学(成人教育)
辽宁大学高等教育学院
辽宁大学经济管理学院
辽宁交通高等专科学校
辽宁省锦州市渤海大学
临沂职业中等专业学校
柳州城市职业技术学院
伦敦大学皇后玛丽学院
伦敦马兰欧尼设计学院
洛桑酒店管理培训中心
洛阳工业高等专科学校
洛阳解放军外国语学院
洛阳铁路隧道技工学校
马德里卡洛斯三世大学
马里兰大学学院市分校
美国饭店协会教育学院
美国菲尔莱狄更斯大学
美国西俄勒冈大学大学
绵阳市高级职业中专校
民航上海中等专业学校
闵行区旅游服务与管理
明尼苏达大学双城分校
南昌教育学院成人学院
南充市顺庆区芦溪中学
南湖职业学校第一分校
南京财经大学 成教院
南京财经大学（自考）
南京大学（江苏自考）
南京大学（自学考试）
南京大学成人教育学院
南京动力高等专科学校
南京工程高等职业学校
南京光电技术技工学院
南京航天管理干部学院
南京湖熟职业高级中学
南京金陵旅馆管理学院
南京金融高等专科学校
南京旅游职业技术学院
南京师范大学(自考)
南京师范大学晓庄学院
南京市江宁区第二中学
南京信息工程职业学校
南京应天职业技术学院
南京长江电脑专修学院
南京政治学院上海分院
南开大学网络教育学院
南通纺织职业技术学院
宁波欧风意大利语学校
宁德师范高等专科学校
宁夏经贸职业技术学院
平顶山市天鹰职业学院
齐齐哈尔大学黑河分校
青岛恒星职业技术学院
青岛华育软件培训公司
青岛黄海职业技术学院
青岛新港科技专修学院
庆阳理工中等专科学校
曲阜师范大学杏坛学院
泉州华光摄影艺术学院
人民大学财政金融学院
日本东京中央语言学院
日本广岛文化学院大学
日本国立滋賀大学留学
日本横浜国际教育学院
日本九州国际言语学院
日本早稻田大学大学院
瑞典布罗斯大学交换生
瑞士国际酒店管理学校
瑞士酒店行政管理学院
厦门华厦职业技术学院
山东大学（成人自考）
山东德州科技职业学院
山东华宇职业技术学院
山东机电中等专业学校
山东经济管理干部学院
山东临沂远大职业学院
山东农业管理干部学院
山东省济南啊商贸学校
山东省济南市卫生学校
山东省济宁市汶上一中
山东省邹城市实验中学
山东水利职业技术学院
山西建筑工程专修学院
山西省汾阳市三泉高中
山西省平遥县平遥二中
陕西省宝鸡市江城中学
陕西省宝鸡市眉县中学
陕西省宝鸡市文理学院
陕西省府谷县第二中学
陕西省洛南县洛南中学
陕西省渭南市技术学院
陕西省西安市西京学院
陕西省-咸阳师范学院
上海邦德职业技术学校
上海宝山职业技术学院
上海北桥职业技术学校
上海财经大学（自考）
上海财经大学(自考）
上海财经大学成教学院
上海财贸干部管理学院
上海曹阳职业技术学校
上海曹杨职业技术学校
上海城市建设工程学院
上海崇实旅游专科学校
上海春申旅游进修学院
上海达内教育科技学院
上海达内科技有限公司
上海达内软件培训中心
上海达内数字艺术学院
上海大学巴士汽车学院
上海大学成人教育学院
上海大学国际商业学院
上海大学旅游专科学院
上海大学悉尼工商学院
上海大学知识产权学院
上海第二职业技术学校
上海第三女子初级中学
上海第一纺织工业学校
上海电力学院（在读）
上海电视大学奉贤分校
上海电视大学南汇分校
上海电视大学摄影专业
上海电视大学长宁分校
上海电视中等专科学校
上海电视中等专科学院
上海电子信息技术学院
上海东方旅游职业学校
上海东方职业技术学院
上海东辉职业技术学校
上海东进韩语培训学校
上海纺织高等专科学校
上海纺织工业专科学校
上海纺织职工工业大学
上海风光技术职业学校
上海风光中等专科学校
上海奉贤致远高级中学
上海复旦大学成人学院
上海复旦继续教育学院
上海高等旅游专科学校
上海高艺职业技能学校
上海工程技术管理学校
上海工会管理干部学校
上海工商职业技术学院
上海国际旅游职业学校
上海国际职业培训中心
上海海艺职业技术学校
上海行健职业技术学院
上海和平职业技术学校
上海鸿文高级技术学校
上海鸿文国际高级中学
上海沪东科技进修学院
上海华东理工网络学院
上海华东师范网络学院
上海华育软件培训机构
上海黄浦成人教育学院
上海黄浦旅游管理专科
上海火星时代教育中心
上海机械高等专科学校
上海佳华教育进修学院
上海建桥职业技术学院
上海交大昂立进修学校
上海交大成人教育学院
上海交大继续教育学院
上海交通大学（本科）
上海交通大学(成教）
上海交通大学（自考）
上海交通大学成人学院
上海交通大学附属中学
上海交通大学技术学院
上海交通大学继续学院
上海交通大学培训学院
上海交通大学网络教育
上海交通大学网络学院
上海交通职业技术学校
上海金融高等专科学校
上海金山食品工业学校
上海经济干部管理学院
上海经济管理干部学院
上海静安政协烹饪学校
上海开放大学浦东东校
上海科技干部管理学院
上海科学职业技术学院
上海理工中英国际学院
上海立信会计专科学校
上海聋哑青年技术学校
上海旅游高等专科学院
上海旅游职业技术学校
上海旅游职业技术学院
上海民进自强进修学校
上海民申职业技术学校
上海南洋科技进修学院
上海农业广播电视学校
上海蓬莱经贸职业学校
上海浦东国际培训中心
上海浦东劳动保障学会
上海浦东耀华中专学校
上海企业管理培训中心
上海强生职业技术学校
上海侨友旅游进修学院
上海群星职业技术学校
上海群益职业技术学校
上海人才继续教育学院
上海商贸旅游职业学校
上海商学院（全日制）
上海商业一局职工大学
上海商业职业技术学校
上海商业职业技术学院
上海涉外贸易管理学院
上海师范成人教育学院
上海师范大学旅游学院
上海师范大学青年学院
上海石化旅游工业学校
上海市宝山区聋哑学校
上海市第二轻工业学校
上海市工商外国语学校
上海市工商外国语学院
上海市虹口区北虹中学
上海市建筑四公司技校
上海市轻工业职工大学
上海市社会劳动保障局
上海市师范大学高复班
上海市市南中学高中部
上海市新虹桥高级中学
上海市闸北区第二中学
上海市长宁区天山中学
上海市芷江高等民办中
上海思博职业技术学校
上海体育运动技术学院
上海托普信息技术学院
上海外国语大学德语糸
上海外国语大学自考班
上海西南工程技术学校
上海悉尼工商管理学院
上海现代职业技术学校
上海新华职业技术学校
上海新华职业技术学院
上海新桥职业技术学院
上海新闻出版技术学校
上海新亚高级进修学院
上海新亚饮食服务学校
上海信息管理专修学院
上海徐汇职业高级中学
上海杨浦职业技术学校
上海冶金高等专科学校
上海一钢集团有限公司
上海逸夫职业技术学校
上海应用技术管理学院
上海长乐霍尔姆斯学校
上海长宁科技进修学院
上海振华职业技术学院
上海政法管理干部学院
上海中桥职业技术学院
上海中亚饮食烹饪学校
上海中医国际康复学校
上外贤达经济人文学院
上智大学(日本东京)
邵阳师范高等专科学校
沈阳大学科技工程学院
沈阳高等电力专科学校
沈阳市第十一中学学习
沈阳冶金机械专科学校
石家庄外国语职业学院
石家庄外经贸职业学院
四川机电工程专修学院
四川机电专修工程学院
四川乐山师范高等学院
四川乐山现代厨师学校
四川民盟科技经贸学院
四川烹饪高等专科学校
四川商业高等专科学校
四川省大英县回马中学
四川省井研县集益中学
四川省绵阳市芦溪中学
四川省盐亭县富驿中学
四川省自贡市曙光中学
四川师范大学附属中学
四川师范大学文理学院
四川外语学院成都学院
苏州高博软件培训中心
苏州联合职业技术学校
苏州轻工业局职工大学
苏州园区职业技术学院
泰国东方大学国际学院
天津滨海干部管理学院
天津大学网络教育学院
天津海运职业技术学院
天津职工经济技术大学
调兵山市第二高级中学
同济大学国际交流学院
同济大学继续教育学院
同济大学网络教育学院
同济医科大学德语学院
桐蔭横浜大学（日本）
铜陵学院（本科二本）
韦博国际英语培训机构
韦博国际英语培训学校
潍坊经纬职业培训学校
无锡NIIT软件学院
无锡城市职业技术学校
无锡卫生高等技术学校
芜湖信息技术职业学院
武汉大学（业余在读）
武汉大学城市设计学院
武汉工程职业技术学校
武汉宏鹏职业培训学校
武汉科技大学中南分校
武汉科技职业技术学院
武汉秘书速记进修学院
武汉软件职业技术学院
武汉商贸职业技术学院
武汉外语翻译进修学院
武汉中南财经政法大学
武警山西总队太原支队
舞阳第三职业高级中学
西安北大青鸟高新校区
西安桃李旅游烹饪学院
西安外国语大学汉学远
西班牙EADA商学院
西班牙坎塔布里亚大学
西北大学建设科技学院
西北大学经济管理学院
西北大学软件技术学院
西北大学职业技术学院
西藏军区司机训练大队
西南交通大学（自考）
先之国际酒店管理学院
翔宇教育集团报应中学
新加坡香格里拉大酒店
新疆二十七团子女一校
新思餐饮技能培训学校
新闻出版职业技术学院
信阳农业高等专科学校
徐州建筑职业技术学院
徐州同创职业技术学校
许昌高等师范专科学校
烟台大信工商管理学院
延边大学科学技术学院
延边大学辽宁渤海学院
盐城市阜宁县三马中学
扬州高等职业技术学校
扬州英才技工烹饪学校
鄞州职业教育中心学校
英国Napier大学
英国安格利亚理工大学
英国哈德斯菲尔德大学
英国皇家密德萨斯大学
英国伦敦政治经济学院
英国玛格丽特皇后大学
英国牛津布鲁克斯大学
英国诺丁汉特伦特大学
云南师大附中高新一中
札幌IAY日本语学校
闸北旅游职业技术学校
张掖师范高等专科学校
长春金融高等专科学院
长江大学继续教育学院
长沙学院（长沙大学）
肇庆华洋外语技术学校
浙江春花职业电脑学院
浙江工貿職業技術學院
浙江工业大学信息学院
浙江农林大学天目学院
浙江省湖州市南浔中学
浙江省嘉兴市交通学校
浙江省兰溪市第一中学
浙江省平湖市城关中学
浙江省嵊州市成人中专
浙江师范大学文化艺校
浙江台州第一职教中心
真空电子职业技术学校
振华外经职业技术学校
郑州大学软件技术学院
郑州教育国际交流学院
郑州理工大学专修学院
郑州信息职业技术学院
郑州职业旅游管理学院
中国地址大学江城学院
中国地质大学(北京)
中国地质大学（北京）
中国地质大学（上海）
中国地质大学（武汉）
中国地质大学江城学院
中国地质大学武汉分校
中国纺织机械专科学校
中国国际经济管理学院
中国国际经济贸易大学
中国海洋大学青岛学院
中国酒店干部管理学院
中国科技经营管理大学
中国矿业大学(北京)
中国矿业大学（北京）
中国矿业大学银川学校
中国旅游管理干部学院
中国民航干部管理学院
中国人民大学经济学院
中国人民大学培训学院
中国人民大学网络教育
中国人民武装部队学院
中国人民武装警察部队
中国石油大学（北京）
中国石油大学（华东）
中国石油大学（华东)
中国石油大学(进修)
中南民族大学工商学院
中山大学旅游管理学院
中央湖南广播电视大学
中央民族大学东北分院
忠华初级职业技术学校
重庆财经职业技术学院
重庆电子职业工程学院
重庆市合川市小沔中学
重庆市江津县金龙中学
重庆市九龙坡职业学校
重庆市綦江区南州中学
重庆市万州区新田中学
重庆市长寿区师范中学
作新学院大学(日本)
83651部队驾校
ESBA（阿根廷）
UET欧洲旅游学院
メリック日本語学校
爱尔兰波特贝洛学院
爱尔兰都柏林商学院
安徽盧江長龍山中學
安徽马鞍山师范学院
安徽省 颖上县中学
安徽省蚌埠高级技校
安徽省第九职业大专
安徽省阜阳师范学院
安徽省高级职业中学
安徽省淮北师范大学
安徽省庐江汤池中学
安徽省汽车工业学校
安徽省寿县第二中学
安徽省职业技术学院
安徽无为县仓头中学
安徽新东方烹饪学院
安徽新华学院商学院
澳大利亚堪培拉大学
澳大利亚麦考利大学
澳大利亚莫那什大学
澳大利亚莫纳什大学
澳大利亚墨尔本大学
澳大利亚圣三一学院
澳大利亚卧龙岗大学
澳大利亚西悉尼大学
澳洲博士山TAFE
澳洲塔斯马尼亚大学
蚌埠市第一人民医院
北京第二外国语大学
北京房地产职工大学
北京经济管干部学院
北京科技大学日语系
北京市第六十一中学
北京市汇佳职业学院
北京市劲松职业高中
北京市经济贸易大学
北京市经济贸易学院
北京新东方烹饪学校
亳州市职业技术职高
财经管理学院-台北
常州工学院延陵学院
常州市职业培训学校
郴州市培训技术学校
成都市新华职业学院
成人大专-华东理工
丹麦哥本哈根商学院
德国弗莱堡师范学院
德国卡尔斯鲁尔大学
德国慕尼黑翻译学院
地平线国际调酒学校
电机学院，育华集团
东海学院国际会计系
东辉外国语高级中学
東京拓殖大学大学院
恩施市三龙职业学院
法国格勒诺布尔三大
法国雷恩高等商学院
法国南特高等商学院
房地产职业技术学校
菲律宾太历国立大学
福建省漳州师范学院
格莱弗斯瓦尔德大学
格里昂酒店管理学校
广安市职业技术学院
广东省韩山师范学院
广东省惠州旅游学校
广东省机械技师学院
广东省社会科学大学
广西扶绥县第二中学
广元市经济警察学校
广州市工贸技师学院
广州市华南师范大学
广州市交通技师学院
广州新东方烹饪学校
贵州地质学校餐饮班
国国立屏东科技大学
国际希尔顿酒店集团
国士舘大学（日本）
哈尔滨诚实外语学院
哈尔滨第十职业学校
哈尔滨第一职业高中
哈尔滨市第十八中学
海口市第一职业中学
韩国高丽大学语学院
韩国全北国立大学校
杭州市旅游职业学校
河北经贸大学商学院
河北省军需工业学院
河南南召县第一中学
河南省安阳师范学院
河南省经济贸易学校
河南省南阳师范学院
河南省信阳师范学院
河源市高级技工学校
荷兰阿姆斯特丹大学
黑龙江生态工程学院
黑龙江省佳木斯大学
黑龙江职业技术学院
衡阳市湘南实验中学
湖北黄冈市第二高中
湖北省鄂州职业学院
湖北省工程技术学校
湖北省湖北理工学院
湖北省蕲春英才学校
湖北省水利电力大学
湖北省水利水电学校
湖北省仙桃职业学院
湖北省枣阳师范学校
湖北省职业技术学院
湖北天门市皂市高中
湖北宜昌国际大酒店
湖南大学国际商学院
湖南经济科技专学院
湖南科技大学商学院
湖南耒阳市职业中专
湖南省城市建设学校
湖南省第一师范学校
湖南武警部队服兵役
华东纺织工学院分院
华南师范大学中文系
淮安市复兴高级中学
黄浦区业余工业大学
霍邱县姚李职业高中
鸡西龙华外国语学院
吉尔吉斯坦旅游院校
吉林省第二实验中学
吉林省蛟河市23中
吉林省艺术实验中学
吉林省长春师范学院
加拿大皇家军事学院
加拿大卡尔加里大学
加拿大曼尼托巴大学
加州大学-尔湾分校
建德市工业技术学校
建湖县第二高级中学
江都市广播电视大学
江南造船厂技工学校
江苏阜宁县陈集中学
江苏省宝应城效中学
江苏省畜牧兽医学校
江苏省电视广播大学
江苏省东台高级中学
江苏省高级技师学院
江苏省广播电视大学
江苏省海门电视大学
江苏省淮阴师范学院
江苏省技术师范学院
江苏省南京师范大学
江苏省苏州科技大学
江苏省武进高级中学
江苏省徐州师范大学
江苏镇江市旅游学校
江西九江市财经学院
江西省纺织工业大学
江西省赣南师范学院
江西省机械职工大学
江西省靖安第一中学
江西省上饶师范学院
江西省通用技术学校
江西省万年师范学院
江西新东方烹饪学院
解放军电子工程学院
解放军国际关系学院
解放军南京政治学院
解放军炮兵指挥学院
解放军西安通信学院
解放军信息工程大学
解放军信息工程学院
金寨县古碑高级中学
克劳斯塔尔理工大学
莱比锡应用技术大学
老城镇第一初级中学
荔波县职业高级中学
连云港经贸技师学院
辽宁省建筑工业学院
辽宁省沈阳理工大学
聊城市高级技工学校
林业部南京林业学校
六合职业教育中心校
陇南市农业技术学校
卢湾区职业教育中心
罗山县第二高级中学
罗山县第一高级中学
洛阳市第一高级中学
洛阳市第一职业中专
马来西亚布特拉大学
马来西亚思特雅大学
梅江区职业技术学校
美国俄亥俄州立大学
美国饭店饭店业协会
美国皇家白礼顿大学
美国堪萨斯州立大学
美国内布拉斯加大学
美国新罕布什尔大学
美國波特蘭州立大學
蒙特克莱尔州立大学
孟州市第二高级中学
泌阳县第一高级中学
绵阳新东方烹饪学校
牡丹江电力工业学校
牡丹江市第十一中学
南阿尔伯塔理工学院
南京解放军政治学院
南京市金陵科技学院
内蒙古大学（成人）
内蒙古党校函授学院
内能古旅游管理学院
宁波市职业技术学校
宁德市商业干部学校
濮阳市飞龙高级中学
青岛东方外国语学院
清远市广播电视大学
日本 国立山口大学
日本东京日本语学院
日本高知大学大学院
日本国神户国际大学
日本九州大学大学院
日本芝浦外国语学院
日本专修大学大学院
瑞贝卡西班牙语学院
瑞士酒店及旅游学院
山东省交通运输学校
陕西商南县高级中学
陕西省华阴华山中学
陕西省咸阳师范学院
商水县第二高级中学
上海大学房地产学院
上海大学国际商学院
上海大学计算机学院
上海大学外国语学院
上海大学在职研究生
上海第二轻工业学校
上海第二輕工業學校
上海电视大学商学院
上海飞机制造厂技校
上海分析仪器厂技校
上海奉贤 工业学校
上海工商外国语学校
上海工商外国语学院
上海工商外国语院校
上海光学仪器厂技校
上海鸿文外国语学校
上海华东模范高中部
上海黄浦区业余大学
上海驾驶员培训学校
上海交通大学成教院
上海交通大学继教院
上海交通大学夜大学
上海交通大学医学院
上海交运局技工学校
上海静安区业余大学
上海理工大学夜大学
上海梅龙镇烹饪学校
上海普陀区东新中学
上海普陀区业余大学
上海商学院（未取）
上海商学院成教学院
上海师范大学商学院
上海市宝山实验学校
上海市北郊高级中学
上海市材料工程学校
上海市财税职工大学
上海市曹阳技术学院
上海市澄衷高级中学
上海市赤峰进修学院
上海市第八高级中学
上海市第二工业大学
上海市第二工业学校
上海市第二师范学校
上海市第六十四中学
上海市第三女子中学
上海市东方文华学院
上海市对外贸易学院
上海市飞尔航空学校
上海市凤城高级中学
上海市甘霖技术学校
上海市工程技术大学
上海市工艺美术学校
上海市公用技工学校
上海市公用事业学校
上海市国际旅游学校
上海市国际旅游职校
上海市行健职业学院
上海市行政管理学校
上海市行知技术学校
上海市行知实验中学
上海市航空服务学校
上海市华东理工大学
上海市华东理工学院
上海市华东师范大学
上海市化学工业学校
上海市机械工业学校
上海市继光高级中学
上海市建筑工程学校
上海市晋元高级中学
上海市经济管理学校
上海市敬业高级中学
上海市静安职业学校
上海市科学技术学院
上海市立信会计学校
上海市旅游职业学校
上海市旅游专科学校
上海市南湖职业学校
上海市南洋模范中学
上海市汽车运输技校
上海市青浦高级中学
上海市商贸旅游学校
上海市同济初级中学
上海市现代流通学校
上海市信息管理学校
上海市信息技术学校
上海市徐汇高级中学
上海市徐汇业余大学
上海市杨浦业余大学
上海市杨思高级中学
上海市饮食服务学校
上海市饮食专科学校
上海市应用技术学院
上海市应用科技学校
上海市育才高级中学
上海市长白高级职校
上海市长宁第二中学
上海市中共纺织党校
上海市钟山高级中学
上海市住宅建设学校
上海铁道医学院卫校
上海外国语业余大学
上海五加一培训教育
上海武警总队四支队
上海新世界外语学校
上海信用管理委员会
上海徐汇区业余大学
上海杨浦区业余大学
上海杨浦-同济学院
上海应用技术学院内
上海自动化机械学院
上海自动化仪表学习
韶关市第二技师学院
深圳市暨南财经学院
深圳市深德技术学院
沈阳市奥运体育学校
沈阳市商业服务学校
沈阳药科大学高职院
石家庄城市职业学院
石家庄建工科技学院
沭阳县职业技术学院
四川达县河市镇中学
四川南充师范商学院
四川省干部函授学院
四川省广播电视大学
四川省乐山师范学院
四川省旅游专修学院
泗阳县职业高级中学
苏州AQA培训基地
苏州市医学院外语系
台北市實踐設計學院
台湾台北市世新大学
泰安市高级技工学校
泰国清莱皇太后大学
特鲁瓦工程技术大学
天津大学(未毕业)
天津旅游干部管学院
天津旅游与服务学院
天津农学院（大学）
天津市工贸技术学院
天津市广播电视中专
天津市解放南路中学
同济大学-铁道学院
维也纳大学东亚学院
渭南市职业技术学院
武汉平成日本语学校
武汉市第二商业学院
武汉市第一商业学校
武汉天翔计算机学院
武汉无线电工业学院
武陟县第一高级中学
西安精英口译培训班
西安市第四十二中学
西澳艾迪斯科文大学
西班牙萨拉曼卡大学
西藏77611部队
咸丰县第二高级中学
咸宁市高级技工学校
襄阳市襄城职业高中
孝感市综合高级中学
孝感学院新技术学院
新东方烹饪专修学院
新加坡东亚管理学院
新加坡管理发展学院
新加坡旅游管理学院
新加坡南洋理工大学
新加坡南洋理工学院
新加坡市场管理学院
新加坡四德女子中学
新加坡亚太管理学院
新疆阿克苏第六学校
新疆伊宁市第四中学
新世纪职业技术学校
新世界日语进修中心
新西兰旅游管理学院
徐州工程兵指挥学院
徐州市高级技工学校
徐州市亚东电脑学校
宣城市职业技术学院
宣汉县职业技术学校
盐城射阳县明达学院
盐城市建筑工程学校
盐城市楼王高级中学
阳新县第一高级中学
宜春市职业技术学院
易三仓大学- 泰国
意大利米兰理工大学
印度旁遮普技术大学
英国皇家霍洛威大学
英国圣安德鲁斯学院
英国泰尔茜理工大学
英国特许会计师公会
英国威斯敏斯特大学
英国中央兰开夏大学
虞城县第一高级中学
原平市第二高级中学
云南楚雄市技工学校
云南镇雄县第二中学
早稻田文理专门学校
枣庄市第二高级中学
张家界航空工业学院
长春市高级技术学院
长春市九台高级中学
长江大学外国语学院
肇东市第二高级中学
浙江省舟山职业高中
镇江市第一职教中心
郑州轻工业职业学院
郑州新东方烹饪学校
枝江市第一高级中学
中国计算机函授学院
中国科学院研究生院
中国轻工业管理学院
中国人民大学一分校
中南财经政法房大学
中南大学外国语学院
中山医科大学药学系
中原工学院(郑州)
中原工学院软件学院
中原工学院信息商务
重庆大学外国语学院
重庆市开县实验中学
株洲第三等职业学校
驻马店艺术职业中专
自学考试（全日制）
7天连锁天府学院
Bradford
爱丁堡龙比亚大学
安徽安庆理工学院
安徽电气工程学校
安徽电子信息学院
安徽阜阳师范学院
安徽工贸技师学院
安徽工业经济学院
安徽广播电视学校
安徽广德柏垫中学
安徽国际商务学院
安徽合肥安广学院
安徽合肥师范学院
安徽华夏旅游学校
安徽淮南联合大学
安徽机械工业学校
安徽技术师范学院
安徽建筑工业学院
安徽泾县职业高中
安徽经济管理学院
安徽绿海商务学院
安徽商贸技术学院
安徽涉外经济学院
安徽省蚌埠医学院
安徽寿县三觉中学
安徽泗县刘圩初中
安徽泗县刘圩高中
安徽芜湖大江中学
安徽芜湖技师学院
安徽芜湖经济学院
安徽新华职业学院
安徽兴鹏科技学校
安徽颍上第二中学
安徽职工科技大学
安徽职业教育中心
安特卫普管理学院
奥鹏教育南开大学
澳大利亚迪肯大学
澳大利亚管理学院
澳大利亚国立大学
澳洲纳基国际中学
澳洲南昆士蘭大學
澳洲南十字星大学
八一电大成人自考
八一广播电视大学
巴哈马西印度大学
蚌埠煤田技工学校
宝鸡广播电视大学
宝山区盘古路小学
北大青鸟培训中心
北方工程技术学校
北方工商管理学院
北方国际经济学院
北方英汉双语中学
北海职业技术学院
北海中学高中毕业
北京八维研修学院
北京北方工业大学
北京昌平职业学校
北京成人培训学校
北京大学光华学院
北京电工培训学校
北京电工职业高中
北京电视广播大学
北京东方研修学院
北京工程管理学院
北京工商管理学院
北京工业管理学院
北京广播电视大学
北京国际关系学院
北京国际商务学院
北京行政管理学院
北京红帽培训中心
北京华诚研修学院
北京技能培训学校
北京建筑工程学院
北京经济管理学院
北京经济贸易大学
北京经济研修学院
北京经贸工程学院
北京军地专修学院
北京军用两地学院
北京快乐伊人公司
北京联合技术学院
北京旅游管理学院
北京培沿调酒学校
北京商贸管理学院
北京涉外经济管理
北京涉外经济学院
北京天马旅游学院
北京外事研修学院
北京文理研修学院
北京现代管理大学
北京现代管理学院
北京现代商务学院
北京现代信息学院
北京现代音乐学院
北京现在管理大学
北京信息工程学院
北京洋桥职业学校
北京邮电管理学院
北京长城研修学院
北京中央旅游大学
伯尔尼大学，瑞士
渤海大学高职学院
财务管理进修学院
曹杨职业技术学校
常德经济管理学院
朝日大学（日本）
成都电子科技大学
成都工程信息学院
成都华兴专修学院
成都军区时代院校
成都旅游管理学校
成都名流北大青鸟
成都市水碾河小学
成都信息工程大学
池州师范专科学校
池州职业技术学校
楚水高级实验中学
春申旅游管理学院
春申旅游进修学院
达内IT培训集团
达内科技（合肥）
达内科技有限公司
达内软件科技学院
达内软件培训机构
达内外企IT培训
大连东北财经大学
大连女子附属高中
大连烹饪职业高中
大明电子职业中学
大兴安岭实验中学
丹东市 辽东学院
丹阳胡桥职业学校
淡江大学(台湾)
德国安哈尔特大学
德国奥尔登堡大学
德国拜罗伊特大学
德国波鸿鲁尔大学
德国斯图加特大学
德国维尔茨堡大学
东北重型机械学院
东方财经日语大学
东方酒店管理学院
东海舰队技术学院
东华大学成教学院
东辉职业技术学校
东京神田外语学院
东京言语教育学校
东乡铜矿子弟学校
对外经济贸易学院
恩施职业技术学校
法国里昂第三大学
法国蒙彼利埃三大
法国佩皮尼昂大学
防城附城乡中心校
奉贤新寺道院中学
福建广播电视大学
福建泉州师范学院
福建泉州仰恩大学
福建省 福州大学
阜南第二完全中学
阜阳英才电脑学校
复旦大学（网络）
复旦大学（在读）
复旦大学（专科）
复旦大学(自考）
复旦大学（自考）
复旦大学成人自考
复旦大学附属中学
复旦大学管理学院
复旦大学闵行校区
复旦大学网络学院
复旦大学自学考试
复旦继续教育学院
复旦网络教育学院
赣县吉埠中心小学
赣榆海头高级中学
高等教育自学考试
高桥职业技术学校
格林豪泰管理学院
工信部 （培训）
公用事业技术学校
广东茂名职业学院
广东青年干部学院
广东自考（在读）
广水第一高级中学
广西桂林理工大学
广西名族师范学院
广西玉林师范学院
广州白云职业学院
广州五羊鉴定中心
贵阳工会技术学院
贵州黔南民族学校
贵州省黔东南职院
国防科学技术大学
国际旅游职业学校
国立屏东科技大学
哈尔滨工程技学院
哈尔滨师范艺术类
哈尔滨市商业大学
哈工大[自考类]
海军第二工业学校
海军航空工程学院
海口旅游职业学校
海南大学旅游学院
海南大学三亚学院
海事职业技术学院
海峡烹饪职业学院
邯郸师范专科学校
邯郸职业技术学校
韩国釜山东西大学
韩国釜山高神大学
汉堡大学（德国）
汉口职业技术学院
汉庭酒店管理学院
行知职业技术学院
杭州第一技師学院
杭州电子工业学院
杭州钱江业余学校
合肥财经职业学院
合肥建设管理学校
合肥经济管理学院
合肥绿海商务学院
合肥腾飞技术学院
河北电视广播大学
河北广播电视大学
河北建筑科技学院
河北科技大学附属
河北师范大学自考
河北同仁科技学院
河南电力职工大学
河南工业贸易学院
河南广播电视大学
河南机电高等专科
河南科技专修学院
河南洛阳师范学院
河南南阳理工学院
河南省安阳工学院
河南省鹿邑县二高
河南省平顶山学院
河南省中原工学院
河南师范大学附中
河南信息工程学院
河南信阳师范学院
河南信阳卫生学院
河南信阳息县一中
河南郑州华信学院
黑龙江工程学院院
黑龙江省供销学校
黑龙江省政法学院
红安县大赵家高中
湖北大学武昌校区
湖北第二示范学院
湖北鄂州职业大学
湖北二轻工业学院
湖北房县第三中学
湖北黄冈财贸学校
湖北黄冈华晟学院
湖北黄石建材学校
湖北机电工程学校
湖北经济管理大学
湖北科技学院学院
湖北梅川松阳中学
湖北生物科技学院
湖北省蕲春县一中
湖北随州文峰高中
湖北咸宁教育学院
湖北襄樊二十四中
湖北襄阳谷城中学
湖北孝感工业学校
湖北信息工程学院
湖北宜城刘猴中学
湖北宜都职教中心
湖北职业艺术学院
湖南工业职业学院
湖南广播电视大学
湖南环境生物学院
湖南经济管理大学
湖南蓝狐培训基地
湖南理工专修学院
湖南汽车工程学院
湖南省永州市二中
湖南信息科技大学
湖南长沙商业学校
湖南长沙卫生学校
沪东科技进修学院
华北科技专修学院
华北水利水电学院
华东电脑进修学院
华东交大理工学院
华东理工网络学院
华南厨师培训学校
华南经济管理学院
华浦日语専門学校
淮安市吴承恩中学
淮北高级实验中学
淮北煤炭师范学院
皇后玛格丽特大学
黄冈广播电视大学
黄冈机电工程学院
黄冈职业技术学样
黄山当代职业学校
黄石工程职业学院
火星时代实训基地
吉安明珠职业学校
吉林建筑工程学院
吉林前郭艺术学院
吉林师范博达学院
吉林长春金融学院
济光职业技术学院
济南军区空军后勤
济南职工科技大学
加拿大多伦多大学
加拿大卡尔顿大学
加州大学河滨分校
嘉韵美容美发学校
监利第一实验高中
建筑安装公司技校
健雄职业技术学院
江汉大学设计学院
江南大学(在读）
江南大学太湖学院
江南大学网络本科
江苏财经职业学院
江苏大学艺术学院
江苏东南科技学院
江苏广播电视大学
江苏广播电视学校
江苏广播电视学院
江苏海安蓝翔技校
江苏淮阴师范学院
江苏技术师范学院
江苏金陵科技大学
江苏金坛西岗中学
江苏经济管理学院
江苏科技师范学院
江苏南通海安中学
江苏省泗洪县职高
江苏省盱眙县中学
江苏沭阳国际中学
江苏盐城职业高中
江苏盐城职业学校
江苏职工医科大学
江西大宇工程学院
江西东华理工大学
江西公安专科学校
江西华联外贸学院
江西科技师范学院
江西旅游商贸学院
江西南昌理工学院
江西南昌体育学院
江西生物科技学院
江西省都昌县三中
江西省上饶县中学
江西省宜春市学校
江西师范科技大学
江西司法警官学院
江西天工科技学院
江西外语外贸学院
江西文学艺术学院
江西冶金技术学院
江西艺术设计学院
江西应用技术学院
江西渝州科技学院
交通大学教育学院
交通大学旅游学院
解放军外国语学院
金山石化工业学校
晋美工商管理学院
泾县高级职业中学
荆州理工职业学校
静安职业技术学校
九三学社服装学院
卡地夫威尔士大学
开封北关职业高中
康斯坦茨工业大学
昆明成都军区部队
昆山安博教育集团
昆山安博实训基地
兰州大学管理学院
蓝翔高级技工学校
劳动和社会保障部
澧县兰江职业学校
立达职业技术学院
立信会计专科学校
丽星云顶培训学校
利川电子技术学校
连云港淮海工学院
辽宁对外贸易学院
辽宁华海专修学院
辽宁华商经济学院
辽宁佳艺烹饪学校
辽宁建筑工业学院
辽宁美术职业学院
燎原中等专业学校
临沂职业技术学校
刘店第一初级中学
六安科达电脑学校
伦敦帝国理工学院
洛阳河南科技大学
旅游职业技术学校
马来西亚北方大学
马来西亚泰莱大学
马来西亚英迪大学
马来西亚英迪学院
马来西亚语言学校
茂民南路第二小学
美国 特洛伊大学
美国哥伦比亚大学
美国诺斯伍德大学
美国西俄勒冈大学
美国先锋理工学院
蒙特雷国际研究院
绵阳水利电力学校
民航中等专业学校
明达职业技术学院
南昌东华理工大学
南昌航空工业学院
南昌新华电脑学校
南大继续教育学院
南京大学（夜大）
南京大学（自考）
南京大学网络学院
南京国际关系学院
南京海军指挥学院
南京技术职业学校
南京建筑工程学院
南京金陵科技学院
南京金陵职业大学
南京军区军医学校
南京陆军政治学院
南京陆军指挥学院
南京烹饪技工学校
南京市燕子矶中学
南京信息工程学院
南通工贸技师学院
内江市第十二中学
内蒙古包头医学院
宁波大学成教学院
宁波大学外语学院
宁夏北方民族大学
宁夏大学附属中学
宁夏民族文化学院
牛津布鲁克斯大学
欧华职业技术学院
普安天力电脑学校
齐齐哈尔工程大学
齐齐哈尔师范学校
潜江实验高级中学
强生职业技术学院
侨友职业技术学校
侨友专科技术学院
青岛北港科技学院
青岛大学外语学院
青岛恒星职业学院
青岛建筑工程学院
青岛酒店管理学院
青岛新港科技大学
青岛新港科技学校
青岛新港科技学院
青年干部管理学院
清华大学远程教育
人大国际贸易本科
日本爱知淑德大学
日本大东文化大学
日本东京语言学校
日本东洋语言学校
日本广岛工业大学
日本静冈产业大学
日本九洲英数学馆
日本旅游专业学校
日本青山学院大学
日本松户国际学院
日本中部学院大学
瑞典查尔姆斯理工
瑞士酒店管理大学
瑞士酒店管理学校
瑞士酒店管理学院
瑞士现代语言学院
萨里大学
塞浦路斯因特学院
三联职业技术学院
三峡电力职业学校
厦门大学管理学院
厦门大学计算机系
山东大王职业学院
山东大学法律专业
山东大学威海分校
山东东营职业学院
山东工程技师学院
山东广播电视大学
山东海天软件学院
山东建材学院分院
山东鄄城第三中学
山东贸易职工大学
山东省济宁医学院
山东省巨野县一中
山东省新泰市一中
山东外事翻译学院
山东新华电脑学院
山东信息技术学院
山东烟台建文学院
山东烟台南山大学
山东政法干部学院
山西工商职业学院
山西洪洞县洪三中
山西信息技术学院
杉友职业技术学校
陕西宝鸡高级中学
陕西电子科技学院
陕西广播电视大学
陕西理工技术学院
陕西烹饪学院厨师
陕西渭南普田学院
汕头电视广播大学
商丘市睢尚屯三中
商丘职业科技学院
商业职业技术学校
上海财经大学 (
上海常青高级中学
上海成人进才学校
上海城市管理学院
上海城市建设学院
上海城市科技学校
上海城市职业技术
上海城市专修学院
上海崇明城东中学
上海崇明交通中专
上海船厂技工学校
上海春申旅游中专
上海达内培训结构
上海达内软件科技
上海达内软件培训
上海大学美术学院
上海大众工业学校
上海第二医科大学
上海第六职业高中
上海第四职业学校
上海电视中等学校
上海电影艺术学院
上海电子工业学校
上海电子管厂技校
上海电子技术学校
上海电子信息学院
上海东辉职业学校
上海东进外语学校
上海对外贸易大学
上海对外贸易学校
上海对外贸易学院
上海纺织工业大学
上海奉贤工业学校
上海复旦成人本科
上海干部培训中心
上海港湾专科学院
上海高级技工学校
上海歌德学院证书
上海工程技术学校
上海工会管理学院
上海工商信息学校
上海工艺美术学校
上海工艺美术学院
上海公用事业学校
上海广播电视大学
上海国际交流学院
上海国际旅游学校
上海国际商务学院
上海国家会计学院
上海海同科技公司
上海海同培训学校
上海行建职业学院
上海航空服务学校
上海航空工业学校
上海沪东科技学院
上海华东电力学校
上海华东理工大学
上海华东理工学院
上海华东师范大学
上海华东师范学院
上海华东政法大学
上海华夏艺术学院
上海华育软件机构
上海华育软件学院
上海汇文成人大专
上海机电工业学校
上海机电工业学院
上海机械专科学校
上海建青实验学校
上海建筑工程学校
上海江南进修学院
上海交大杨浦业大
上海交大中央电大
上海交大专科自考
上海交通大学网院
上海经济管理学校
上海经济管理学院
上海经济贸易大学
上海静安财贸中专
上海静安业余大学
上海酒店管理学校
上海科技管理学校
上海科技管理学院
上海科学技术学院
上海立信会计学校
上海立信会计中专
上海燎原实验学校
上海铃木日语学校
上海卢湾区委党校
上海卢湾业余大学
上海旅游酒店学校
上海旅游职业学校
上海旅游专科学校
上海旅游专科学院
上海梅山第一职校
上海梅山高级中学
上海煤气公司职校
上海南湖职业学校
上海农机专科学校
上海汽车维修学院
上海前进高级中学
上海乔友进修学院
上海侨友进修学校
上海侨友进修学院
上海侨友旅游职校
上海青浦武术学校
上海三好医卫学校
上海杉友旅游学校
上海杉友旅游学院
上海商贸旅游学校
上海商贸旅游职校
上海商业会计学校
上海申通驾驶学校
上海石化工业学校
浦东中学
上海市第52中学
上海市第二轻工业
上海市第十八中学
上海市东格致中学
上海市外国语大学
上海市五十六中學
上海是外国语大学
上海泰尔弗商学院
上海桐柏高级中学
上海托普信息学院
上海五项管理集团
上海西南工程学校
上海仙霞高级中学
上海新华职业学校
上海信息技术学校
上海信息技术学院
上海徐汇业余大学
上海亚威培训中心
上海冶金职工大学
上海易进进修学院
上海饮食服务学校
上海英才研修学院
上海英豪教育学院
上海应用技术大学
上海应用技术学校
上海永兴高级中学
上海闸北旅游学校
上海长宁科技学院
上海长宁职业大学
上海长宁职业学校
上海振华外经学校
上海震旦艺术学院
上海职业技术学校
上海中华技术学院
上海中华职业学校
上海中西进修学校
上海钟山高级中学
上海周浦高级中学
上海专才管理学院
上海自力进修学院
上海自学考办公室
上汽集团培训中心
邵阳高等专科学校
射洪县职业中专校
申南调酒职业学校
深圳大学传播学院
深圳富士日语学校
深圳广播电视大学
深圳盛美培训机构
深圳市外国语学校
沈阳大学师范学院
沈阳广播电视大学
沈阳航空工业学院
沈阳机械工业大学
沈阳经济技术学校
沈阳外事服务学校
沈阳职业专修学校
石首南岳高級中學
首都国际经贸学院
首都经济贸易学院
双河高级职业学校
双鸭山第34中学
顺德职业技术学校
私立无锡光华学校
四川阿坝师范学院
四川达州职业学校
四川电子科技大学
四川广元苍溪中学
四川华西医科大学
四川机电工程学院
四川警安职业学院
四川眉山成人学校
四川内江师范学院
四川烹饪高等学院
四川烹饪专科学校
四川西华师范大学
四川西南财经大学
四川西南科技大学
四川饮食服务公司
松户国际语言学校
松江区小昆山学校
苏州铁道师范学院
苏州信息技术学院
苏州职工科技大学
随州第一高级中学
台北海洋技術學院
台北醒吾科技大学
台湾万能科技大学
太原市小店区一中
泰国北碧皇家大学
泰国清迈西北大学
泰兴第四高级中学
天津城市建设学院
天津大学网络学院
天津大学冶金分校
天津工程师范学院
天津广播电视大学
天津军事交通学院
天津生物工程学院
天津新华职业大学
天津育才职业学院
同济大学(夜大)
同济大学继续教育
同济继续教育学院
同济网络教育学院
铜陵学院（本科）
万佛湖镇中心学校
温州大学外语学院
文达信息工程学院
乌鲁木齐陆军学院
无为仓头职业中学
芜湖师范专科学校
芜湖天方电脑学校
芜湖职业教育中心
武昌职业技术学院
武汉大学东湖分校
武汉大学工商学院
武汉国防信息学院
武汉经济干部学院
武汉经济专修学院
武汉科技专修学院
武汉汽车工业大学
武汉软件工程学院
武汉商业服务学院
武汉水利电力大学
武汉信息传播学院
武汉长江工商学院
武汉职业技术学校
武警8673部队
武警新疆边防总队
西安博爱国际学校
西安东方亚太学院
西安高新科技学院
西安工业科技学院
西安国际贸易学院
西安航空旅游学院
西安机电工程学院
西安凯越培训学校
西安旅游管理学院
西安农林科技大学
西安培华女子大学
西安软件科技学院
西安数字技术学院
西安信息机电学校
西安信息技术学院
西伯利亚联邦大学
西南大学网络学院
咸阳陕西师范学校
香港光华管理学院
湘南科技专修学院
湘潭机械电力学校
襄樊科技贸易学校
襄樊职业技术学院
新安人才培训中心
新华电脑专修学院
新加坡aec学院
新加坡ERC学院
新加坡SDH大学
新加坡TMC学院
新加坡东亚商学院
新加坡英华美学院
新疆机电技术学院
新疆铁路教育学院
新侨职业技术学院
新世界日本语学院
新西兰奥克兰大学
新西兰怀卡多大学
新乡市第十一中学
星城大学（日本）
邢台第一职业中学
宿迁中等专业学院
宿松服装培顺学校
徐汇职业高级中学
徐州工业职业学院
宣城职业技术学校
雅泰电脑培训中心
亚洲国际公开大学
延安大学创新学院
延安大学外语学院
延边科学技术大学
盐城生物工程学院
扬州广播电视大学
扬州旅游商贸学校
杨浦高级技术学院
杨浦职业技术学校
宜昌三峡旅游学院
易三仓大学-泰国
意大利帕多瓦大学
印度安得拉邦大学
英国埃克塞特大学
英国贝德福德大学
英国伯恩茅斯大学
英国布拉德福大学
英国布里斯托大学
英国帝国理工大学
英国格拉摩根大学
英国格拉斯哥大学
英国格罗斯特大学
英国兰卡斯特大学
英国曼彻斯特大学
英国密德萨斯大学
英国纽卡斯尔大学
英国诺森比亚大学
英国朴茨茅斯大学
英国普利茅斯大学
英国萨塞克斯大学
英國赫特福德大學
应城市一中电技班
云南能源技术学院
云南省洱源县一中
运河高等师范学院
闸北旅游管理学校
闸北区、培训中心
詹姆斯库克新加坡
展会国际实验中学
长春大学光华学院
长岛大波斯特校区
长江大学自考本科
长江华东科技学院
长宁科技进修学院
长沙电子科技大学
长沙广播电视大学
长沙科技经济学院
长沙文理专修学院
浙江大学软件学院
浙江大学网络教育
浙江大学西溪校区
浙江法商专修学院
浙江三联专修学院
震旦学院（专科）
镇江高等专科学校
郑州工业科技学院
郑州国际工商学院
郑州经济专修学院
郑州经贸职业学院
郑州科技职业学院
郑州理工专修学院
郑州绿叶电脑学院
郑州志远IT学院
中北大学（分校）
中共党校函授学院
中共江西省委党校
中共辽宁省委党校
中国北方理工学院
中国传媒艺术学院
中国地质大学北京
中国防卫科技学院
中国纺织技术学校
中国管理软件学院
中国国际关系学院
中国国际经济学院
中国航空航天大学
中国金融管理学院
中国经济管理大学
中国空军政治学院
中国旅游函授大学
中国民航飞行学院
中国食品工业学院
中国西安石油大学
中国先知酒店管理
中华职业技术学院
中科院心理研究所
中南政法财经学院
中欧国际工商学院
中侨职业技术学院
中桥职业技术学院
中西旅游进修学校
中西旅游进修学院
中西旅游职业学院
中亚餐饮培训中心
中央党校函授学院
中央电视广播大学
中央情报专门学校
中医国际康复学院
中原油田建安学校
重庆大学网络学院
重庆电子工程学院
重庆后工指挥学院
重庆建筑专科学校
重庆能源工业学院
重庆女子职业学院
重师涉外商贸学院
株洲先锋高级中学
株洲职业技术学院
驻沪部队驾驶学校
遵义职业技术学院
37797部队
4805厂中技
LIC国际学院
SISU 上外
Smurfit
阿姆斯特丹大学
艾迪斯科文大学
爱荷华州立大学
愛爾蘭國立大學
安徽 电子学院
安徽怀远县二中
安徽省池州学院
安徽省滁州学院
安徽省合肥学院
安徽省怀远一中
安徽省淮南四中
安徽省机电学院
安徽省金寨一中
安徽省理工大学
安徽省旅游学校
安徽省太和中学
安徽省铜陵学院
安徽省皖西学院
安徽省新华学院
安徽省休宁中学
安徽省岳西中学
安徽新东方学校
安康市职业中学
安庆市第3中学
安庆市望江二中
奥克兰商业学校
白山市财会中专
北方外国语学院
北京/中央党校
北京第78中学
北京第二外国语
北京电视大专班
北京鲁迅文学院
北京市158中
北京市供销学校
北京市广播学院
北京市教育学院
北京陶然亭小学
北京外国语学院
北京新东方学校
北悉尼管理学院
宾利大学，美国
布莱德福德大学
布里奇波特大学
朝鲜族第一中学
成都市双庆中学
池州市第二中学
赤水市第一中学
崇明县民本中学
滁州市第2中学
传习外国语学院
大河中学高中部
大连轻工业学院
大连市71中学
大连市职工大学
大连外国语学院
丹阳市第六中学
德国不莱梅大学
德国弗莱堡大学
德国哥廷根大学
德国海德堡大学
德国莱比锡大学
德国马德堡大学
第二轻工业学校
东马坊初级中学
东台市安丰中学
都柏林理工学院
法国VATEL
法国凡尔赛大学
法国里昂商学院
方城县红星高中
凤阳县总铺中学
福鼎市职业中专
福建省泉州卫校
福山外国语小学
阜宁县陈集中学
阜阳市第二中学
赣县 吉埠中学
格莱弗斯瓦尔德
工程兵指挥学院
工程技术分大学
古巴哈瓦那大学
广东省惠州高职
广东省旅游学校
广东省西江大学
广东省医药学校
广东肇庆农学院
广州市旅游学校
广州市艺术学校
广州外国语学院
贵溪市第一中学
贵州省贵阳学院
贵州省旅游学校
贵州省民族学院
哈尔滨机电学校
哈尔滨科技大学
哈尔滨水产专业
哈爾濱商業大學
海口第十一中学
海口市府城中学
海南省旅游学校
海南省商业学校
韩国外国语大学
汉川市第一中学
合肥省旅游学校
合肥市农业学校
合肥市万博学院
合肥市武警支队
河北省物资学校
河南大学英语系
河南省财经学院
河南省科技学院
河南省医药学校
河南中原工学院
鹤峰县第一中学
黑龙家科技大学
黑龙江东亚大学
黑龙江教育学院
黑龙江科技学院
黑龙江矿业学院
黑龙江旅游学院
黑龙江商业大学
黑龙江省委党校
黑龙江信息学院
衡南县第五中学
衡阳县第三中学
湖北三里畈高中
湖北省鄂州高中
湖北省蒋湖高中
湖北省教育学院
湖北省经济学院
湖北省荆州中学
湖北省旅游学校
湖北省青石林中
湖北省文理学院
湖北省咸宁学院
湖北省襄樊学院
湖北省艺术学校
湖北省职业学院
湖南省冷水江市
湖南省师范大学
湖南省湘南学院
护驾疃高级中学
华东师大二附中
怀化市万昌中专
淮安市淮宁中学
淮北市天一中学
淮滨县高级中学
淮滨县吉庙中学
桓仁县第一高中
皇家墨尔本理工
黄浦区业余大学
吉林大学商学院
吉林省延边大学
吉林省艺术学院
吉林市毓文中学
吉林外国语学院
吉首市职业学院
加拿大约克大学
加鱼县高级中学
江川县第一中学
江苏连云港职大
江苏省滨海中学
江苏省海门中学
江苏省涟水中学
江苏省启东中学
江苏省食品学校
江苏省响水中学
江苏省扬州大学
江西省兵器学校
江西省分宜中学
江西省高安中学
江西省矿部中学
江西省临川十中
江西省南昌大学
江西省宜春学院
江西省永丰中学
解放军军官学院
解放军炮兵学院
解放军外语学院
解放军艺术学院
金山区亭林中学
泾县高级职学校
荆州市西门中学
静安区五四高中
静安区业余大学
静安区职业学校
九江市德安一中
九江市第四中学
九江市武宁二中
鄄城县第一中学
克兰菲尔德大学
空军后勤部学院
昆士兰科技大学
乐平市第四中学
乐平县第三中学
雷州市第一中学
里昂一大，法国
溧阳市埭头中学
连云港陡沟高中
涟水县实验中学
涟源市第二中学
辽宁省抚顺师范
林百欣中等学校
临泉县铁佛中学
临夏州农业学校
六安市木厂高中
龙口镇崇德中学
龙泉驿第二中学
卢布尔雅那大学
卢湾区第二中学
卢湾区职业中学
鹿泉市第二中学
罗田县理工中专
洛阳市师范学院
洛阳外国语学院
漯河市实验高中
旅游与酒店管理
麻城市第二中学
马鞍上师范学院
梅龙镇烹饪学校
美国 南方大学
美国博立顿大学
美国达拉威大学
美国华盛顿大学
密山市第一中学
密歇根州立大学
名古屋产业大学
牡丹江师范大学
慕尼黑理工大学
南昌大学医学院
南昌大学中文系
南湖职业二分校
南京大学成教院
南京大学法学院
南京大学商学院
南京第67中学
南京市晓庄学院
南平市王台中学
南通市第三中学
南阳市师范学院
讷河市高级中学
内江市技工学校
内蒙古赤峰学院
内蒙古河套大学
内蒙古集宁一中
内蒙古经贸学校
宁德市第五中学
宁夏彭阳县一中
普陀区业余大学
启东市东海中学
启东市新港中学
沁县中学初中部
衢州市技师学院
人民大学商学院
日本 法政大学
日本高千穂大学
日本国士馆大学
日本早稻田大学
山东 财政学院
山东平邑县一中
山东轻工业学院
山东省电视大学
山东省菏泽一中
山东省平邑一中
山东省泰山学院
山东省潍坊学院
山东省烟台大学
山西洪洞县洪三
山西省平遥二中
陕西省科技大学
陕西省千阳中学
陕西省乾县一中
商丘市第二中专
上海宝昌路初中
上海财大自学考
上海达内培训班
上海大学工学院
上海大学文学院
上海第六十中学
上海房地产学校
上海飞机制造厂
上海工商外国语
上海海事大学·
上海化工研究院
上海江南造船厂
上海轻工业学校
上海杉达学院,
上海社会科学院
上海市巴士学院
上海市宝山职校
上海市宝山中学
上海市寶山職校
上海市财经大学
上海市曹杨二中
上海市曹杨职校
上海市澄衷中学
上海市崇明中学
上海市川沙中学
上海市船厂职校
上海市大连中学
上海市大同中学
上海市第八中学
上海市第二中学
上海市第九中学
上海市第三中学
上海市第十中学
上海市第四聋校
上海市第四中学
上海市第一中学
上海市电机学院
上海市电视大学
上海市电视中专
上海市东昌中学
上海市东海学院
上海市东辉职校
上海市阜新中学
上海市复旦大学
上海市复旦中学
上海市港湾学校
上海市古北高中
上海市光明中学
上海市光新中学
上海市海南中学
上海市沪西中学
上海市淮中中学
上海市环境学校
上海市黄楼中学
上海市回民中学
上海市惠民中学
上海市纪王中学
上海市嘉定二中
上海市嘉定一中
上海市建平中学
上海市建桥学院
上海市交通大学
上海市金陵中学
上海市金融学院
上海市泾南中学
上海市九江中学
上海市立信会计
上海市林荫中学
上海市卢湾中学
上海市旅游职校
上海市贸易学校
上海市民本中学
上海市南湖职校
上海市农业学校
上海市烹饪协会
上海市蓬二小学
上海市蓬莱中学
上海市浦东中学
上海市七宝中学
上海市清华中学
上海市三好中学
上海市商业学校
上海市商業學校
上海市上南中学
上海市莘光学校
上海市莘庄中学
上海市师范大学
上海市市八中学
上海市市北工业
上海市市六中学
上海市市南中学
上海市市中学院
上海市水产大学
上海市四平中学
上海市同济大学
上海市同济高中
上海市同济中学
上海市卫生学校
上海市位育中学
上海市吴淞中学
上海市物资学校
上海市现代职校
上海市向锋中学
上海市向化中学
上海市消防中队
上海市新川中学
上海市新光中学
上海市新沪中学
上海市新华职校
上海市新南中学
上海市徐汇中学
上海市延安中学
上海市杨浦职校
上海市医药学校
上海市宜川中学
上海市豫园中学
上海市云岭中学
上海市运输技校
上海市振华职校
上海市震旦学院
上海市中侨学院
上海市中原中学
上海体育学院吧
上海外国语学校
上海外国语学院
上海学而森学院
上海学尔森学院
上海长宁区商校
上无十八厂技校
邵武市第四中学
沈阳市第二中学
沈阳市第七中学
沈阳市电力学校
沈阳市旅游学校
石河子工程学院
石家庄工程学院
石家庄陆军学院
石家庄铁道学院
石台县职教中心
市职工业余大学
四川达州达三中
四川省达县师范
四川省旅游学校
四川省南江四中
四川省仪陇中学
苏州市商业学校
苏州市职业大学
塔斯马尼亚大学
泰国易三仓大学
唐道克理工学院
天津外国语学院
天水市第八中学
铁岭市外事学校
通江县实验中学
同江市第一中学
皖泾县安吴中学
涡阳县第三中学
乌龙店初级中学
乌鲁木齐市职大
无为县第三中学
无锡市干部学校
武冈市第一中学
武冈市富田中学
武汉大学政法系
武汉纺织工学院
武汉市电大高中
武汉市江汉大学
武汉市旅游学校
武威市第七中学
西安外国语学院
西科大高新学院
香港亚洲商学院
新昌大市聚职中
新东方烹饪学校
新加坡管理大学
新加坡国立大学
新加坡会计学院
新疆轻工业学院
新疆石河子大学
新南威尔士大学
新世纪电脑学校
邢台市第五中学
匈牙利佩斯大学
宿松县隘口中学
徐汇区业余大学
徐州市高级中学
徐州市教育学院
宣城市高级中学
宣汉县第二中学
盐城市东沟高中
盐城市经贸学校
盐城响水县高中
杨浦区业余大学
沂南职业技术校
宜昌市商业学院
银川市商业学校
英国阿斯顿大学
英国卡迪夫大学
英国考文垂大学
英国拉夫堡大学
英国莱斯特大学
英国利物浦大学
英国诺丁汉大学
英国桑德兰大学
英国斯特林大学
英国斯特灵大学
英国斯旺西大学
英国威尔士大学
郧西县第一中学
张家界航空学院
张家界旅游学校
长春乖工业大学
长春市实验高中
长宁区进修学校
长宁区业余大学
长沙市旅游中专
浙江省春晖中学
浙江省温州中学
浙江省永嘉中学
郑州大学工学院
郑州防空兵学院
郑州纺织工学院
郑州职工医学院
郑州中原工学院
至今牡丹江大学
中国 安徽大学
中国社会科学院
中国中学高中部
中人民公安大学
中央广播电大专
重庆大学MBA
重庆市新田中学
周至县第一中学
珠海市拱北中学
装甲兵工程学院
IT北大青鸟
IT服务管理
阿德莱德大学
安达重点高中
安徽财贸学院
安徽巢湖四中
安徽巢湖学院
安徽大学自考
安徽定远中学
安徽耿棚中学
安徽工贸学院
安徽工商学院
安徽工作大学
安徽行政学院
安徽黄山学院
安徽技校学院
安徽建工学院
安徽教育学院
安徽利辛一中
安徽联合大学
安徽旅游学院
安徽商旅学校
安徽商贸学院
安徽审计学院
安徽十一中学
安徽寿县高中
安徽文达学院
安徽物资学院
安徽宿州学院
安徽颖上2中
安徽中医学院
安庆师范大学
澳门科技大学
巴黎第七大学
百年理工大学
柏林自由大学
包头师范学院
宝鸡工业学校
宝鸡经贸学院
宝山爱晖职校
保定涞水中学
北方交通大学
北方联合大学
北方软件学院
北京财经大学
北京财经学院
北京传媒大学
北京大学自考
北京地质大学
北京东方大学
北京工商学院
北京公交驾校
北京供销学校
北京吉利大学
北京建工党校
北京金融学院
北京京海学院
北京警卫三师
北京军医学院
北京六十一中
北京旅游学院
北京民族大学
北京明园大学
北京培黎大学
北京培黎学院
北京前进大学
北京人民大学
北京人文大学
北京十一学校
北京石油大学
北京时代高中
北京市委党校
北京卫生学校
北京文理学院
北京新华大学
北京兴华大学
北京制冷学校
北京中山学院
北京自修大学
北衣阿华大学
滨海第一中学
布里斯托大学
部队电视大学
沧州职业学院
曹杨第二中学
曹杨职业学校
常熟任阳中学
常州电视大学
常州工业学院
常州华工学校
常州轻工学院
常州信息学院
巢湖第四中学
成都电视广播
成都化工学院
成都交通饭店
成都教育学院
成都军区学院
成都四川大学
成都天一学院
成都职工大学
承德旅游学院
厨工技术学校
春申旅游学校
春申旅游中专
春申职业学校
达内软件科技
达内信息科技
达洲科技学校
大连海事学院
大连商务学院
大连综合高中
大庆石油学院
大兴高级中学
大冶师范学校
大众工业学校
丹江 市一中
丹麦海宁学院
砀山第四中学
德国汉堡大学
德国鲁尔大学
德国萨尔大学
德国锡根大学
德国耶拿大学
德克萨斯高中
第二高级中学
第二工业大学
电视广播大学
电子工程学院
定远高中学院
东方文化学院
东方自立学校
东风公司技校
东莞理工大学
东辉高级中学
东京经济大学
对外经贸大学
二轻机械学校
法国马赛大学
法兰克福大学
肥东圣泉中学
风帆职业学校
福建纺织学院
福建技师学院
福建闽江学院
抚顺市委党校
阜宁第2中学
阜阳厨师技校
阜阳教育学院
阜阳师范大学
复旦教育学院
复旦网络学院
赣马高级中学
赣州技师学院
赣州教育师范
高顿财经培训
高邮临泽高中
格拉斯哥大学
格里菲斯大学
工程技术大学
公用事业学校
冠县技术学校
光华管理学院
广播电视大学
广东交通学院
广东龙川中学
广东茂名学院
广东平远中学
广东肇庆中学
广东中山大学
广西共贸学院
广西南地技校
广西外语学院
广西梧州学院
广州工业大学
广州海员学校
广州军区部队
广州旅游学校
广州中山大学
贵州财经学院
贵州工业大学
贵州职业学院
国防信息学院
国际旅游学校
国立华侨大学
國立清華大學
國立台灣大學
哈市机电学校
海淀技能学院
海军工程大学
海军舰艇学院
海军指挥学院
海南经贸学院
海南旅游学院
韩国釜山大学
韩国湖南大学
韩国清州大学
韩国仁济大学
韩国世宗大学
韩国新罗大学
韩国中央大学
韩国忠清大学
汉寿第一中学
杭州富阳技校
杭州商业技校
杭州师范学院
合肥北大青鸟
合肥滨湖学院
合肥撮镇一中
合肥电子学校
合肥工作大学
合肥华美学院
合肥旅游学校
合肥三联学院
合肥世杰学院
合肥天城教育
合肥通用学院
合肥中澳学院
合作民族师专
河北衡水中学
河北交通学院
河北理工大学
河北武邑中学
河北正定中学
河南财经学院
河南工商学院
河南化工学院
河南焦作大学
河南经贸学院
河南开封大学
河南林业学校
河南南乐一中
河南农业学院
河南省夏邑县
河南中州大学
黑龙江省党校
虹口业余大学
洪庙高级中学
湖北第二师范
湖北工业学校
湖北监利一中
湖北教育学院
湖北荆州石首
湖北潜江技校
湖北沙市大学
湖北省财政厅
湖北省委党校
湖北师范大学
湖北长江大学
湖口第二中学
湖南财经学院
湖南创新学校
湖南电子科技
湖南工贸学院
湖南警官学院
湖南理工大学
湖南理工学校
湖南南华大学
湖南女子大学
湖南商务学院
湖南商业学校
湖南邵阳师专
湖南邵阳学院
湖南涉外经济
湖南省工学院
湖南体育学院
湖南文理大学
湖南湘潭大学
湖州师范大学
华北理工学院
华东财经学院
华东电脑学院
华东工业大学
华东水利学院
华东政法学院
华师大一附中
华西专修大学
华夏旅游学校
华育国际学院
华中理工大学
華東理工大學
淮安供销学校
淮安师范学院
淮南师范大学
淮阴技师学院
黄金管家培训
黄浦大同学院
黄石理工学院
潢川第一高中
潢川信谊驾校
徽州师范学院
惠州技师学院
机电工业学校
吉安文武学校
吉安油田中学
吉林北华大学
吉林工业大学
吉林教育学院
吉林师范学院
济阳第十中学
建平中学西校
剑桥商料学院
江钢子弟学校
江门五邑大学
江苏保安学校
江苏城市学院
江苏阜宁中学
江苏工业学院
江苏海事学院
江苏海晏中学
江苏建筑学院
江苏教育学院
江苏经贸学院
江苏科技学院
江苏科学大学
江苏理工大学
江苏明达学院
江苏牧医学院
江苏省委党校
江苏师范学院
江苏食品学院
江苏信息学院
江西财经学院
江西城市学院
江西城市學院
江西大宇学院
江西东南学院
江西高等学院
江西工贸学院
江西工业学院
江西行政学院
江西环境工程
江西机电学院
江西交通学院
江西九江大学
江西蓝天学院
江西南昌大学
江西清林学校
江西生物学院
江西体育学校
江西现代学院
江西新余学院
江西修水一中
江西宜春医专
江西中山学院
江阴商业学校
交大网络学院
交通技术学院
焦作矿业学院
金洞林场中学
金陵职业大学
锦江技术学校
锦江旅游学校
锦州渤海大学
锦州师范学院
泾县职业学院
泾县职业中学
经济贸易大学
荆州理工学院
荆州职业学院
九州工業大学
酒店旅游职校
酒店培训学校
巨野第一中学
军事经济学院
开封通许一中
科海技术学院
空军后勤学院
控江高级中学
兰州石化学院
兰州铁道学院
兰州外语学院
兰州长青学院
蓝带厨艺学院
蓝带国际学院
劳动关系学院
立信会计学校
立信会计学院
立信会计专科
辽干管理学院
辽宁拔萃中学
辽宁北方学院
辽宁电视大学
辽宁省委党校
聊城财政学校
临港科技学校
临泉铁佛中学
临洮职教中心
临沂师范学院
灵台第一中学
柳州工业学校
柳州技术学院
六安海峰中学
六安卫生学校
伦敦东部大学
洛阳外贸学院
旅游管理学院
旅游专科学校
曼彻斯特大学
曼尼托巴大学
梅州嘉应学院
梅州农业学校
美国北方大学
美国国立大学
美国纽约大学
美国协和大学
蒙城第2中学
米兰理工大学
绵阳财金学校
绵阳财经学校
绵阳师范大学
闽东技师学院
明光翁氏技校
南昌科技学校
南昌理工大学
南昌陆军学院
南昌师范学校
南充体育学院
南方空军学院
南航技术学院
南湖职业学校
南京北大青鸟
南京城市学院
南京东南大学
南京航空学院
南京化工大学
南京机电学校
南京建邺电大
南京金肯学院
南京金陵职大
南京金贸学院
南京经济学院
南京军区服役
南京军事学院
南京旅游学校
南京旅游学院
南京炮兵学院
南京三江大学
南京三江学院
南京师范学院
南京铁道学院
南京信息学院
南京政法大学
南京政治学院
南京职业学校
南京钟山学院
南开大学自考
南市电视中圭
南通航运学院
南阳第四中学
南阳电器学校
南阳理工学校
南阳师范大学
南洋理工大学
南油吴江学院
南闸职业学校
宁波理工学院
宁海西路小学
宁海职教中心
宁化第一中学
纽卡斯尔大学
纽约理工大学
纽约州立大学
欧洲教育学院
欧洲设计学院
培佳双语学校
平顶山工学院
平湖职业中专
普利茅斯大学
普宁第一中学
齐鲁音乐学校
齐齐哈尔中学
岐阜经济大学
启东电视大学
千锋3G学院
前黄高级中学
青岛博益学院
青岛恒星学院
青岛旅游学校
青岛烹饪学校
青岛求实大学
青岛求实学院
青岛新港科技
青岛职业学院
青山初级中学
求实职业学校
全国高教自考
泉州华侨大学
泉州旅游学院
人力资源培训
日本北陆大学
日本东海大学
日本法政大学
日本敬爱大学
日本九州大学
日本青叶学院
日本星城大学
日本杏林大学
日本中央大学
日内瓦商学院
日照技师学院
瑞安技工学院
瑞典西部大学
瑞典中部大学
三门峡市陕高
三峡联合大学
沙巴管理学院
沙溪理工学校
厦门华厦学院
厦门华天学院
厦门集美大学
山东滨州学院
山东财经学院
山东财政学院
山东工商大学
山东工业大学
山东行政学院
山东菏泽学院
山东技师学院
山东经济学院
山东力明学院
山东鲁东大学
山东旅游学校
山东齐鲁学院
山东日照学院
山东商职学院
山东省青干院
山东潍坊学院
山东武城二中
山东烟台大学
山东淄博商校
山西科技大学
山西师范高中
山西运城学院
陕西财经学院
陕西财贸学院
陕西防治学院
陕西工业学院
陕西国防学院
陕西教育学院
陕西理工大学
陕西三和学院
商丘科技学院
商业会计学校
上海爱国中学
上海邦德学院
上海材料工程
上海财经学校
上海财政大学
上海诚信学院
上海崇明学校
上海崇西中学
上海船舶学院
上海存瑞中学
上海达内科技
上海大同学院
上海第四聋校
上海第四中学
上海第一聋校
上海电力大学
上海电视大学
上海电视大字
上海电视中专
上海電視大學
上海东风中学
上海东海学院
上海东华大学
上海东辉职校
上海纺织职大
上海丰镇中学
上海风光职校
上海复旦大学
上海复旦继续
上海复旦中学
上海港湾学校
上海工商学院
上海工业大学
上海工艺美校
上海工艺美院
上海光明中学
上海国旅职校
上海海事学院
上海海同科技
上海海悉教育
上海海运学校
上海海运学院
上海行建学院
上海行健学院
上海和平中学
上海宏教学院
上海华漕中学
上海华东理工
上海华浦教育
上海华育国际
上海化工学院
上海环境学校
上海会计学院
上海机电大学
上海机械学院
上海济光学院
上海建峰学院
上海建工学院
上海建设中学
上海交大学院
上海交大夜大
上海交通学校
上海教育学院
上海金陵中学
上海经贸中专
上海敬业中学
上海静安业大
上海九江中学
上海科技学院
上海控江中学
上海兰生学院
上海老三技校
上海黎明中学
上海理工大學
上海立达学院
上海立信会计
上海六十中学
上海卢湾大学
上海卢湾电大
上海旅游学院
上海旅游职校
上海民远学院
上海南湖职校
上海南泉中学
上海南市职校
上海农林学院
上海欧华学院
上海炮兵学院
上海蓬莱中学
上海浦钢技校
上海侨友学院
上海侨友职校
上海群星职校
上海瑞金中学
上海杉达大学
上海衫达大学
上海商业学校
上海师大附中
上海石化技校
上海时代学院
上海市北中学
上海市财政局
上海市商学院
上海市卫生学
上海水产大学
上海天工职校
上海同济大学
上海外贸学院
上海宛平中学
上海威迅教育
上海位育中学
上海五爱中学
上海西南交大
上海现代职校
上海消防学校
上海新陆职校
上海新侨学院
上海信宏高中
上海业余大学
上海医药大学
上海逸夫职校
上海银都驾校
上海邮电中专
上海育才高中
上海育群高中
上海园林学校
上海运输技校
上海张堰中学
上海长宁二中
上海长宁中学
上海震旦学院
上海震旦中专
上海政法大学
上海职业高中
上海中博学院
上海中华学院
上海中侨学院
上海中原中学
上饶师范学校
上肖初级中学
邵武第四中学
社会培训机构
深圳惠州警校
沈阳工业学院
沈阳行政学院
沈阳化工学院
沈阳机电学院
沈阳金融学校
沈阳炮兵学院
省委职工大学
圣奥拉夫学院
师范教育学院
十堰郧阳师专
石油物探学校
实验高级中学
首都经贸大学
首都联合大学
寿县第二中学
沭阳悦来初中
双德科技大学
硕集职业中学
思源IT学院
四川工商学院
四川行政学院
四川机电学院
四川建筑学院
四川金堂中学
四川理工大学
四川南部中学
四川烹饪技校
四川三峡学院
四川遂宁中学
四川天一学院
四川外语学院
四川荥经中学
四川中江中学
四川自修大学
泗县第五中学
苏州工艺美院
苏州教育学院
苏州科技大学
遂平玉山高中
台湾辅仁大学
台湾静宜大学
台湾玄奘大学
台湾义守大学
台灣實踐大學
太原育英中学
泰国博乐大学
汤家河镇中学
天汇职业学校
天汇职业学院
天津财经学院
天津南开大学
天津市商学院
天津新华大学
天津职工大学
天津职业大学
天水市一高中
通江职业中学
通许杨坤中学
同济大学成教
同济中澳学院
铜川职业学院
外语外贸学院
万州一职中学
维多利亚大学
维尔兹堡大学
渭南附属中学
魏县奋进中学
温泉高级中学
温州华侨中学
涡阳职业学院
无锡NIIT
无锡城市学院
无锡江南大学
无锡科技学院
芜湖教育学院
芜湖联合大学
武汉船舶学院
武汉东湖大学
武汉工程学院
武汉工业大学
武汉工业学院
武汉航道学校
武汉湖北大学
武汉化工学校
武汉化工学院
武汉交通学院
武汉教育学院
武汉科技学院
武汉旅游学校
武汉民政学院
武汉商贸学院
武汉知音学院
武汉职业学院
武警西宁支队
武威第五中学
西安财经大学
西安工程学院
西安三资学院
西安数字学院
西安通信学院
西安西京大学
西安西京学院
西安邮电学院
西安政治学院
西北政法学院
西南理工学院
西平高级中学
悉尼科技大学
霞浦职业中专
夏邑高级中学
咸宁教育学院
现在管理大学
香港理工学院
香港英皇书院
襄阳财贸学校
襄阳文理学院
萧县第一中学
萧县新城中学
笑坤总裁培训
忻州师范大学
新华电脑学校
新华旅游学校
新会第四中学
新疆财经学院
信息技术学院
兴华职业高中
宿州实验高中
徐汇职工中专
徐州财经学校
徐州后勤学院
徐州空军大学
徐州商业学院
徐州师范大学
徐州郑集高中
溆浦第六中学
雅安卫生学院
盐城第二中学
盐城技师学院
盐城职业学校
扬曲职业高中
扬州职业大学
阳江技术学院
杨浦财贸中专
杨浦业余大学
杨思高级中学
洋泾高级中学
洋泾中学东校
姚李职业中学
饮食服务学校
英国巴斯大学
英国华威大学
英国利兹大学
英国林肯大学
英国约克大学
应城职业中专
应用技术大学
应用技术学院
永城第二中学
永顺第一高中
渝州科技学院
郧阳科技学校
闸北旅游学校
湛江师范学院
湛江益智技校
漳州师范学院
长春地质学院
长春广播大学
长春科技大学
长春师范学院
长春税务学院
长春信息学院
长葛实验中学
长乐霍尔姆斯
长崎国际大学
长沙创慧教育
长沙航空学院
长沙民政学院
长沙欧柏泰克
长征农场小学
长征农场中学
肇庆鼎湖中学
浙江财经学院
浙江海洋学员
浙江嘉善中学
浙江旅游学院
浙江树人大学
浙江长征学院
振华高级中学
郑州工程学院
郑州工业学院
郑州华信学院
郑州交通学院
郑州旅游学院
郑州铁路六中
郑州中州大学
职业高级中学
中共中央党校
中国饭店协会
中国海南大学
中国科技大学
中国炮兵学院
中国烹饪协会
中国文化大学
中国西南财大
中国语言文学
中国长江大学
中华新侨学院
中华新桥学校
中华新桥学院
中华职业学校
中江职业中专
中京学院大学
中牟职业中专
中南财经大学
中欧管理学院
中央电视大学
中央广播大学
重庆大学在读
重庆大足足中
重庆第二中学
重庆海联学院
重庆教育学院
重庆科创学院
重庆清泉中学
重庆师范学院
重庆市工贸校
重庆网络学院
重庆西南大学
重庆云阳南中
周口科技学院
株洲北大青鸟
株洲职工大学
诸暨职业学校
CTI论坛
ECUPL
ITSEO
阿尔托大学
阿斯顿大学
爱丁堡大学
奥克兰大学
白石坡中学
北京商学院
北京市党校
北龙港初中
伯明翰大学
苍社乡中学
朝日 日语
成都新东方
灯塔市职高
定远县二中
东安工学院
东方商学院
东光明中学
董恒甫学校
多伦多大学
掇刀石中学
俄勒冈大学
阜阳职高中
甘霖初职校
甘肃政法学
广东商学院
广西工学院
桂林工学院
国家旅游局
哈尔滨华德
汉寿县二中
杭州商学院
和君商学院
河南理工大
荷兰商学院
黑山二高中
横州镇五中
湖北财政厅
湖北工学院
华北工学院
华威商学院
皇太后大学
黄集镇二中
黄浦商职校
汇聚商学院
会计师中级
惠灵顿中学
吉林工学院
冀州市一中
夹竹园中学
江西信学院
锦江里诺士
九江县一中
卡迪夫大学
堪培拉大学
矿大成教院
昆士兰大学
拉筹伯大学
拉夫堡大学
莱斯特大学
立命馆大学
利物浦大学
利辛第二中
连云港师专
连云港一中
连云港职大
辽宁工学院
辽宁商学院
柳州铁二中
六安市二中
龙比亚大学
洛阳工学院
马耳他大学
马来亚大学
麦考理大学
麦考瑞大学
曼哈顿大学
茅桥镇中学
美利坚大学
蒙城县一中
密歇根大学
闵行电机厂
莫纳什大学
墨尔本大学
南部县高中
南京旅游学
南王店中学
内蒙古党校
宁波 酒店
诺丁汉大学
普陀区电大
青龙山高中
清华商学院
全日制高中
瑞士-其他
三叉港中学
桑德兰大学
山东商职院
上海二工大
上海科学院
上海摩士达
上海社保局
上饶县中学
十八铺中学
石家庄三中
石桥铺中学
朔州市一中
斯坦德大学
四面山一中
太湖县中学
太子河职专
桃花江中学
天津商学院
天水市二中
铁峪铺中学
皖巢湖学院
皖合肥卫校
无锡商学院
芜湖县二中
芜湖县高中
芜湖县一中
伍伦贡大学
武警医学院
西飞工学院
西雅图大学
淅川县一高
习家店中学
新东方烹饪
新世界教育
新西兰学院
休宁 一中
杨浦区大学
仪陇县中学
宜宾商职校
益阳市六中
宇都宫大学
在学校学习
早稻田大学
枣庄市体校
长沙理工学
郑大工学院
郑州工学院
中国劳动部
中级会计师
中南林学院
重庆工学院
周官桥中学
ACCA
DUFE
HTMI
IFTC
TAFE
阿坝师专
艾停中学
隘口高中
隘口中学
安丰高中
安工学院
安化一中
安化中学
安庆大学
安远高中
澳门大学
澳头中学
巴国布衣
巴黎八大
巴黎七大
板集中学
榜罗高中
宝鸡大学
保安中学
北大青鸟
北京名园
本溪大学
毕节学院
宾县一中
财经学院
餐旅技校
曹阳二中
曹阳三中
曹杨六中
曹杨职校
漕溪中学
柴湖中学
長江大學
常熟理工
场中学校
朝阳高中
车桥中学
陈集高中
陈集中学
成都大学
成都宏才
成蹊大学
成团二中
成武一中
诚信驾校
城关高中
城关中学
城南中学
城市学院
城西大学
程集高中
澄衷中学
池州三中
崇实学校
仇桥中学
储能中学
春来学校
春申旅职
慈光学校
崔桥乡中
达内科技
大方二中
大连成教
大连理工
大连民族
大连重工
大石中学
大同大学
大同学院
大悟二中
大溪中学
大新中学
大兴二职
大兴一职
大垭小学
大冶六中
岱山中学
丹东9中
丹东财经
丹桂中学
单县五中
迪肯大学
第二学历
第一学历
电白一中
电力学院
电视大学
电视中专
店前中学
定陶职中
定远三中
东宝学校
东北财经
东昌中学
东方旅职
东沟中学
东海初中
东海中学
东湖高中
东辉职校
东桥中学
东新中学
斗市中学
多特蒙德
堕却中学
峨岭中学
鄂州大学
恩施交校
范县一中
肥东二中
肥西二中
肥西一中
翡翠科技
汾河高中
丰乐中学
丰利中学
枫林中学
枫溪中学
逢甲大学
凤城二中
凤阳二中
芙蓉学校
抚顺大学
付何中学
阜阳二中
阜阳三中
阜阳师范
复旦成人
复旦夜大
复旦中学
复旦自学
复兴中学
富岭中学
港口中学
高汉中学
高级中学
高丽大学
高良中学
高龙高中
高桥职校
高桥中学
高中毕业
工商学院
工业技术
工业中专
公安干校
共和中学
固镇二中
顾村中学
灌南中学
光明驾校
广丰一中
广宁中学
广州电大
郭家中学
海防中学
海军学院
海门中学
海事学院
海同科技
海运学院
含山中学
杭州电大
杭州十中
航头中学
禾丰中学
合肥中学
河东三中
河南财专
河南工院
河南师范
河淇中学
赫尔大学
横埠中学
横峰中学
红光中学
红山中学
红卫八中
红星中学
虹陵技校
洪湖二中
洪山高中
洪源中学
湖沟高中
花岗中学
华北广电
华漕中学
华德学院
华东大学
华东理工
华东师大
华丰中学
华强中学
华桥外院
华威大学
华育国际
华中师大
怀少学校
怀远二中
淮安二中
淮北中学
淮海大学
淮南六中
淮阳一高
淮阳一中
黄渡中学
黄冈电大
黄冈示范
黄冈艺高
黄河水院
黄流中学
黄浦电大
黄浦商校
黄浦业大
黄沙中学
黄山大学
黄山技校
黄石理工
黄石中专
黄州中学
会计培训
会理二中
会宁一中
惠南中学
火星时代
获嘉三中
霍邱三中
机电中专
吉水中学
技工学校
技术学校
技校毕业
济光学院
继光中学
暨南大學
加州大学
嘉兴大学
建峰学院
建浦中学
建桥学院
建青高中
剑阁中学
剑桥大学
剑州中学
江安四中
江城中学
江村二中
江南大學
江苏城市
江苏电大
江苏技校
江苏理工
江西大学
江西理工
江西南昌
江西农业
江西团校
江阴学院
江源二中
交大自考
交通大学
教育学院
杰普软件
界首一中
金榜高中
金陵职大
金陵中学
锦江技校
锦绣学院
晋中电大
泾县中学
经济学院
经贸学院
荆州技校
荆州理工
景泰一中
九江一中
九冶中学
九州大学
酒泉师范
军需大学
浚县一中
开放大学
开江中学
康桥中学
来安一中
兰溪二中
蓝天学院
蓝田中学
浪潮优派
乐安二中
雷池中学
黎城一中
黎溪学校
李渡中学
立信会计
利辛一中
利兹大学
涟水一中
联合大学
联农驾校
凉山大学
蓼东高中
林凤中学
林荫中学
临潼高中
灵璧二中
灵璧三中
灵璧中学
刘村中学
浏阳三中
柳树中学
六安二中
六州中学
六洲中学
龙泉驾校
龙山二中
龙云中学
陇桥学院
娄底学院
卢定中学
卢市高中
卢职中心
芦溪中学
庐江中学
泸定中学
泸州二中
鲁迅美院
陆集中学
洛阳大学
洛阳理工
漯河四中
马桥高中
梅陇二中
梅云中学
蒙城一中
弥度一中
庙头中学
民航中专
民远专科
闵行三中
明达中学
明海大学
南昌理工
南充六中
南大成教
南湖职校
南江中学
南京财经
南阳理工
南阳师院
南一中学
泥城高中
宁武职校
宁县一中
纽约大学
女子学校
欧亚学院
培华学院
裴岗中学
烹饪学校
彭浦高中
彭泽一中
平湖中学
平利中学
坪头中学
屏山中学
鄱阳中学
浦光中学
浦南中学
普陀高中
普陀业大
祁阳四中
蕲春四中
启明学校
千锋教育
黔阳二中
桥亭中学
钦州二中
秦岭中学
青岛海洋
青浦高中
青软实训
清华万博
清华中学
琼州大学
曲靖一中
群星职校
群益职校
燃灯中学
饶平四中
人民大学
日本大学
汝州二高
萨里大学
三里小学
三门职校
三秦技校
三塔学校
三元中学
三灶丰杜
沙坪高中
山东科大
山东旅游
山东学院
山西煤院
山峡大学
杉达大学
杉友旅专
陕西工院
商城县高
商丘师范
上宝中学
上法职校
上港一中
上高一中
上海电大
上海二轻
上海交大
上海理工
上海旅职
上海旅专
上海杉达
上海师大
上海同济
上海冶专
上海医药
上海中博
上海中学
上海中专
上音杨浦
尚文中学
韶关大学
韶山中学
深圳中学
沈冲中学
沈阳机电
沈阳农大
生物工程
省委党校
盛桥中学
师范大学
十灶中学
石泉中学
石塘中学
石镇高中
实验艺校
实验中学
市场营销
市西中学
市中教育
寿县二中
寿县一中
沭阳高中
竖河职校
双门中学
双田完小
双田中学
水波中学
硕集中学
思陇中学
四川电大
四川建院
松江电大
松江四中
苏州学院
苏州职大
绥德一中
遂平一高
隧道技校
孙招中学
孙召中学
台湾大学
台中高工
太和一中
太和中学
太湖中学
太原大学
太原理工
泰安学院
郯城一中
汤沟中学
唐山大专
涛城中学
滕州三中
滕州一中
天津美院
天水十中
天智教育
条洋中学
铁路二中
通钢二中
同创学院
桐城中学
屯字中学
瓦埠高中
瓦埠中学
万博学院
汪桥高中
王楼中学
望江职高
位邱高中
位育中学
尉氏三中
渭南师范
渭南学院
温圳中学
涡阳九中
无极二中
无为一中
无锡电大
吴铺中学
五河二中
五台职专
武店二中
武汉体院
武警部队
武威高中
西安大学
西城中学
西华三高
西华一中
西京大学
西南交大
西平高中
西山中学
息县二高
息县高中
悉尼大学
淅川高中
细坳中学
夏津六中
夏邑一高
仙霞二中
咸宁学院
现代高职
现代职校
湘谭大学
襄樊学院
向东中学
向群中学
象山三中
潇湘学院
孝感学院
新丰中学
新光中学
新华学院
新华职校
新集高中
新口中学
新陆职校
新庙高中
新民中学
新侨学院
新桥学院
新芹中学
新胜中学
新田中学
新星中学
新亚职专
新野三高
新业职校
信阳师范
兴华高中
修武一中
宿迁中学
岫岩三中
徐海学院
徐汇职校
徐聞中學
徐州工程
宣城二中
宣城技校
宣城中学
宣州二中
迅腾国际
延安财校
延安育英
延安中学
盐城思腾
羊寨中学
阳高一中
阳新高中
阳新一中
杨垱高中
杨浦职校
杨桥职高
洋河中学
业余大学
医药学校
沂源二中
宜春大学
宜山中学
移通学院
艺德前程
益林中学
益水中学
逸夫高中
逸夫职校
银屏中学
英孚教育
英国剑桥
英豪学校
荥阳五高
颍上一中
应城一中
应天学院
永安中学
永丰中学
于都4中
余江一中
虞城高中
玉屏中学
玉山二中
原阳三中
约克大学
悦成教育
云浮中学
郧西一中
枣庄师专
泽林高中
闸北二职
闸北九中
闸北业大
展沟中学
长宁电大
长宁业大
长青中学
长沙大学
长兴中学
昭平中学
浙大网新
浙江大學
浙江电大
浙江商校
真如中学
震旦学院
镇巴高中
镇江高专
正宁三中
正阳中学
郑楼中学
郑州农大
知源中学
职教中心
职业高中
志强高中
志新职校
中大学院
中町高中
中町中学
中华职校
中山中学
中西旅游
中心学校
中央党校
中央电大
中医学院
忠义职中
众兴中学
朱港中学
资中四中
子弟中学
子仪中学
自费本科
自学大专
自学考试
邹坞5中
ACG
DCU
FDU
NMC
NTU
USC
安农大
安师大
八方达
柴胡店
二工大
合工大
华师大
南师大
宁一中
农学院
省电大
市二高
西工大
县一高
新东方
秀一中
学尔森
财大
财院
初中
川职
达内
复旦
工大
光中
普高
青阳
山大
上外
侍中
顺中
四高
新亚
央邦
英邦
中原
自考