Library and Information Science （Ranked Top 1 in US since 1995）
Management of Info.System | Post graduate Certificate.
Postgraduate Diploma in Hotel Operations Management
Degree of Bachelor of Hospitality and Tourism Mana
Bachelor of Business (International Hotel Manageme
Bachelor of international business hotel and touri
Bachelor of Business Administration（Hospitality）
International Tourism and Hospitality Management
Business Administration and Management, General
Language and Literature English and Hospitality
国际奢侈品品牌管理International Luxury Brand Management
Hospitality Management & Meetings and Events
Business Administration in Business Studies
Master of International Service Management
International Tourism and Hotel Management
Associate degree of hospitality management
BA(Hons) Hospitality Business Management
MSc Hospitality with Tourism Management
Electrical and Electronics Engineering
Mechanical Engineering and Automation
Torisum Management / Hotel Management
MBA in International Hotel Management
Hotel management and business english
International Hospitality Management
Tourism Management(Hotel Management)
international hospitolity management
Hospitality & International tourism
Tourism and Hospitality Management
AGRICULTURAL AND APPLIED ECONOMICS
International Business Management
Master of Business Administration
Victoria Certificate of Education
supply chain management premaster
Innovation Hospitality Management
Marketing Management and Strategy
Information Resources Management
Master of International Business
Electrical Machinery and Devices
Postgraduate in Hotel Management
English Language and Literature
Cooking and nutrition education
Computer science and technology
Engineering Business Management
Maser of the Tourism Management
Hotel management for Shangri-La
Hotel and Restaurant Management
Computer Information Management
Hotel Management(Front Office)
International Hotel management
Bachelor of Information System
Finance and General Management
Media & Cultural Studies传媒文化研究
Electromechanical integration
Business and Computer Science
English Language & Literature
MBA(顶级商学院, 欧洲Top 10, 全球Top30)
Chinese/Maths/English/History
advanced software engineering
Tourism and Hotel Management
International media business
经济信息 (Wirtschaftsinformatik)
phisics,chemisty and english
SDH、EPON等光网络通信和CATV系统技术及应用培训
Forestry economic management
Diploma of Computer Science
Hotel Management Associates
hospitality & culinary arts
Hotel Service Professional
Hotel & Lodging Management
国家旅游饭店总经理上国家旅游饭店总经理上岗证书岗证书
CEO现代企业高级经理岗位资格证书 MBA 核心教程
Hotel & Tourism Management
国际商务与款待业(酒店、旅游度假及温泉)管理硕士学位
Administration Management
BA Hospitality Management
Major in Public Relations
Human Resourse Management
Labor and social security
administrative management
Pacific and Asian Studies
Business Affairs English
Jurisprudence Department
international accountant
Mordern Hotel Management
The computer application
Meeting and conventional
专业翻译(德文-中文-英文) 重点是经济与计算机
International Management
MBA(中国顶尖大学，中国TOP 1顶级商学院）
English,General Business
Business Administration
Media and Communication
Accounting and Taxation
supply chain management
中国烹饪大师，特级烹调师、食品雕刻师 培训讲师
Business Adminsitration
Business and management
Hospitality Management
Hosipitality mangement
building budget person
culinary and nutrition
International Business
Accounting and Finance
Accounting and Trading
commercial engineering
Hospitality Managemeny
Marketing & Management
Finance and Accounting
Automotive Engineering
航运物流与临港产业MBA (学位学历项目)
西方经济学-证券期货专业（在职研究生在读）
middle school student
History and Geography
《注册饭店高级职业经理人》（CHA） 证书
International English
技术经济及管理（风险投融资及创业管理方向）
Foreign Trade English
Commercial Management
investment management
高电压与绝缘技术(辅修计算机技术及应用)
HOTEL Administration
高级职业经理人资格认证(总经理资格认证)
Financial Management
国际贸易专科自考（社会制教育）大专结业班
Executive management
Finance & Accounting
计算机科学与技术（软件开发JAVA方向）
Corporate Management
复旦国际工管理硕士交换项目 (IMBA)
Logistics management
Finance & Logistices
Tourism Managerment
English Translation
语文 数学 英语 物理 化学 历史 等
Business management
Computer technology
International Trade
机械设计制造及其自动化专业（中德汽车）
取得上海人才中介师及上海人才中级经纪人
取得上海市企业领导干部工商管理结业证书
Comic and Animation
机械设计制造及其自动化汽车工程中美合资
Environment inspect
OCM（ORACLE DBA认证大师）
Preschool Education
Public Relationship
交通大学与UBC 联合工商管理硕士项目
酒店服务知识（（酒水类知识和服务知识）
English of Teaching
“交通运输规划与管理”研究生（全日制）
tourism management
电子信息工程学院 3G/4G移动通信
Chinese literature
tourist management
Management Science
Commercial cookery
企业管理（人力资源管理、组织管理学）
机械工程，国际经济与贸易（第二学位）
日语/公共关系学(文学管理学双学位)
海事贸易与物流管理 二级一等荣誉学位
“交通运输”本科毕业 学士（专升本）
Legal Professional
计算机科学与技术（电力企业信息化）
Retail Management
Accounting degree
计算机科学与技术（嵌入式系统方向）
Hotel Managerment
Travel Management
艺术设计（空中乘务与空港管理方向）
管理科学与工程——人力资源管理方向
Global Management
English Philology
English Education
Muti-Media Design
信息系统与信息管理（日英双语强化）
韩国语培训（为期一年的韩国语培训）
金融学与电子信息工程双学位（一本）
语文，数学，英语，历史，物理，化学
国际酒店业与服务产业，市场营销方向
Events Management
Education English
机械设计制造及其自动化（汽车工程）
Japanese Language
Tourism Managment
Tourism specialty
企业传播与名誉管理（市场营销方向）
.net软件工程师+计算机信息管理
Hotel Management
Business English
Catering tourism
mangent of hotel
酒店管理高级职业经理人（CEO)
event management
Tourism colleges
hotel mangerment
Hotel Managament
工商管理学硕士（全日制英文项目）
过程装备与控制工程(原化工机械)
2012中国移动全省新员工培训班
Master of Design
计算机科学与技术（软件开发方向）
交通运输（汽车运用工程）中美合作
Computer science
Entrepreneurship
Chain management
汽车驾驶、汽车维修和汽车营运管理
程控交换和交换网、计算机网络方向
English(Tourism)
高中+技校（模具设计与制造专业）
计算机科学与技术学院网络工程专业
应用物理学 乙等一级荣誉学士学位
F&B Sevice skill
Animation design
Hotel managemant
计算机应用技术（java方向）
计算机应用技术、机电一体化技术
主修统计学，副修保险统计精算学
电子信息工程（中美合作） 日语
hotel mangement
tour management
English tourism
Tourism English
交通信息工程及控制（铁路信号）
旅游管理（酒店服务与营销方向）
电子与电气工程系 应用电子技术
企业管理-国际人力资源管理方向
法学（经济法方向）第二学科学位
TOURSIM ENGLISH
国际酒店高级职业经理人资格证书
计算机应用基础/广告设计与制作
物流管理（信息系统与信息管理）
国际贸易/船舶技术（机电）专科
Marking-tourism
计算机科学与技术类--软件工程
软件技术（网页设计与制作方向）
餐饮服务与管理（餐饮经理方向）
risk management
Asian Languages
数学与应用数学（金融数学方向）
烹饪工艺与营养（烹饪工艺方向）
计算机科学与技术（java）
计算机科学与技术（信息工程）
计算机科学学院 软件工程专业
国际工商管理 副修 市场营销
语文，数学，英语，物理，综合
Hotel Business
Administration
计算机科学与技术（网络方向）
计算机信息管理(独立本科段)
制冷工程系制冷及食品冷冻专业
计算机科学与技术（软件工程）
中国人民大学. 酒店工商管理
企业经济学，Diplom学位
江苏省宝应县小官庄镇中心中学
计算机科学系 计算机应用技术
取得上海劳动人事岗位资格证书
软件开发java+linux
楼宇智能化工程技术、工程管理
船舶工程技术 船舶电子与通信
电机工程系电磁测量及仪表专业
F&B management
旅游管理专业（饭店管理方向）
电子政务（政务信息安全技术）
计算机应用技术(多媒体专业)
Marketing & AD
European study
餐饮管理与服务（职业经理人）
计算机科学与技术（软件技术）
计算机科学与技术（专升本）
从小师从父辈学的是裁缝手艺
发展组织能力 推动战略实施
基督教美术史学/日本语别科
应用心理学（人力资源方向）
计算机应用技术（软件应用）
hotel service
海洋技术（遥感与信息处理）
计算机应用技术(软件研发)
工程管理 法学（第二学士）
国际金融与贸易：社会关系学
计算机科学与技术系软件技术
第一专业日语/第二专业汉语
日语第一专业/旅游第二专业
服装和纺织品市场营销与管理
应用电子技术 工商企业管理
软件技术（移动互联网方向）
社会学 经济与社会发展战略
计算机应用（IT产品营销）
计算机科学与技术/软件开发
国际酒店管理 国际商务管理
主修应用数学，辅修工商管理
导游与管理全日制大专自考班
多媒体设计（影像音响设计）
北大青鸟 Java软件开发
工程（投资）注册咨询工程师
Java/安卓软件开发培训
工商管理--旅游与酒店管理
Major-English
软件工程 移动开发应用方向
海洋政策 GPA 3.34
管理科学与工程（企业管理）
烹饪工艺与营养(西餐方向)
计算机网络技术（网络管理）
地图制图学和地理信息工程
金属材料及热处理工艺专业
机械电子工程/机电一体化
软件技术（Java方向）
工商企业管理（自学考试）
行政管理（人力资源方向）
经济信息管理与计算机应用
计算机软件应用与信息管理
管理科学-管理学学士学位
Android开发工程师
人力资源管理研究生课程班
经济管理系 酒店管理专业
饭店管理专业 工商管理类
飞行器设计与工程（航天）
软件工程（软件开发方向）
全国首批上岗资格认证培训
旅游管理（酒店管理方向）
化学物理/辅修计算机软件
旅游管理(国际酒店管理)
企业管理硕士（金融方向）
市场营销（国际营销方向）
市场营销（英语语言文学）
自学上海财经大学采购专业
经济管理 大专、本科连读
商务英语(高自考全日制)
初级中学教师资格（美术）
总裁培训班、总裁执行风暴
Liberal arts
美术设计系，环境艺术专业
外国语专业（英语和日语）
机械/材料成型机控制工程
MBA Exchange
计算机学院 软件工程专业
企业中层高效执行力研修班
旅游管理（国际酒店管理）
图书情报（商业分析方向）
软件工程 移动设备与开发
语言文学类 酒店管理应用
旅游管理（应用英语方向）
计算机科学与技术电子商务
工商企业管理（中法合作）
公共事业管理（卫生方向）
公共事业管理(卫生方向)
国际旅游学院酒店管理专业
软件开发(c/c++)
工业与民用建筑（肄业）
旅游/酒店/饭店管理类
计算机信息管理与科学 
Hospitality
经济型酒店总经理资格证
liberal art
食品生物技术与培烤技术
统计学（数据分析方向）
领导力发展项目系列培训
High school
外交学 国际政治与经济
汉语言文学系广告学专业
《酒店高级管理师》证书
旅游饭店总经理岗位证书
酒店旅遊管理+航空服務
计算机网络技术安卓方向
计算机系计算机应用专业
人力资源管理师（二级）
烹饪服务管理；专业毕业
贸易经济系市场营销专业
Social work
旅游管理（含酒店管理）
MBA program
企业社会责任与环境管理
电气工程及其市场应用学
电力系统及其自动化专业
国际酒店管理与旅游管理
组织行为和人力资源管理
国际管理（创业与创新）
项目管理辅修产业经济学
经济信息与市场调查专业
算机科学与技术专业学士
电子技术与微机应用专业
中澳合作-酒店管理专业
数学与应用数学经济方向
起点动力营、主管新秀营
金融学 Finance
高分子材料/化工/物理
高级护理（5年制本科）
国际人力资源总监课程班
国际酒店管理与涉外旅游
数据库管理与应用/英语
机械制造经济工程师专业
应用艺术 视觉传达设计
人物形象设计兼商务礼仪
物流管理 & 公共关系
新闻学（德语新闻方向）
国际商务 （物流方向）
工商管理硕士（MBA)
java开发环境的应用
Engineering
国际旅游管理，酒店管理
旅游管理[工商管理类]
旅游与酒店管理（日语）
数字媒体录像与动画专业
软件工程 Java方向
Business IT
国际旅游与酒店管理专业
英语（应用于翻译方向）
信 息 工 程 管 理
经济信息管理计算机技术
移动3G—4G网络开发
计算机科学与技术-在读
烹饪工艺与营养西餐方向
酒店管理（普通全日制）
应用数学和计算机应用
计算机软件开发与应用
地图学与地理信息系统
工商管理（企业管理）
计算机原理及应用专业
人力资源与应用心理学
人力资源管理（自考）
智能化楼宇及设施管理
影视后期数字媒体艺术
土木工程[项目管理]
金融学(在职研究生）
人力资源与心理学方向
Accounting
计算机信息技术及应用
旅游管理（会展方向）
酒店管理(前厅管理)
旅游管理(酒店管理)
食品工程系与烹饪工艺
自动控制（铁路信号）
商务外语-食品营养学
邮轮乘务（酒店管理）
语文数学美术体育等等
新闻传播学、辅修法学
艺术设计(产品设计)
酒店管理学、营销学等
旅游管理（酒店方向）
饭店质量检查资格证书
计算机信息通讯及技术
中式烹调师（原一级）
计算机科学与技术专业
行政管理、公共事业等
（软件工程）电子商务
河南大学. 企业管理
机械设计制造及自动化
沈阳大学旅游管理学院
餐饮管理 （专升本）
工商旅游酒店管理专业
高级拉面点师心系面塑
软件工程（测试技术）
计算机技术应用和管理
国际酒店管理与领导力
机关管理及办公自动化
工商企业管理自考本科
行政管理、公共管理类
计算机软件嵌入式开发
电气自动化与控制技术
计算机辅助设计与制造
英语（旅游管理方向）
取得上海建设项目经理
材料学-复合材料方向
Art design
酒店，活动及旅游管理
旅游管理涉外酒店管理
计算基辅助设计与制造
多媒体艺术与制作专业
旅游管理(酒店方向)
计算机科学与科学技术
材料加工工程（焊接）
Psychology
HND 国际酒店管理
企业管理及办公自动化
社会学 辅修第二专业
心理学（特殊教育i）
苏州大学阳澄湖校区）
宾馆（酒店）管理专业
旅游管理（国际酒店）
英语（国际体育交流）
文秘/计算机信息管理
酒店方向人力资源管理
国际贸易与经济学专业
市场营销（中外合作）
管理类 人力资源管理
旅游管理（应用英语）
旅游管理（酒店管理）
旅游管理（旅游英语）
旅业管理酒店管理方向
网络工程系教育技术学
呼叫中心高效运营管理
“商务英语”专科毕业
酒店管理（中美合作）
计算机电子科学与技术
计算机硬件维护和应用
机电设备管理与维修
计算机信息管理专业
信息管理和信息系统
地球探测与信息技术
汽车技术服务与营销
商务管理-酒店管理
工商管理(MBA)
电力电子与电力传动
饭店总经理岗位培训
导演，广播电视编导
公共管理兼工商管理
机械制造工艺与设备
电子工程 学士学位
企业人力资源管理师
法律服务（经济法）
旅游服务与酒店管理
人力资源高级管理师
计算机多媒体与技术
组织与人力资源管理
内燃机车驾驶与维修
空乘服务于涉外管理
Logistics
市场营销和酒店管理
语文，数学
数控设备应用与维护
比较文学与世界文学
医学美容(4年制)
战略管理、运营管理
人力资源高级研修班
旅游管理-流程設計
工商管理/电子商务
连锁酒店店长资格证
涉外文秘与公共关系
法律硕士(劳动法)
经济学（中美合作）
酒店j经营管理专业
软件开发 信息工程
房地产经济开发专业
计算机信息安全技术
酒店管理，酒店营销
Marketing
涉外酒店管理与导游
软件开发与项目管理
旅游与饭店管理专业
国际酒店及旅游管理
中式烹饪师（技师）
中式烹调师（高级）
涉农项目规划与管理
旅游(含酒店管理)
Economics
工学部智能机械学科
动物营养与饲料工程
海洋信息探测与处理
管理技能,业务技能
工商管理类物流管理
高级系统设计及软件
国际旅游及酒店管理
计算机商务信息管理
信息系统与信息管理
酒店管理、酒店英语
计算机与多媒体技术
计算机科学与技术类
电子通信自控技术类
Wine make
商务管理和经融管理
软件工程/应用英语
企业财务与投资管理
旅游经济与酒店管理
世界经济系国际金融
平面设计，市场营销
行政管理 公共管理
商业和计算机双学位
微电子专业工程硕士
计算机应用专业硕士
供热通风与空调工程
中国现当代文学专业
户外拓展优秀毕业生
机械制造及其自动化
环境监测与治理技术
java软件工程师
无线电整机电子专业
工商管理 学士学位
市场营销与经济管理
电子科学与技术专业
刑事侦查技术/法律
国际管理和市场营销
旅游管理-酒店方向
经济管理/电脑文秘
计算机网络应用技术
Francaise
生物与环境工艺工程
楼宇智能化工程技术
Accouting
Technical
信息管理与信息技术
产品包装与造型设计
航空 机械设备维修
我的专业是软件工程
数控设备与技术维修
计算机科学与就技术
计算机电子音像技术
船舶设计与海洋工程
旅游管理与市场营销
酒店管理和金融管理
计算机系 网络工程
战略咨询与数字营销
旅游与酒店管理专业
电脑艺术设计与制作
国际金融-市场管理
旅游管理与开发专业
经济管理类旅游专业
国际旅游和酒店管理
旅游管理与酒店管理
电话营销管理与技巧
义务教育 | 初中
酒店管理/商务英语
控制理论与控制工程
纺织品装饰艺术设计
国际经济与贸易专业
交通运输规划与管理
珠宝鉴赏与营销管理
计算软件科学与应用
中式烹调师高级技师
西餐烹饪工艺与营养
计算机信科学与技术
交通信息工程及控制
会计（注册会计师）
道路与桥梁施工技术
食品低温物流及保鲜
装备操作手（炮兵）
计算机类-网络工程
服装设计与连锁经营
空乘预科及外事服务
Android开发
培训经历（间段性）
烹饪与营养酒店管理
計算機科學與技術
工学部交换留学生
计算机信息与管理
计算机技术及应用
多媒体与网络技术
计算机应用与技术
计算机软件及应用
图书馆学和档案学
人力资源管理专业
计算机科学及应用
计算机技术与科学
Computer
日本语及人文学科
播音，主持，录音
哲学（含伦理学）
英语专业（自考）
电力系统及自动化
产品服务体系设计
企业（财务）管理
电子工程与自动化
java软件开发
经济学（双学位）
国际航运业务管理
旅游饭店管理专业
计算机软件与理论
超媒体平面专项班
采购与供应链管理
Commerce
旅游管理酒店方向
工民建和工程预算
法学专业（自考）
嵌入式技术与应用
涉外企业经营管理
人力资源管理研究
电子信息技术专业
电子信息工程专业
发展与教育心理学
计算机科技与技术
国际学术交流课程
软件与服务外包系
企业系统工程管理
国际经济法&英语
航空电子设备维修
航空机电设备维修
国际人力资源管理
交通运输 获A照
城市轨道交通控制
计算机应用与维护
艺术设计（摄影）
船舶与轮机工程系
食品[面包糕点]
宾馆（酒店）管理
信息安全技术专业
三维游戏角色设计
文化事业管理专业
CAD初级操作员
电工高压运行证书
电工低压运行证书
计算机应用与管理
新闻传播与广告学
营养与食品卫生学
信息处理及自动化
文史双学位实验班
体育教育和经济学
工商行政管理专业
中式烹调高级技师
欧洲亚洲工商管理
工商管理(成教)
计算机应用与基础
网络与多媒体技术
宾馆管理旅游管理
物流与供应链管理
高端酒店管理专业
食品药品监督管理
酒店管理（日语）
机械制造与自动化
外商投资企业管理
软件开发（IT）
自动化 控制工程
计算机信息管理系
MBA（研究方向
房地产经营与管理
酒店管理旅游管理
计算机软件与科学
宝石与材料工艺学
计算机科学和技术
英语、数学、商科
工业企业管理专业
软件学院/数据库
外国语学院 日语
business
计算机软件与应用
计算机多媒体技术
中英合作金融管理
英语（辅修学位）
影像新闻传播专业
（信息）系统工程
服装生产质量品控
国际酒店管理专业
饭店与度假村管理
Japanese
酒店旅游商务管理
Pharmacy
计算机技术及网络
语文 数学 英语
javase开发
民航安全技术管理
国际旅游酒店管理
计算机初，中级。
供应链管理与物流
计算机技术与应用
计算机科学与应用
软件工程相关专业
中文系汉语言专业
软件工程java
九年义务普及教育
旅游（酒店）管理
军地两用人才管理
嵌入式计算机网络
酒店及娱乐业管理
信息与计算机科学
计算机操作与应用
从事弱电行业7年
PFBM餐饮经理
计算机网络技术
高级计算机科学
计算机软件技术
化工设备及制造
计算机应用技术
药学信息管理学
服装专业、厨房
数控技术与应用
模具设计与制造
计算机网络工程
计算机辅助教学
文秘办公自动化
动漫设计与制作
计算机信息管理
系统分析与集成
汽车检测与维修
酒店与旅游管理
化学与环境工程
生物科学，技术
旅游服务与管理
宝石鉴定与加工
ios软件开发
電機工程研究所
低压电工操作证
信息与控制工程
机械制造及工艺
旅游与酒店管理
饭店管理研讨班
投资财务与信用
生产过程自动化
酒店经营与管理
中级会计师职称
酒店营销与管理
计算机控制技术
酒店服务及管理
旅游与饭店管理
旅游/酒店管理
计算机通信工程
人力资源法务师
人力资源管理师
西餐西点大文凭
机电一体化专业
工业与民用建筑
计算机软件开发
计算机系统维护
邮轮管理与服务
报关与国际货运
饭店服务与管理
English
西餐烹饪及管理
心理健康与教育
宾馆/酒店管理
烹饪工艺与营业
Finance
初中/高中教育
食品工艺与检测
Chinese
宾馆服务与管理
酒店管理与服务
汉语言文学教育
电气自动化技术
工业电气自动化
教育经济与管理
酒店服务与管理
高分子材料工程
英语系英语专业
上海市澄衷中学
电气自动化专业
绘画，艺术设计
纺织技术与染化
cooking
金属材料及工艺
商业资讯和IT
计算机科学技术
财务会计/高中
语言、文化交流
嵌入式系统开发
计算机及其应用
廣播電視新聞學
社区管理与服务
高级烹饪师考证
计算机平面设计
船舶建造与修理
烹饪与餐饮管理
层建制酒店管理
德语，饭店管理
烹饪工艺与营养
会展策划与管理
会展策划与设计
Germany
服装及平面模特
外商投资与管理
电梯安装与维护
高级公共营养师
水文水资源工程
焊接工艺与设备
工业分析与检验
经济与行政管理
全日制义务教育
计算机财务会计
新能源发电技术
财务与企业管理
计算机控制专业
邮轮服务与管理
国际关系与政治
城市规划与管理
马克思主义哲学
社会工作与管理
通信与信息系统
采购与供应管理
金融管理与实物
商务贸易/零售
汽车制造与维修
国际金融与会计
新闻与大众传播
机械设计与制造
旅游酒店与管理
08烹饪与管理
信息管理与应用
外事服务与管理
职业经理人证书
烹饪系烹饪专业
多媒体艺术设计
宾馆管理和旅游
建筑设备与工程
取得国家经济师
计算机信息工程
中级制冷维修工
会展服务与管理
市场营销与开发
港口物流与管理
国际贸易与报关
环境监测与治理
建筑技术与经济
机电系数控专业
建筑装饰与技术
统计学+会计学
国际货运与报关
history
法餐与法式甜点
酒店和餐饮管理
电影与话语分析
计算机管理专业
涉外事务与管理
java程序员
航空勤务与导游
时尚设计与传播
商务外交与英语
计算机技术应用
焊接设备与工艺
计算机网络运维
政府公关与传播
导游与旅游管理
化工设备与机械
广告设计与制作
运筹学与控制论
矿物学与材料学
新闻系、mba
计算机应用专业
工商管理MBA
计算机软件工程
酒店和商务英语
财会与经营管理
一级注册建造师
广告制作与传播
软件工程嵌入式
电子工艺与管理
翻译与双语传播
Nursing
宪法与行政法学
制冷与低温技术
日语及日本文化
机电一体化工程
机电一体化技术
Tourism
软件测试工程师
経営学 MBA
过程装备与控制
磨具设计与制造
linux运维
无线电通讯设备
社工工作与管理
劳动和社会保障
客房服务与管理
企业与行政管理
珠宝鉴定与营销
工商管理-物流
集装箱运输管理
ITSEO学员
新能源应用技术
IT软件工程师
嵌入式软件开发
冶金科学与工程
电子技术与应用
新闻学院传播学
仪器科学与技术
园林设计与管理
广告管理与经营
物流和运营管理
Biology
酒店观光经营学
计算机软件应用
计算机辅助设计
品牌管理与传播
汉语言文学专业
物流和项目管理
3+3旅游英语
烹饪与营养保健
计算机软件编程
建筑施工与管理
质量检查与控制
i国际酒店管理
经济信息管理
信息安全专业
计算机及应用
旅游酒店管理
机器人研究所
应用电子技术
工商管理硕士
网络系统管理
应用地球物理
室内装潢设计
软件理学硕士
汽车运用技术
工业产品设计
西点工艺专业
国际会计专业
策略市场管理
管理工程专业
经济管理管理
财政税收专业
职业技术教育
工商企业管理
数学、计算机
旅游宾馆管理
软件工程专业
酒店运作管理
涉外服务专业
高级酒店管理
工业设计工程
餐旅企业管理
会计学专升本
国际金融贸易
会计信息系统
川菜酒店管理
酒店管理专业
医药商品营销
行政管理专业
生物制药工程
涉外会计专业
国际工商管理
行政商务管理
包装工程专业
建筑物消防员
服装制作设计
文化课、体育
人物形象设计
酒店管理英语
全球战略管理
国际酒店管理
康复工程技术
工商管理专业
电子技术制造
英语语言文学
机制（保送）
人力资源专业
经济/金融学
现代酒店管理
宾馆经营管理
电子技术应用
机械加工专业
光学冷加工工
英语对外教育
design
机电技术应用
酒店经营学科
酒店宾馆管理
商务英语专业
工业企业管理
船舶电气技术
旅游饭店管理
铁道工程技术
饭店管理专业
工厂电气维修
中餐烹饪专业
广播电视新闻
人口与经济学
高级文学创作
酒店旅游管理
市场营销专业
计算机多媒体
经济安全管理
建筑环境设计
酒店餐饮管理
酒店管理服务
制冷及驾驶员
商业财会管理
三维动画设计
酒店英语应用
酒店运营管理
销售管理专业
移动通信技术
德语语言文学
酒店工程管理
食品商检专业
旅游管理专业
汽车运用工程
现代物流管理
IT项目管理
中西烹调技艺
信息安全工程
店长资格培训
建筑经济管理
工程造价管理
专门用途英语
商业研究证书
德语中高级班
商业经济管理
商业经营管理
制冷高级证书
制冷中级证书
国际旅游管理
旅游经济管理
安全工程管理
体育赛事运作
涉外事务管理
法学（英语）
楼宇电器管理
目前高中毕业
统计（精算）
应用电子专业
图书信息管理
商业企业管理
交通安全工程
现代办公管理
软件外包服务
环境艺术设计
电脑信息系统
酒店经营管理
建筑装饰技术
物流管理专业
建筑工程管理
高级英语课程
电子商务专业
食品加工工艺
建筑工程技术
新闻传播学类
电视节目制作
科学与计算机
宾馆酒店管理
医疗美容技术
涉外文化专业
环境情报商务
影像音响专业
宾馆服务管理
旅游管理复合
食品營養工程
西点制作专业
短期英语课程
国际商务谈判
戏剧影视美术
装饰艺术设计
英语语言文化
教育类 英语
经营 外国语
英语（旅游）
文化艺术管理
酒店企业管理
日语（翻译）
上海消防学校
在校复读高中
金融+计算机
产品造型设计
涉外酒店管理
航运物流管理
图形图像制作
国际商务英语
日语语言文化
厨师/烹饪类
烹饪工艺专业
西式面点专业
国际商务管理
会计（副修）
机械电子技术
英美语言文学
旅游和服务业
中式烹调专业
软件服务外包
CCNA证书
健康心理教育
java编程
市场营销管理
中西面点工艺
8年驾驶经验
建筑工程专业
酒店管理烹饪
国际会议传译
电脑游戏设计
商业财务会计
观光事业学系
国际市场营销
电子信息技术
Java开发
酒店财务管理
营养学与烹饪
调酒师咖啡师
计算机应用
结构生物学
计算机通信
会计与统计
计算机科学
计算机网络
机电一体化
戏剧，表演
日语 在读
社会经济学
物理、化学
产业经济学
ios开发
软件工程师
政治 历史
摄影，动画
化学基地班
劳动经济学
資訊工程系
物理学教育
数理统计系
语言文学类
计算机工程
办公自动化
工业自动化
会计上岗证
注册会计师
会计电算化
经济管理学
计划与统计
职业经理人
哲学，英语
多媒体设计
计算机技术
酒店管理系
国际经济法
无线电通讯
音乐，作曲
西式面点师
中西式点心
电子真空学
烹饪/厨师
道路与桥梁
世界经济系
楼宇智能化
植物保护学
档案管理学
中西餐厨师
木工，装潢
电气自动化
店长培训班
无线电技术
进出口贸易
剑桥O水准
新闻与传播
弱电工程师
英语、法语
计算机财务
计算机信息
行政管理学
生物工程系
播音与主持
传媒与艺术
中式烹调师
计算机控制
一级烹调师
生物学教育
烹饪与营养
西班牙语系
新闻与传媒
计算机财会
自动化仪表
艺术广告类
会计与审计
全日制高中
房地产营销
财务会计学
电子计算机
婚礼主持人
音视频技术
营销与管理
入学准备班
室内外设计
区域经济学
3G互联网
经济法专业
经济与管理
会计和统计
酒店与管理
英语、德语
化学工程类
信息工程系
公关文秘类
高级经营师
餐饮 烹饪
财会电算化
人文地理学
交换留学生
嵌入式系统
专业厨师长
高级营养师
市场营销学
高级级厨师
二级烹调师
烹饪与服务
中文、广告
经济信息学
动力电气类
硅酸盐工程
会计与金融
语文，数学
中级会计师
奢侈品传媒
软件与应用
国际管理学
酒店管理学
供应链管理
数学与管理
无线电物理
TESOL
交通运输类
园艺驾驶员
二级建造师
工商管理类
营养与烹饪
社会人类学
英语及商务
二级锅炉证
跨文化研究
武术/散打
在校读高中
在校读初中
商贸旅游系
PHP编程
金融经济学
统计及精算
纺织品设计
移动云计算
中韩多媒体
自动化技术
经营经济学
西餐/中餐
应用经济学
理工农医类
口笔译专业
义务服兵役
军事体育类
中级调酒师
西餐与面点
文字录入员
软件开发
软件设计
机械制造
企业管理
饭店管理
软件技术
生物化学
技术管理
旅游英语
计算管理
软件学院
商务管理
服装设计
外贸英语
系统工程
国际贸易
建筑工程
中学全科
计算数学
民航商务
网络技术
环境化学
国际金融
高级中学
劳动经济
信息管理
人力资源
涉外会计
电子技术
文科专业
财政金融
普师教育
英语翻译
中国烹饪
普通高中
整合营销
职业技校
观光学科
世界经济
社会医学
经济管理
烹饪专业
零售管理
空中乘务
应用英语
涉外文秘
现代物流
税务事务
餐饮管理
物理学类
营销管理
商科学士
财务会计
会计专业
物理化学
文秘专业
工商财会
教育学类
计算机类
公共关系
国际会计
服役军人
销售管理
一级士官
商务外语
高中理科
音乐教育
物资贸易
教育管理
涉外文化
炮兵指挥
管理工程
实用英语
金融证券
外語観光
软件研发
商业管理
商務英語
通信技术
英语口译
其它外语
宾馆服务
法律实务
工程测量
宾馆管理
航空服务
餐厅管理
音乐艺术
MICE
涉外英语
初中课程
服务管理
房产销售
旅游日语
旅游职校
程序设计
文化知识
英语文秘
英语教育
涉外旅游
旅游德语
西餐工艺
金融管理
硕士预科
语言课程
安卓开发
生命科学
装潢设计
退役军人
油漆技工
心理学类
土地金融
财务专业
材料工程
商业会计
经济地理
技术经济
精细化工
应用概率
创业培训
经贸管理
初中毕业
财务中专
生物教育
烹饪行业
品牌管理
高中辍学
金属物理
英语商务
民政管理
临床诊断
运动休闲
军事管理
宾馆旅游
社区管理
国际关系
综合管理
广告设计
应用数学
平面设计
大学预科
百货营销
数控技术
商务日语
徐聞中學
科技日语
区域规划
机械电子
教育技术
劳动管理
建筑漫游
水产科学
软件测试
广告专业
经贸外语
商贸英语
应用外语
西点制作
法律本科
航空乘务
司法文秘
小学教师
信息技术
部队服役
韩语研究
学习专业
室内设计
酒店英语
拉面师傅
装横设计
景观设计
继续教院
计算机系
高中课程
中西面点
艺术管理
新闻传媒
公共营养
业余高中
IMBA
中西点师
宾馆酒店
烹饪学习
餐旅管理
社会保障
EMBA
基础教育
法律事务
环境艺术
中式烹调
没有专业
畜牧兽医
理科综合
出版印刷
金融专业
公关关系
无机化学
化工工艺
影视模特
形象设计
高级护理
公共政策
现代文员
高中毕业
A1驾照
会专管理
机械设计
航空安检
药品营销
西点专业
财会金融
英语专业
英美文学
全科医学
会展管理
经济工程
机械加工
轮机管理
电力电子
日语教育
船舶修造
西餐烹饪
消防管理
烹饪美事
南京普高
外事服务
自然地理
电脑软件
金融期货
本英研韩
航天工程
摄影动画
法律服务
图文信息
文艺管理
会计管理
经济学类
专业名称
金融事务
应用电子
中式点心
化学教育
技术采购
德语翻译
电脑科技
投资理财
生物医学
物理地理
应用日语
能源电子
外贸日语
英文教育
船舶电器
国际经济
中餐烹饪
自动控制
投资经济
经贸英语
资讯传播
自学德语
国际经贸
涉外经营
教改专业
电子仪器
弱点电工
中文教育
数理统计
商务德语
心理咨询
航空液压
西式烹饪
软件外包
机织工程
建筑设计
工业会计
美术设计
林业管理
管理学院
日本料理
基础学科
安全技术
法律硕士
园林设计
西拔牙语
商科预科
影视动画
机电工程
司机c1
食品工程
英德双语
国际管理
竞技体育
电子应用
机械专业
经营管理
美容美发
数码艺术
钢琴调律
全球传播
社区医学
英语笔译
英语师范
机织工艺
电子电工
洗衣技师
司法警务
普通统招
法务会计
武术表演
法律文秘
金融方向
重点高中
义务教育
工商企业
保安专业
cook
办公文员
新闻传播
家政服务
酒店厨师
建筑管理
媒体营销
日语研修
出国培训
旅游经济
中餐厨师
航空文秘
空服旅游
学科教育
汽车维修
视觉传达
空服专业
酒店餐饮
理科为主
医学文秘
西点工艺
职业司机
培训英文
观光农业
发酵工程
烹饪营养
应用法语
花式调酒
网络应用
语言学习
退伍军人
菜品研发
法律英语
旅游服务
电子工程
国际航运
在校学生
电子政务
汽车检修
工业外贸
餐饮服务
应用化工
数控机床
旅游专业
电子真空
日语文秘
基础学习
文史科学
汽车工程
动漫设计
中式面点
烘焙西点
涉外法律
烹饪点心
教育文化
商品检验
烹饪西餐
电子数控
旅游商贸
财经金融
涉外公关
基础类
MBA
管理类
数学系
烹饪师
印刷类
经济法
省重点
理科类
药剂学
理财学
健美操
ESL
语言类
数理化
西点班
全日制
會計系
英语系
民商法
数学类
行政学
面点师
理科生
烹调师
教育类
文化课
政治类
建筑系
工民建
机械类
外语类
武器类
助产士
旅游业
义务制
艺术系
财会学
财会类
日本语
微电子
理工类
电工类
驾驶员
中西餐
CPA
理工科
警卫连
ios
语数英
拉面师
救生员
艺术生
ＭＢＡ
法学院
法学类
海商法
软件系
金融學
外国语
采购系
文科班
合同法
跆拳道
体育生
白电器
文史类
摄影师
药剂科
日韩语
电信学
艺术类
LAW
油画系
轻工类
语文学
技工类
美术
物理
机电
文科
高中
初中
电子
会计
厨师
中文
法律
车厂
统计
教育
数控
焊接
烹饪
电工
文秘
律师
教师
驾驶
理科
旅游
理工
化工
广告
服役
物流
司机
电焊
政治
金融
语言
商学
外语
文化
食品
军人
保洁
排版
散打
林业
舞蹈
销售
调酒
拉面
留学
暖通
微软
管理
环保
体育
师范
普高
西点
版画
财税
财务
中餐
预审
全科
餐饮
网络
宾服
生化
新闻
物业
职高
照相
文理
商贸
物生
农业
印刷
财会
韩语
护理
语文
电钳
设计
企管
艺术
地理
汽车
学校
国贸
普中
学员
面点
茶艺
服装
电脑
营养
主厨
果树
点心
模具
外贸
文系